Archive member included because of file (symbol)

/home/halcyon/Desktop/src/mobile/devkit/devkitPro/libnds/lib/libdswifi9.a(sgIP_DNS.o)
                              template.o (inet_ntoa)
/home/halcyon/Desktop/src/mobile/devkit/devkitPro/libnds/lib/libdswifi9.a(sgIP_Hub.o)
                              /home/halcyon/Desktop/src/mobile/devkit/devkitPro/libnds/lib/libdswifi9.a(sgIP_DNS.o) (sgIP_Hub_GetDefaultInterface)
/home/halcyon/Desktop/src/mobile/devkit/devkitPro/libnds/lib/libdswifi9.a(sgIP_memblock.o)
                              /home/halcyon/Desktop/src/mobile/devkit/devkitPro/libnds/lib/libdswifi9.a(sgIP_Hub.o) (sgIP_memblock_exposeheader)
/home/halcyon/Desktop/src/mobile/devkit/devkitPro/libnds/lib/libdswifi9.a(sgIP_sockets.o)
                              template.o (gethostbyname)
/home/halcyon/Desktop/src/mobile/devkit/devkitPro/libnds/lib/libdswifi9.a(wifi_arm9.o)
                              /home/halcyon/Desktop/src/mobile/devkit/devkitPro/libnds/lib/libdswifi9.a(sgIP_DNS.o) (sgIP_IntrWaitEvent)
/home/halcyon/Desktop/src/mobile/devkit/devkitPro/libnds/lib/libdswifi9.a(spinlock.o)
                              /home/halcyon/Desktop/src/mobile/devkit/devkitPro/libnds/lib/libdswifi9.a(wifi_arm9.o) (SLasm_Acquire)
/home/halcyon/Desktop/src/mobile/devkit/devkitPro/libnds/lib/libdswifi9.a(sgIP.o)
                              /home/halcyon/Desktop/src/mobile/devkit/devkitPro/libnds/lib/libdswifi9.a(wifi_arm9.o) (sgIP_Timer)
/home/halcyon/Desktop/src/mobile/devkit/devkitPro/libnds/lib/libdswifi9.a(sgIP_ARP.o)
                              /home/halcyon/Desktop/src/mobile/devkit/devkitPro/libnds/lib/libdswifi9.a(sgIP.o) (sgIP_ARP_Init)
/home/halcyon/Desktop/src/mobile/devkit/devkitPro/libnds/lib/libdswifi9.a(sgIP_DHCP.o)
                              /home/halcyon/Desktop/src/mobile/devkit/devkitPro/libnds/lib/libdswifi9.a(wifi_arm9.o) (gethostname)
/home/halcyon/Desktop/src/mobile/devkit/devkitPro/libnds/lib/libdswifi9.a(sgIP_IP.o)
                              /home/halcyon/Desktop/src/mobile/devkit/devkitPro/libnds/lib/libdswifi9.a(sgIP.o) (sgIP_IP_ReceivePacket)
/home/halcyon/Desktop/src/mobile/devkit/devkitPro/libnds/lib/libdswifi9.a(sgIP_TCP.o)
                              /home/halcyon/Desktop/src/mobile/devkit/devkitPro/libnds/lib/libdswifi9.a(sgIP.o) (sgIP_TCP_Init)
/home/halcyon/Desktop/src/mobile/devkit/devkitPro/libnds/lib/libdswifi9.a(sgIP_UDP.o)
                              /home/halcyon/Desktop/src/mobile/devkit/devkitPro/libnds/lib/libdswifi9.a(sgIP.o) (sgIP_UDP_Init)
/home/halcyon/Desktop/src/mobile/devkit/devkitPro/libnds/lib/libdswifi9.a(sgIP_ICMP.o)
                              /home/halcyon/Desktop/src/mobile/devkit/devkitPro/libnds/lib/libdswifi9.a(sgIP_IP.o) (sgIP_ICMP_ReceivePacket)
/home/halcyon/Desktop/src/mobile/devkit/devkitPro/libnds/lib/libnds9.a(console.o)
                              template.o (consoleDemoInit)
/home/halcyon/Desktop/src/mobile/devkit/devkitPro/libnds/lib/libnds9.a(keyboard.o)
                              template.o (keyboardDemoInit)
/home/halcyon/Desktop/src/mobile/devkit/devkitPro/libnds/lib/libnds9.a(keys.o)
                              template.o (scanKeys)
/home/halcyon/Desktop/src/mobile/devkit/devkitPro/libnds/lib/libnds9.a(touch.o)
                              /home/halcyon/Desktop/src/mobile/devkit/devkitPro/libnds/lib/libnds9.a(keyboard.o) (touchRead)
/home/halcyon/Desktop/src/mobile/devkit/devkitPro/libnds/lib/libnds9.a(initSystem.o)
                              /home/halcyon/Desktop/src/mobile/devkit/devkitPro/devkitARM/bin/../lib/gcc/arm-eabi/4.5.0/../../../../arm-eabi/lib/thumb/ds_arm9_crt0.o (initSystem)
/home/halcyon/Desktop/src/mobile/devkit/devkitPro/libnds/lib/libnds9.a(fifosystem.o)
                              /home/halcyon/Desktop/src/mobile/devkit/devkitPro/libnds/lib/libdswifi9.a(wifi_arm9.o) (fifoSendAddress)
/home/halcyon/Desktop/src/mobile/devkit/devkitPro/libnds/lib/libnds9.a(interrupts.o)
                              /home/halcyon/Desktop/src/mobile/devkit/devkitPro/libnds/lib/libdswifi9.a(wifi_arm9.o) (irqSet)
/home/halcyon/Desktop/src/mobile/devkit/devkitPro/libnds/lib/libnds9.a(libnds_exit.o)
                              /home/halcyon/Desktop/src/mobile/devkit/devkitPro/devkitARM/bin/../lib/gcc/arm-eabi/4.5.0/../../../../arm-eabi/lib/thumb/ds_arm9_crt0.o (__libnds_exit)
/home/halcyon/Desktop/src/mobile/devkit/devkitPro/libnds/lib/libnds9.a(dcache.o)
                              /home/halcyon/Desktop/src/mobile/devkit/devkitPro/libnds/lib/libdswifi9.a(wifi_arm9.o) (DC_FlushAll)
/home/halcyon/Desktop/src/mobile/devkit/devkitPro/libnds/lib/libnds9.a(mpu_setup.o)
                              /home/halcyon/Desktop/src/mobile/devkit/devkitPro/devkitARM/bin/../lib/gcc/arm-eabi/4.5.0/../../../../arm-eabi/lib/thumb/ds_arm9_crt0.o (__libnds_mpu_setup)
/home/halcyon/Desktop/src/mobile/devkit/devkitPro/libnds/lib/libnds9.a(biosCalls.o)
[...]
Memory Configuration

Name             Origin             Length             Attributes
rom              0x0000000008000000 0x0000000002000000
ewram            0x0000000002000000 0x00000000003ff000
dtcm             0x000000000b000000 0x0000000000004000
vectors          0x0000000001000000 0x0000000000000100
itcm             0x0000000001000100 0x0000000000007f00
*default*        0x0000000000000000 0xffffffffffffffff

Linker script and memory map

                0x0000000001000000                __vectors_start = 0x1000000
                0x0000000001000100                __itcm_start = 0x1000100
                0x00000000023ff000                __ewram_end = 0x23ff000
                0x00000000023ff000                __eheap_end = 0x23ff000
                0x000000000b000000                __dtcm_start = 0xb000000
                0x000000000b004000                __dtcm_top = 0xb004000
                0x000000000b003ff8                __irq_flags = (__dtcm_top - 0x8)
                0x000000000b003ffc                __irq_vector = (__dtcm_top - 0x4)
                0x000000000b003f00                __sp_svc = (__dtcm_top - 0x100)
                0x000000000b003e00                __sp_irq = (__sp_svc - 0x100)
                0x000000000b003d00                __sp_usr = (__sp_irq - 0x100)

.init           0x0000000002000000      0x23c
                0x0000000002000000                __text_start = .
 *(.init)
 .init          0x0000000002000000      0x230 /home/halcyon/Desktop/src/mobile/devkit/devkitPro/devkitARM/bin/../lib/gcc/arm-eabi/4.5.0/../../../../arm-eabi/lib/thumb/ds_arm9_crt0.o
                0x0000000002000000                _start
 .init          0x0000000002000230        0x4 /home/halcyon/Desktop/src/mobile/devkit/devkitPro/devkitARM/bin/../lib/gcc/arm-eabi/4.5.0/thumb/crti.o
                0x0000000002000230                _init
 .init          0x0000000002000234        0x8 /home/halcyon/Desktop/src/mobile/devkit/devkitPro/devkitARM/bin/../lib/gcc/arm-eabi/4.5.0/thumb/crtn.o
                0x000000000200023c                . = ALIGN (0x4)

.plt
 *(.plt)

.text           0x0000000002000240    0x15840
 *(EXCLUDE_FILE(*.itcm*) .text)
 .text          0x0000000002000240        0x0 /home/halcyon/Desktop/src/mobile/devkit/devkitPro/devkitARM/bin/../lib/gcc/arm-eabi/4.5.0/../../../../arm-eabi/lib/thumb/ds_arm9_crt0.o
 .text          0x0000000002000240        0x0 /home/halcyon/Desktop/src/mobile/devkit/devkitPro/devkitARM/bin/../lib/gcc/arm-eabi/4.5.0/thumb/crti.o
 .text          0x0000000002000240       0x6c /home/halcyon/Desktop/src/mobile/devkit/devkitPro/devkitARM/bin/../lib/gcc/arm-eabi/4.5.0/thumb/crtbegin.o
 .text          0x00000000020002ac      0x240 template.o
                0x00000000020002ac                keyPressed
                0x00000000020002c0                findAP
                0x00000000020003c0                main
 .text          0x00000000020004ec      0xaac /home/halcyon/Desktop/src/mobile/devkit/devkitPro/libnds/lib/libdswifi9.a(sgIP_DNS.o)
                0x00000000020004ec                sgIP_DNS_Init
                0x0000000002000524                sgIP_DNS_Timer1000ms
                0x0000000002000570                sgIP_DNS_FindDNSRecord
                0x00000000020006a4                sgIP_DNS_GetUnusedRecord
                0x00000000020007e0                sgIP_DNS_GenerateHostent
                0x00000000020008bc                sgIP_DNS_CopyAliasAt
                0x0000000002000920                inet_ntoa
                0x0000000002000930                sgIP_DNS_isipaddress
                0x0000000002000b44                inet_aton
                0x0000000002000b60                inet_addr
                0x0000000002000b7c                sgIP_DNS_gethostbyname
 .text          0x0000000002000f98      0x1f4 /home/halcyon/Desktop/src/mobile/devkit/devkitPro/libnds/lib/libdswifi9.a(sgIP_Hub.o)
                0x0000000002000f98                sgIP_Hub_Init
                0x0000000002000fac                sgIP_Hub_AddProtocolInterface
                0x0000000002000fe8                sgIP_Hub_AddHardwareInterface
                0x0000000002001024                sgIP_Hub_RemoveProtocolInterface
                0x0000000002001044                sgIP_Hub_RemoveHardwareInterface
                0x0000000002001064                sgIP_Hub_IPMaxMessageSize
                0x000000000200106c                sgIP_Hub_GetCompatibleIP
                0x0000000002001084                sgIP_Hub_GetDefaultInterface
                0x0000000002001098                htons
                0x00000000020010a4                htonl
                0x00000000020010c4                sgIP_Hub_SendRawPacket
                0x00000000020010e8                sgIP_Hub_SendProtocolPacket
                0x0000000002001130                sgIP_Hub_ReceiveHardwarePacket
 .text          0x000000000200118c      0x2d8 /home/halcyon/Desktop/src/mobile/devkit/devkitPro/libnds/lib/libdswifi9.a(sgIP_memblock.o)
                0x000000000200118c                sgIP_memblock_Init
                0x0000000002001190                sgIP_memblock_exposeheader
                0x00000000020011c0                sgIP_memblock_IPChecksum
                0x00000000020012e0                sgIP_memblock_CopyBlock
                0x00000000020012e4                sgIP_memblock_CopyFromLinear
                0x0000000002001358                sgIP_memblock_CopyToLinear
                0x00000000020013cc                sgIP_memblock_free
                0x00000000020013f8                sgIP_memblock_trimsize
                0x0000000002001434                sgIP_memblock_allocHW
                0x0000000002001458                sgIP_memblock_alloc
 .text          0x0000000002001464      0xbb4 /home/halcyon/Desktop/src/mobile/devkit/devkitPro/libnds/lib/libdswifi9.a(sgIP_sockets.o)
                0x0000000002001464                sgIP_sockets_Init
                0x0000000002001484                setsockopt
                0x0000000002001488                getsockopt
                0x000000000200148c                select
                0x0000000002001750                gethostbyname
                0x0000000002001758                getsockname
                0x00000000020017f8                getpeername
                0x0000000002001884                ioctl
                0x0000000002001928                kill_socket
                0x0000000002001960                spawn_socket
                0x00000000020019b4                shutdown
                0x0000000002001a00                accept
                0x0000000002001ae0                listen
                0x0000000002001b30                recvfrom
                0x0000000002001c08                sendto
                0x0000000002001c78                recv
                0x0000000002001d20                send
                0x0000000002001dc8                connect
                0x0000000002001ed8                bind
                0x0000000002001f38                closesocket
                0x0000000002001f90                socket
 .text          0x0000000002002018     0x1560 /home/halcyon/Desktop/src/mobile/devkit/devkitPro/libnds/lib/libdswifi9.a(wifi_arm9.o)
                0x0000000002002018                sgIP_IntrWaitEvent
                0x000000000200201c                wHeapAlloc
                0x00000000020020e4                wHeapFree
                0x0000000002002104                sgIP_malloc
                0x000000000200210c                sgIP_free
                0x000000000200212c                ethhdr_print
                0x0000000002002130                erasemem
                0x0000000002002144                Wifi_CopyMacAddr
                0x0000000002002154                Wifi_CmpMacAddr
                0x0000000002002178                Wifi_TxBufferWordsAvailable
                0x000000000200219c                Wifi_TxBufferWrite
                0x0000000002002200                Wifi_RxRawReadPacket
                0x0000000002002270                Wifi_RxReadOffset
                0x000000000200229c                Wifi_RawTxFrame
                0x0000000002002404                Wifi_RawSetPacketHandler
                0x0000000002002410                Wifi_SetSyncHandler
                0x000000000200241c                Wifi_DisableWifi
                0x0000000002002438                Wifi_EnableWifi
                0x0000000002002454                Wifi_SetPromiscuousMode
                0x0000000002002484                Wifi_ScanMode
                0x00000000020024a0                Wifi_SetChannel
                0x00000000020024c8                Wifi_GetNumAP
                0x0000000002002500                Wifi_AutoConnect
                0x0000000002002528                Wifi_DisconnectAP
                0x0000000002002554                Wifi_Interface_Init
                0x000000000200259c                Wifi_CheckInit
                0x00000000020025c0                Wifi_GetIP
                0x00000000020025d8                Wifi_GetIPInfo
                0x0000000002002610                Wifi_SetDHCP
                0x0000000002002614                Wifi_GetStats
                0x0000000002002638                arm9_synctoarm7
                0x0000000002002644                Wifi_GetData
                0x00000000020026b0                Wifi_SetIP
                0x00000000020026d4                Wifi_Update
                0x00000000020029b8                Wifi_Sync
                0x00000000020029d4                wifiValue32Handler
                0x00000000020029e0                Wifi_Timer
                0x00000000020029f0                Timer_50ms
                0x00000000020029fc                Wifi_TransmitFunction
                0x0000000002002d58                Wifi_GetAPData
                0x0000000002002e0c                Wifi_FindMatchingAP
                0x0000000002002f4c                Wifi_AssocStatus
                0x00000000020032d8                Wifi_ConnectAP
                0x00000000020033f0                wHeapAllocInit
                0x0000000002003418                Wifi_Init
                0x00000000020034b0                Wifi_InitDefault
 .text          0x0000000002003578       0x5c /home/halcyon/Desktop/src/mobile/devkit/devkitPro/libnds/lib/libdswifi9.a(spinlock.o)
                0x0000000002003578                SLasm_Acquire
                0x00000000020035ac                SLasm_Release
 .text          0x00000000020035d4       0xa0 /home/halcyon/Desktop/src/mobile/devkit/devkitPro/libnds/lib/libdswifi9.a(sgIP.o)
                0x00000000020035d4                sgIP_Timer
                0x000000000200363c                sgIP_Init
 .text          0x0000000002003674      0x668 /home/halcyon/Desktop/src/mobile/devkit/devkitPro/libnds/lib/libdswifi9.a(sgIP_ARP.o)
                0x0000000002003674                sgIP_FindArpSlot
                0x00000000020036a8                sgIP_is_broadcast_address
                0x00000000020036b4                sgIP_ARP_Check_isok
                0x00000000020036b8                sgIP_ARP_Init
                0x00000000020036d8                sgIP_ARP_FlushInterface
                0x000000000200370c                sgIP_ARP_ProcessIPFrame
                0x0000000002003710                sgIP_ARP_SendARPRequest
                0x00000000020037f8                sgIP_ARP_SendGratARP
                0x00000000020038e0                sgIP_ARP_SendARPResponse
                0x00000000020039c0                sgIP_ARP_Timer100ms
                0x0000000002003a34                sgIP_GetArpSlot
                0x0000000002003a8c                sgIP_ARP_SendProtocolFrame
                0x0000000002003bc4                sgIP_ARP_ProcessARPFrame
 .text          0x0000000002003cdc      0x9f8 /home/halcyon/Desktop/src/mobile/devkit/devkitPro/libnds/lib/libdswifi9.a(sgIP_DHCP.o)
                0x0000000002003cdc                sgIP_DHCP_IsDhcpIp
                0x0000000002003cec                sethostname
                0x0000000002003d68                gethostname
                0x0000000002003da8                sgIP_DHCP_SetHostName
                0x0000000002003dc4                sgIP_DHCP_Terminate
                0x0000000002003dfc                sgIP_DHCP_BeginDgram
                0x0000000002004094                sgIP_DHCP_SendDgram
                0x0000000002004108                sgIP_DHCP_Update
                0x0000000002004598                sgIP_DHCP_Release
                0x00000000020045cc                sgIP_DHCP_Start
                0x000000000200468c                sgIP_DHCP_Init
 .text          0x00000000020046d4      0x140 /home/halcyon/Desktop/src/mobile/devkit/devkitPro/libnds/lib/libdswifi9.a(sgIP_IP.o)
                0x00000000020046d4                sgIP_IP_RequiredHeaderSize
                0x00000000020046d8                sgIP_IP_GetLocalBindAddr
                0x00000000020046e8                sgIP_IP_SendViaIP
                0x0000000002004774                sgIP_IP_MaxContentsSize
                0x0000000002004780                sgIP_IP_ReceivePacket
 .text          0x0000000002004814     0x1278 /home/halcyon/Desktop/src/mobile/devkit/devkitPro/libnds/lib/libdswifi9.a(sgIP_TCP.o)
                0x0000000002004814                sgIP_TCP_Init
                0x0000000002004848                sgIP_TCP_support_seqhash
                0x00000000020048a0                sgIP_TCP_GetUnusedOutgoingPort
                0x0000000002004908                sgIP_TCP_Bind
                0x0000000002004934                sgIP_TCP_Close
                0x0000000002004968                sgIP_TCP_Accept
                0x00000000020049e8                sgIP_TCP_Listen
                0x0000000002004a44                sgIP_TCP_AllocRecord
                0x0000000002004a90                sgIP_TCP_FreeRecord
                0x0000000002004b90                sgIP_TCP_GenHeader
                0x0000000002004c48                sgIP_TCP_FixChecksum
                0x0000000002004cb8                sgIP_TCP_SendSynReply
                0x0000000002004d64                sgIP_TCP_SendPacket
                0x0000000002004e54                sgIP_TCP_Recv
                0x0000000002004f40                sgIP_TCP_Send
                0x000000000200504c                sgIP_TCP_Connect
                0x000000000200513c                sgIP_TCP_Timer
                0x000000000200539c                sgIP_TCP_CalcChecksum
                0x00000000020053f8                sgIP_TCP_ReceivePacket
 .text          0x0000000002005a8c      0x460 /home/halcyon/Desktop/src/mobile/devkit/devkitPro/libnds/lib/libdswifi9.a(sgIP_UDP.o)
                0x0000000002005a8c                sgIP_UDP_Init
                0x0000000002005aa8                sgIP_UDP_GetUnusedOutgoingPort
                0x0000000002005b0c                sgIP_UDP_Bind
                0x0000000002005b48                sgIP_UDP_RecvFrom
                0x0000000002005c40                sgIP_UDP_FreeRecord
                0x0000000002005ca0                sgIP_UDP_AllocRecord
                0x0000000002005cd8                sgIP_UDP_CalcChecksum
                0x0000000002005d3c                sgIP_UDP_SendPacket
                0x0000000002005e30                sgIP_UDP_SendTo
                0x0000000002005e44                sgIP_UDP_ReceivePacket
 .text          0x0000000002005eec       0x68 /home/halcyon/Desktop/src/mobile/devkit/devkitPro/libnds/lib/libdswifi9.a(sgIP_ICMP.o)
                0x0000000002005eec                sgIP_ICMP_Init
                0x0000000002005ef0                sgIP_ICMP_ReceivePacket
 .text          0x0000000002005f54      0x9d4 /home/halcyon/Desktop/src/mobile/devkit/devkitPro/libnds/lib/libnds9.a(console.o)
                0x0000000002005fe8                nocash_write
                0x0000000002006014                consoleGetDefault
                0x0000000002006020                consoleSelect
                0x000000000200602c                consoleDebugInit
                0x0000000002006078                consolePrintChar
                0x0000000002006218                consoleLoadFont
                0x0000000002006498                consoleSetFont
                0x00000000020064b8                consoleInit
                0x0000000002006600                consoleDemoInit
                0x0000000002006644                con_write
                0x00000000020068f4                consoleClear
                0x0000000002006904                consoleSetWindow
 .text          0x0000000002006928      0x7b4 /home/halcyon/Desktop/src/mobile/devkit/devkitPro/libnds/lib/libnds9.a(keyboard.o)
                0x0000000002006928                keyboardGetKey
                0x0000000002006980                keyboardShiftState
                0x0000000002006a10                swapKeyGfx
                0x0000000002006b6c                keyboardUpdate
                0x0000000002006c80                keyboardGetDefault
                0x0000000002006c8c                keyboardInit
                0x0000000002006e70                keyboardDemoInit
                0x0000000002006e9c                keyboardShow
                0x0000000002006f68                keyboardHide
                0x0000000002006ff0                keyboardRead
                0x0000000002007088                keyboardGetChar
                0x00000000020070b4                keyboardGetString
 .text          0x00000000020070dc       0xf8 /home/halcyon/Desktop/src/mobile/devkit/devkitPro/libnds/lib/libnds9.a(keys.o)
                0x00000000020070dc                scanKeys
                0x000000000200714c                keysHeld
                0x0000000002007158                keysDown
                0x0000000002007168                keysDownRepeat
                0x0000000002007178                keysSetRepeat
                0x0000000002007190                keysUp
                0x00000000020071a0                keysCurrent
 .text          0x00000000020071d4       0x48 /home/halcyon/Desktop/src/mobile/devkit/devkitPro/libnds/lib/libnds9.a(touch.o)
                0x00000000020071d4                touchRead
                0x00000000020071fc                touchReadXY
 .text          0x000000000200721c      0x130 /home/halcyon/Desktop/src/mobile/devkit/devkitPro/libnds/lib/libnds9.a(initSystem.o)
                0x000000000200721c                initSystem
 .text          0x000000000200734c      0xc8c /home/halcyon/Desktop/src/mobile/devkit/devkitPro/libnds/lib/libnds9.a(fifosystem.o)
                0x00000000020075b0                fifoSendAddress
                0x00000000020075dc                fifoSendValue32
                0x000000000200761c                fifoSendDatamsg
                0x0000000002007688                fifoGetAddress
                0x00000000020076f8                fifoSetAddressHandler
                0x000000000200776c                fifoGetValue32
                0x00000000020077d8                fifoSetValue32Handler
                0x000000000200784c                fifoGetDatamsg
                0x0000000002007d00                fifoSetDatamsgHandler
                0x0000000002007d98                fifoCheckAddress
                0x0000000002007dbc                fifoCheckDatamsg
                0x0000000002007de0                fifoCheckValue32
                0x0000000002007e04                fifoInit
 .text          0x0000000002007fd8      0x1cc /home/halcyon/Desktop/src/mobile/devkit/devkitPro/libnds/lib/libnds9.a(interrupts.o)
                0x0000000002007fd8                irqDummy
                0x0000000002007fdc                irqSet
                0x0000000002008048                irqInit
                0x0000000002008094                irqInitHandler
                0x00000000020080c4                irqEnable
                0x0000000002008124                irqDisable
                0x0000000002008178                irqClear
 .text          0x00000000020081a4       0x40 /home/halcyon/Desktop/src/mobile/devkit/devkitPro/libnds/lib/libnds9.a(libnds_exit.o)
                0x00000000020081a4                systemErrorExit
                0x00000000020081a8                __libnds_exit
 .text          0x00000000020081e4       0x70 /home/halcyon/Desktop/src/mobile/devkit/devkitPro/libnds/lib/libnds9.a(dcache.o)
                0x00000000020081e4                DC_FlushAll
                0x0000000002008210                DC_FlushRange
                0x000000000200822c                DC_InvalidateAll
                0x0000000002008238                DC_InvalidateRange
 .text          0x0000000002008254      0x1b4 /home/halcyon/Desktop/src/mobile/devkit/devkitPro/libnds/lib/libnds9.a(mpu_setup.o)
                0x0000000002008254                __libnds_mpu_setup
                0x0000000002008394                memCached
                0x00000000020083ac                memUncached
 *fill*         0x0000000002008408        0x8 ff
 .text          0x0000000002008410       0x70 /home/halcyon/Desktop/src/mobile/devkit/devkitPro/libnds/lib/libnds9.a(biosCalls.o)
                0x0000000002008410                swiDelay
                0x0000000002008414                swiIntrWait
                0x0000000002008418                swiWaitForVBlank
                0x000000000200841c                swiSleep
                0x0000000002008420                swiChangeSoundBias
                0x0000000002008424                swiDivide
                0x0000000002008428                swiRemainder
                0x000000000200842e                swiDivMod
                0x000000000200843a                swiCopy
                0x000000000200843e                swiFastCopy
                0x0000000002008442                swiSqrt
                0x0000000002008446                swiCRC16
                0x000000000200844a                swiIsDebugger
                0x000000000200844e                swiUnpackBits
                0x0000000002008452                swiDecompressLZSSWram
                0x0000000002008456                swiDecompressLZSSVram
                0x000000000200845a                swiDecompressHuffman
                0x000000000200845e                swiDecompressRLEWram
                0x0000000002008462                swiDecompressRLEVram
                0x0000000002008466                swiWaitForIRQ
                0x000000000200846a                swiDecodeDelta8
                0x000000000200846e                swiDecodeDelta16
                0x0000000002008472                swiSetHaltCR
 .text          0x0000000002008480       0x98 /home/halcyon/Desktop/src/mobile/devkit/devkitPro/libnds/lib/libnds9.a(debugprint.o)
                0x0000000002008480                nocashMessage
 .text          0x0000000002008518        0x0 /home/halcyon/Desktop/src/mobile/devkit/devkitPro/libnds/lib/libnds9.a(interruptDispatcher.o)
 *fill*         0x0000000002008518        0x8 ff
 .text          0x0000000002008520       0x30 /home/halcyon/Desktop/src/mobile/devkit/devkitPro/libnds/lib/libnds9.a(swiSoftReset.o)
                0x0000000002008520                swiSoftReset
 .text          0x0000000002008550        0x0 /home/halcyon/Desktop/src/mobile/devkit/devkitPro/libnds/lib/libnds9.a(default_font.bin.o)
 .text          0x0000000002008550        0x0 /home/halcyon/Desktop/src/mobile/devkit/devkitPro/libnds/lib/libnds9.a(keyboardGfx.o)
 .text          0x0000000002008550      0x318 /home/halcyon/Desktop/src/mobile/devkit/devkitPro/libnds/lib/libnds9.a(background.o)
                0x0000000002008550                bgIsText
                0x000000000200855c                checkIfText
                0x00000000020085bc                bgUpdate
                0x00000000020086dc                bgInit_call
                0x00000000020087a0                bgInitSub_call
 .text          0x0000000002008868       0x84 /home/halcyon/Desktop/src/mobile/devkit/devkitPro/libnds/lib/libnds9.a(decompress.o)
                0x0000000002008868                getHeader
                0x000000000200886c                readByte
                0x0000000002008870                decompress
                0x00000000020088b0                decompressStream
 .text          0x00000000020088ec       0xd4 /home/halcyon/Desktop/src/mobile/devkit/devkitPro/libnds/lib/libnds9.a(system.o)
                0x00000000020088ec                systemMsgHandler
                0x0000000002008930                systemSleep
                0x0000000002008948                powerValueHandler
                0x0000000002008958                powerOn
                0x0000000002008984                powerOff
                0x00000000020089ac                ledBlink
 .text          0x00000000020089c0      0x214 /home/halcyon/Desktop/src/mobile/devkit/devkitPro/libnds/lib/libnds9.a(trig.o)
                0x00000000020089c0                arcSinComp
                0x00000000020089ec                sinLutLookup
                0x0000000002008a28                sinLerp
                0x0000000002008a50                cosLerp
                0x0000000002008a68                tanLutLookup
                0x0000000002008aa0                tanLerp
                0x0000000002008b3c                asinLerp
                0x0000000002008bbc                acosLerp
 .text          0x0000000002008bd4      0x11c /home/halcyon/Desktop/src/mobile/devkit/devkitPro/devkitARM/bin/../lib/gcc/arm-eabi/4.5.0/thumb/libgcc.a(_udivsi3.o)
                0x0000000002008bd4                __udivsi3
                0x0000000002008bd4                __aeabi_uidiv
                0x0000000002008cd0                __aeabi_uidivmod
 .text          0x0000000002008cf0      0x150 /home/halcyon/Desktop/src/mobile/devkit/devkitPro/devkitARM/bin/../lib/gcc/arm-eabi/4.5.0/thumb/libgcc.a(_divsi3.o)
                0x0000000002008cf0                __aeabi_idiv
                0x0000000002008cf0                __divsi3
                0x0000000002008e20                __aeabi_idivmod
 .text          0x0000000002008e40        0x4 /home/halcyon/Desktop/src/mobile/devkit/devkitPro/devkitARM/bin/../lib/gcc/arm-eabi/4.5.0/thumb/libgcc.a(_dvmd_tls.o)
                0x0000000002008e40                __aeabi_ldiv0
                0x0000000002008e40                __aeabi_idiv0
 .text          0x0000000002008e44       0x60 /home/halcyon/Desktop/src/mobile/devkit/devkitPro/devkitARM/bin/../lib/gcc/arm-eabi/4.5.0/../../../../arm-eabi/lib/thumb/libg.a(lib_a-bsearch.o)
                0x0000000002008e44                bsearch
 .text          0x0000000002008ea4        0xc /home/halcyon/Desktop/src/mobile/devkit/devkitPro/devkitARM/bin/../lib/gcc/arm-eabi/4.5.0/../../../../arm-eabi/lib/thumb/libg.a(lib_a-errno.o)
                0x0000000002008ea4                __errno
 .text          0x0000000002008eb0        0x0 /home/halcyon/Desktop/src/mobile/devkit/devkitPro/devkitARM/bin/../lib/gcc/arm-eabi/4.5.0/../../../../arm-eabi/lib/thumb/libg.a(lib_a-impure.o)
 .text          0x0000000002008eb0       0x88 /home/halcyon/Desktop/src/mobile/devkit/devkitPro/devkitARM/bin/../lib/gcc/arm-eabi/4.5.0/../../../../arm-eabi/lib/thumb/libg.a(lib_a-init.o)
                0x0000000002008eb0                __libc_init_array
                0x0000000002008f00                __libc_fini_array
 .text          0x0000000002008f38       0x40 /home/halcyon/Desktop/src/mobile/devkit/devkitPro/devkitARM/bin/../lib/gcc/arm-eabi/4.5.0/../../../../arm-eabi/lib/thumb/libg.a(lib_a-iprintf.o)
                0x0000000002008f38                iprintf
                0x0000000002008f5c                _iprintf_r
 .text          0x0000000002008f78       0x30 /home/halcyon/Desktop/src/mobile/devkit/devkitPro/devkitARM/bin/../lib/gcc/arm-eabi/4.5.0/../../../../arm-eabi/lib/thumb/libg.a(lib_a-malloc.o)
                0x0000000002008f78                malloc
                0x0000000002008f90                free
 .text          0x0000000002008fa8      0x518 /home/halcyon/Desktop/src/mobile/devkit/devkitPro/devkitARM/bin/../lib/gcc/arm-eabi/4.5.0/../../../../arm-eabi/lib/thumb/libg.a(lib_a-mallocr.o)
                0x0000000002008fa8                _malloc_r
 .text          0x00000000020094c0       0x84 /home/halcyon/Desktop/src/mobile/devkit/devkitPro/devkitARM/bin/../lib/gcc/arm-eabi/4.5.0/../../../../arm-eabi/lib/thumb/libg.a(lib_a-memcpy.o)
                0x00000000020094c0                memcpy
 .text          0x0000000002009544       0x94 /home/halcyon/Desktop/src/mobile/devkit/devkitPro/devkitARM/bin/../lib/gcc/arm-eabi/4.5.0/../../../../arm-eabi/lib/thumb/libg.a(lib_a-memset.o)
                0x0000000002009544                memset
 .text          0x00000000020095d8        0x8 /home/halcyon/Desktop/src/mobile/devkit/devkitPro/devkitARM/bin/../lib/gcc/arm-eabi/4.5.0/../../../../arm-eabi/lib/thumb/libg.a(lib_a-mlock.o)
                0x00000000020095d8                __malloc_lock
                0x00000000020095dc                __malloc_unlock
 .text          0x00000000020095e0       0x40 /home/halcyon/Desktop/src/mobile/devkit/devkitPro/devkitARM/bin/../lib/gcc/arm-eabi/4.5.0/../../../../arm-eabi/lib/thumb/libg.a(lib_a-scanf.o)
                0x00000000020095e0                scanf
                0x0000000002009604                _scanf_r
 .text          0x0000000002009620      0x114 /home/halcyon/Desktop/src/mobile/devkit/devkitPro/devkitARM/bin/../lib/gcc/arm-eabi/4.5.0/../../../../arm-eabi/lib/thumb/libg.a(lib_a-setvbuf.o)
                0x0000000002009620                setvbuf
 .text          0x0000000002009734       0xa0 /home/halcyon/Desktop/src/mobile/devkit/devkitPro/devkitARM/bin/../lib/gcc/arm-eabi/4.5.0/../../../../arm-eabi/lib/thumb/libg.a(lib_a-siscanf.o)
                0x0000000002009734                siscanf
                0x0000000002009784                _siscanf_r
 .text          0x00000000020097d4       0xac /home/halcyon/Desktop/src/mobile/devkit/devkitPro/devkitARM/bin/../lib/gcc/arm-eabi/4.5.0/../../../../arm-eabi/lib/thumb/libg.a(lib_a-stdio.o)
                0x00000000020097d4                __sread
                0x0000000002009800                __seofread
                0x0000000002009804                __swrite
                0x0000000002009840                __sseek
                0x0000000002009870                __sclose
 .text          0x0000000002009880       0x10 /home/halcyon/Desktop/src/mobile/devkit/devkitPro/devkitARM/bin/../lib/gcc/arm-eabi/4.5.0/../../../../arm-eabi/lib/thumb/libg.a(lib_a-strlen.o)
                0x0000000002009880                strlen
 .text          0x0000000002009890       0x6c /home/halcyon/Desktop/src/mobile/devkit/devkitPro/devkitARM/bin/../lib/gcc/arm-eabi/4.5.0/../../../../arm-eabi/lib/thumb/libg.a(lib_a-strncpy.o)
                0x0000000002009890                strncpy
 .text          0x00000000020098fc      0xae0 /home/halcyon/Desktop/src/mobile/devkit/devkitPro/devkitARM/bin/../lib/gcc/arm-eabi/4.5.0/../../../../arm-eabi/lib/thumb/libg.a(lib_a-svfiscanf.o)
                0x00000000020098fc                _sungetc_r
                0x0000000002009988                __ssrefill_r
                0x00000000020099cc                _sfread_r
                0x0000000002009a60                __ssvfiscanf_r
 .text          0x000000000200a3dc      0x188 /home/halcyon/Desktop/src/mobile/devkit/devkitPro/devkitARM/bin/../lib/gcc/arm-eabi/4.5.0/../../../../arm-eabi/lib/thumb/libg.a(lib_a-ungetc.o)
                0x000000000200a3dc                __submore
                0x000000000200a458                _ungetc_r
                0x000000000200a548                ungetc
 .text          0x000000000200a564      0xd7c /home/halcyon/Desktop/src/mobile/devkit/devkitPro/devkitARM/bin/../lib/gcc/arm-eabi/4.5.0/../../../../arm-eabi/lib/thumb/libg.a(lib_a-vfiprintf.o)
                0x000000000200a564                __sprint_r
                0x000000000200a5ec                _vfiprintf_r
                0x000000000200b2bc                vfiprintf
 .text          0x000000000200b2e0      0xe9c /home/halcyon/Desktop/src/mobile/devkit/devkitPro/devkitARM/bin/../lib/gcc/arm-eabi/4.5.0/../../../../arm-eabi/lib/thumb/libg.a(lib_a-vfscanf.o)
                0x000000000200b2e0                __svfscanf_r
                0x000000000200c0fc                _vfscanf_r
                0x000000000200c128                __svfscanf
                0x000000000200c148                vfscanf
 .text          0x000000000200c17c       0xf0 /home/halcyon/Desktop/src/mobile/devkit/devkitPro/devkitARM/bin/../lib/gcc/arm-eabi/4.5.0/../../../../arm-eabi/lib/thumb/libg.a(lib_a-wcrtomb.o)
                0x000000000200c17c                _wcrtomb_r
                0x000000000200c1e8                wcrtomb
 .text          0x000000000200c26c       0x48 /home/halcyon/Desktop/src/mobile/devkit/devkitPro/devkitARM/bin/../lib/gcc/arm-eabi/4.5.0/../../../../arm-eabi/lib/thumb/libg.a(lib_a-wcsrtombs.o)
                0x000000000200c26c                _wcsrtombs_r
                0x000000000200c288                wcsrtombs
 .text          0x000000000200c2b4      0x294 /home/halcyon/Desktop/src/mobile/devkit/devkitPro/devkitARM/bin/../lib/gcc/arm-eabi/4.5.0/../../../../arm-eabi/lib/thumb/libg.a(lib_a-wctomb_r.o)
                0x000000000200c2b4                __utf8_wctomb
                0x000000000200c378                _wctomb_r
                0x000000000200c3b0                __ascii_wctomb
                0x000000000200c3d0                __sjis_wctomb
                0x000000000200c440                __eucjp_wctomb
                0x000000000200c4c4                __jis_wctomb
 .text          0x000000000200c548       0xc4 /home/halcyon/Desktop/src/mobile/devkit/devkitPro/devkitARM/bin/../lib/gcc/arm-eabi/4.5.0/../../../../arm-eabi/lib/thumb/libg.a(lib_a-wsetup.o)
                0x000000000200c548                __swsetup_r
 .text          0x000000000200c60c       0x10 /home/halcyon/Desktop/src/mobile/devkit/devkitPro/devkitARM/bin/../lib/gcc/arm-eabi/4.5.0/../../../../arm-eabi/lib/thumb/libg.a(lib_a-ctype_.o)
                0x000000000200c60c                __set_ctype
 .text          0x000000000200c61c      0x18c /home/halcyon/Desktop/src/mobile/devkit/devkitPro/devkitARM/bin/../lib/gcc/arm-eabi/4.5.0/../../../../arm-eabi/lib/thumb/libg.a(lib_a-fflush.o)
                0x000000000200c61c                _fflush_r
                0x000000000200c778                fflush
 .text          0x000000000200c7a8      0x238 /home/halcyon/Desktop/src/mobile/devkit/devkitPro/devkitARM/bin/../lib/gcc/arm-eabi/4.5.0/../../../../arm-eabi/lib/thumb/libg.a(lib_a-findfp.o)
                0x000000000200c7b0                _cleanup_r
                0x000000000200c7c4                __sfmoreglue
                0x000000000200c7f4                _cleanup
                0x000000000200c808                __sinit
                0x000000000200c908                __sfp
                0x000000000200c998                __sfp_lock_acquire
                0x000000000200c99c                __sfp_lock_release
                0x000000000200c9a0                __sinit_lock_acquire
                0x000000000200c9a4                __sinit_lock_release
                0x000000000200c9a8                __fp_lock_all
                0x000000000200c9c4                __fp_unlock_all
 .text          0x000000000200c9e0      0x10c /home/halcyon/Desktop/src/mobile/devkit/devkitPro/devkitARM/bin/../lib/gcc/arm-eabi/4.5.0/../../../../arm-eabi/lib/thumb/libg.a(lib_a-fputwc.o)
                0x000000000200c9e0                _fputwc_r
                0x000000000200cac0                fputwc
 .text          0x000000000200caec      0x1a8 /home/halcyon/Desktop/src/mobile/devkit/devkitPro/devkitARM/bin/../lib/gcc/arm-eabi/4.5.0/../../../../arm-eabi/lib/thumb/libg.a(lib_a-fread.o)
                0x000000000200caec                _fread_r
                0x000000000200cc6c                fread
 .text          0x000000000200cc94      0x244 /home/halcyon/Desktop/src/mobile/devkit/devkitPro/devkitARM/bin/../lib/gcc/arm-eabi/4.5.0/../../../../arm-eabi/lib/thumb/libg.a(lib_a-freer.o)
                0x000000000200cc94                _malloc_trim_r
                0x000000000200cd38                _free_r
 .text          0x000000000200ced8      0x33c /home/halcyon/Desktop/src/mobile/devkit/devkitPro/devkitARM/bin/../lib/gcc/arm-eabi/4.5.0/../../../../arm-eabi/lib/thumb/libg.a(lib_a-fvwrite.o)
                0x000000000200ced8                __sfvwrite_r
 .text          0x000000000200d214       0xbc /home/halcyon/Desktop/src/mobile/devkit/devkitPro/devkitARM/bin/../lib/gcc/arm-eabi/4.5.0/../../../../arm-eabi/lib/thumb/libg.a(lib_a-fwalk.o)
                0x000000000200d214                _fwalk
                0x000000000200d26c                _fwalk_reent
 .text          0x000000000200d2d0       0x70 /home/halcyon/Desktop/src/mobile/devkit/devkitPro/devkitARM/bin/../lib/gcc/arm-eabi/4.5.0/../../../../arm-eabi/lib/thumb/libg.a(lib_a-iswspace.o)
                0x000000000200d2d0                iswspace
 .text          0x000000000200d340      0x1f4 /home/halcyon/Desktop/src/mobile/devkit/devkitPro/devkitARM/bin/../lib/gcc/arm-eabi/4.5.0/../../../../arm-eabi/lib/thumb/libg.a(lib_a-jp2uc.o)
                0x000000000200d4d0                _jp2uc
 .text          0x000000000200d534      0x7dc /home/halcyon/Desktop/src/mobile/devkit/devkitPro/devkitARM/bin/../lib/gcc/arm-eabi/4.5.0/../../../../arm-eabi/lib/thumb/libg.a(lib_a-locale.o)
                0x000000000200daa4                _setlocale_r
                0x000000000200dcc0                __locale_charset
                0x000000000200dccc                __locale_msgcharset
                0x000000000200dcd8                __locale_cjk_lang
                0x000000000200dce4                _localeconv_r
                0x000000000200dcec                setlocale
                0x000000000200dd08                localeconv
 .text          0x000000000200dd10       0xe8 /home/halcyon/Desktop/src/mobile/devkit/devkitPro/devkitARM/bin/../lib/gcc/arm-eabi/4.5.0/../../../../arm-eabi/lib/thumb/libg.a(lib_a-makebuf.o)
                0x000000000200dd10                __smakebuf_r
 .text          0x000000000200ddf8      0x108 /home/halcyon/Desktop/src/mobile/devkit/devkitPro/devkitARM/bin/../lib/gcc/arm-eabi/4.5.0/../../../../arm-eabi/lib/thumb/libg.a(lib_a-mbrtowc.o)
                0x000000000200ddf8                _mbrtowc_r
                0x000000000200de70                mbrtowc
 .text          0x000000000200df00      0x5e0 /home/halcyon/Desktop/src/mobile/devkit/devkitPro/devkitARM/bin/../lib/gcc/arm-eabi/4.5.0/../../../../arm-eabi/lib/thumb/libg.a(lib_a-mbtowc_r.o)
                0x000000000200df00                __utf8_mbtowc
                0x000000000200e1a4                _mbtowc_r
                0x000000000200e1e0                __ascii_mbtowc
                0x000000000200e210                __sjis_mbtowc
                0x000000000200e2d4                __eucjp_mbtowc
                0x000000000200e3c4                __jis_mbtowc
 .text          0x000000000200e4e0       0x98 /home/halcyon/Desktop/src/mobile/devkit/devkitPro/devkitARM/bin/../lib/gcc/arm-eabi/4.5.0/../../../../arm-eabi/lib/thumb/libg.a(lib_a-memchr.o)
                0x000000000200e4e0                memchr
 .text          0x000000000200e578       0xa4 /home/halcyon/Desktop/src/mobile/devkit/devkitPro/devkitARM/bin/../lib/gcc/arm-eabi/4.5.0/../../../../arm-eabi/lib/thumb/libg.a(lib_a-memmove.o)
                0x000000000200e578                memmove
 .text          0x000000000200e61c      0x41c /home/halcyon/Desktop/src/mobile/devkit/devkitPro/devkitARM/bin/../lib/gcc/arm-eabi/4.5.0/../../../../arm-eabi/lib/thumb/libg.a(lib_a-reallocr.o)
                0x000000000200e61c                _realloc_r
 .text          0x000000000200ea38      0x134 /home/halcyon/Desktop/src/mobile/devkit/devkitPro/devkitARM/bin/../lib/gcc/arm-eabi/4.5.0/../../../../arm-eabi/lib/thumb/libg.a(lib_a-refill.o)
                0x000000000200ea58                __srefill_r
 .text          0x000000000200eb6c       0x84 /home/halcyon/Desktop/src/mobile/devkit/devkitPro/devkitARM/bin/../lib/gcc/arm-eabi/4.5.0/../../../../arm-eabi/lib/thumb/libg.a(lib_a-sccl.o)
                0x000000000200eb6c                __sccl
 .text          0x000000000200ebf0        0x8 /home/halcyon/Desktop/src/mobile/devkit/devkitPro/devkitARM/bin/../lib/gcc/arm-eabi/4.5.0/../../../../arm-eabi/lib/thumb/libg.a(lib_a-sf_nan.o)
                0x000000000200ebf0                nanf
 .text          0x000000000200ebf8       0x9c /home/halcyon/Desktop/src/mobile/devkit/devkitPro/devkitARM/bin/../lib/gcc/arm-eabi/4.5.0/../../../../arm-eabi/lib/thumb/libg.a(lib_a-s_fpclassify.o)
                0x000000000200ebf8                __fpclassifyd
 .text          0x000000000200ec94       0x84 /home/halcyon/Desktop/src/mobile/devkit/devkitPro/devkitARM/bin/../lib/gcc/arm-eabi/4.5.0/../../../../arm-eabi/lib/thumb/libg.a(lib_a-sprintf.o)
                0x000000000200ec94                _sprintf_r
                0x000000000200ecd4                sprintf
 .text          0x000000000200ed18       0x54 /home/halcyon/Desktop/src/mobile/devkit/devkitPro/devkitARM/bin/../lib/gcc/arm-eabi/4.5.0/../../../../arm-eabi/lib/thumb/libg.a(lib_a-strcasecmp.o)
                0x000000000200ed18                strcasecmp
 .text          0x000000000200ed6c       0x48 /home/halcyon/Desktop/src/mobile/devkit/devkitPro/devkitARM/bin/../lib/gcc/arm-eabi/4.5.0/../../../../arm-eabi/lib/thumb/libg.a(lib_a-strcat.o)
                0x000000000200ed6c                strcat
 .text          0x000000000200edb4       0xe8 /home/halcyon/Desktop/src/mobile/devkit/devkitPro/devkitARM/bin/../lib/gcc/arm-eabi/4.5.0/../../../../arm-eabi/lib/thumb/libg.a(lib_a-strchr.o)
                0x000000000200edb4                strchr
 .text          0x000000000200ee9c       0x14 /home/halcyon/Desktop/src/mobile/devkit/devkitPro/devkitARM/bin/../lib/gcc/arm-eabi/4.5.0/../../../../arm-eabi/lib/thumb/libg.a(lib_a-strcmp.o)
                0x000000000200ee9c                strcmp
 .text          0x000000000200eeb0       0x10 /home/halcyon/Desktop/src/mobile/devkit/devkitPro/devkitARM/bin/../lib/gcc/arm-eabi/4.5.0/../../../../arm-eabi/lib/thumb/libg.a(lib_a-strcpy.o)
                0x000000000200eeb0                strcpy
 .text          0x000000000200eec0       0x4c /home/halcyon/Desktop/src/mobile/devkit/devkitPro/devkitARM/bin/../lib/gcc/arm-eabi/4.5.0/../../../../arm-eabi/lib/thumb/libg.a(lib_a-strlcpy.o)
                0x000000000200eec0                strlcpy
 .text          0x000000000200ef0c       0x60 /home/halcyon/Desktop/src/mobile/devkit/devkitPro/devkitARM/bin/../lib/gcc/arm-eabi/4.5.0/../../../../arm-eabi/lib/thumb/libg.a(lib_a-strncasecmp.o)
                0x000000000200ef0c                strncasecmp
 .text          0x000000000200ef6c       0xc0 /home/halcyon/Desktop/src/mobile/devkit/devkitPro/devkitARM/bin/../lib/gcc/arm-eabi/4.5.0/../../../../arm-eabi/lib/thumb/libg.a(lib_a-strncmp.o)
                0x000000000200ef6c                strncmp
 *fill*         0x000000000200f02c        0x4 ff
 .text          0x000000000200f030      0xfe0 /home/halcyon/Desktop/src/mobile/devkit/devkitPro/devkitARM/bin/../lib/gcc/arm-eabi/4.5.0/../../../../arm-eabi/lib/thumb/libg.a(lib_a-strtod.o)
                0x000000000200f060                _strtod_r
                0x000000000200ffbc                strtod
                0x000000000200ffd8                strtof
 .text          0x0000000002010010      0x188 /home/halcyon/Desktop/src/mobile/devkit/devkitPro/devkitARM/bin/../lib/gcc/arm-eabi/4.5.0/../../../../arm-eabi/lib/thumb/libg.a(lib_a-strtol.o)
                0x0000000002010010                _strtol_r
                0x0000000002010178                strtol
 .text          0x0000000002010198      0x194 /home/halcyon/Desktop/src/mobile/devkit/devkitPro/devkitARM/bin/../lib/gcc/arm-eabi/4.5.0/../../../../arm-eabi/lib/thumb/libg.a(lib_a-strtoul.o)
                0x0000000002010198                _strtoul_r
                0x000000000201030c                strtoul
 *fill*         0x000000000201032c        0x4 ff
 .text          0x0000000002010330     0x1568 /home/halcyon/Desktop/src/mobile/devkit/devkitPro/devkitARM/bin/../lib/gcc/arm-eabi/4.5.0/../../../../arm-eabi/lib/thumb/libg.a(lib_a-svfprintf.o)
                0x0000000002010330                _svfprintf_r
 .text          0x0000000002011898       0xe0 /home/halcyon/Desktop/src/mobile/devkit/devkitPro/devkitARM/bin/../lib/gcc/arm-eabi/4.5.0/../../../../arm-eabi/lib/thumb/libg.a(lib_a-wbuf.o)
                0x0000000002011898                __swbuf_r
                0x000000000201195c                __swbuf
 .text          0x0000000002011978      0x148 /home/halcyon/Desktop/src/mobile/devkit/devkitPro/devkitARM/bin/../lib/gcc/arm-eabi/4.5.0/../../../../arm-eabi/lib/thumb/libg.a(lib_a-wcsnrtombs.o)
                0x0000000002011978                _wcsnrtombs_r
                0x0000000002011a90                wcsnrtombs
 .text          0x0000000002011ac0     0x1040 /home/halcyon/Desktop/src/mobile/devkit/devkitPro/devkitARM/bin/../lib/gcc/arm-eabi/4.5.0/../../../../arm-eabi/lib/thumb/libg.a(lib_a-dtoa.o)
                0x0000000002011c1c                _dtoa_r
 .text          0x0000000002012b00       0xc0 /home/halcyon/Desktop/src/mobile/devkit/devkitPro/devkitARM/bin/../lib/gcc/arm-eabi/4.5.0/../../../../arm-eabi/lib/thumb/libg.a(lib_a-fclose.o)
                0x0000000002012b00                _fclose_r
                0x0000000002012ba4                fclose
 .text          0x0000000002012bc0      0x62c /home/halcyon/Desktop/src/mobile/devkit/devkitPro/devkitARM/bin/../lib/gcc/arm-eabi/4.5.0/../../../../arm-eabi/lib/thumb/libg.a(lib_a-gdtoa-gethex.o)
                0x0000000002012c6c                __hexdig_init
                0x0000000002012cc8                __gethex
 .text          0x00000000020131ec      0x1d8 /home/halcyon/Desktop/src/mobile/devkit/devkitPro/devkitARM/bin/../lib/gcc/arm-eabi/4.5.0/../../../../arm-eabi/lib/thumb/libg.a(lib_a-gdtoa-hexnan.o)
                0x00000000020131ec                __hexnan
 .text          0x00000000020133c4       0xa8 /home/halcyon/Desktop/src/mobile/devkit/devkitPro/devkitARM/bin/../lib/gcc/arm-eabi/4.5.0/../../../../arm-eabi/lib/thumb/libg.a(lib_a-getenv_r.o)
                0x00000000020133c4                _findenv_r
                0x000000000201345c                _getenv_r
 *fill*         0x000000000201346c        0x4 ff
 .text          0x0000000002013470      0x9a0 /home/halcyon/Desktop/src/mobile/devkit/devkitPro/devkitARM/bin/../lib/gcc/arm-eabi/4.5.0/../../../../arm-eabi/lib/thumb/libg.a(lib_a-mprec.o)
                0x0000000002013470                _Balloc
                0x00000000020134c4                _Bfree
                0x00000000020134dc                __multadd
                0x0000000002013578                __s2b
                0x0000000002013610                __hi0bits
                0x0000000002013650                __lo0bits
                0x00000000020136b0                __i2b
                0x00000000020136c8                __multiply
                0x0000000002013850                __pow5mult
                0x0000000002013904                __lshift
                0x00000000020139d4                __mcmp
                0x0000000002013a14                __mdiff
                0x0000000002013b14                __ulp
                0x0000000002013b60                __b2d
                0x0000000002013c00                __d2b
                0x0000000002013cc8                __ratio
                0x0000000002013d24                _mprec_log10
                0x0000000002013d64                __copybits
                0x0000000002013dac                __any_on
 .text          0x0000000002013e10      0xc5c /home/halcyon/Desktop/src/mobile/devkit/devkitPro/devkitARM/bin/../lib/gcc/arm-eabi/4.5.0/../../../../arm-eabi/lib/thumb/libg.a(lib_a-svfiprintf.o)
                0x0000000002013e10                __ssprint_r
                0x0000000002013f4c                _svfiprintf_r
 .text          0x0000000002014a6c       0x60 /home/halcyon/Desktop/src/mobile/devkit/devkitPro/devkitARM/bin/../lib/gcc/arm-eabi/4.5.0/../../../../arm-eabi/lib/thumb/libg.a(lib_a-callocr.o)
                0x0000000002014a6c                _calloc_r
 .text          0x0000000002014acc        0x0 /home/halcyon/Desktop/src/mobile/devkit/devkitPro/devkitARM/bin/../lib/gcc/arm-eabi/4.5.0/../../../../arm-eabi/lib/thumb/libg.a(lib_a-environ.o)
 .text          0x0000000002014acc        0x8 /home/halcyon/Desktop/src/mobile/devkit/devkitPro/devkitARM/bin/../lib/gcc/arm-eabi/4.5.0/../../../../arm-eabi/lib/thumb/libg.a(lib_a-envlock.o)
                0x0000000002014acc                __env_lock
                0x0000000002014ad0                __env_unlock
 .text          0x0000000002014ad4      0x144 /home/halcyon/Desktop/src/mobile/devkit/devkitPro/devkitARM/bin/../lib/gcc/arm-eabi/4.5.0/../../../../arm-eabi/lib/thumb/libsysbase.a(iosupport.o)
                0x0000000002014ad4                setDefaultDevice
                0x0000000002014ae8                FindDevice
                0x0000000002014b58                RemoveDevice
                0x0000000002014b7c                AddDevice
                0x0000000002014bf8                GetDeviceOpTab
 .text          0x0000000002014c18       0x54 /home/halcyon/Desktop/src/mobile/devkit/devkitPro/devkitARM/bin/../lib/gcc/arm-eabi/4.5.0/../../../../arm-eabi/lib/thumb/libsysbase.a(close.o)
                0x0000000002014c18                _close_r
 .text          0x0000000002014c6c       0x58 /home/halcyon/Desktop/src/mobile/devkit/devkitPro/devkitARM/bin/../lib/gcc/arm-eabi/4.5.0/../../../../arm-eabi/lib/thumb/libsysbase.a(fstat.o)
                0x0000000002014c6c                _fstat_r
 .text          0x0000000002014cc4        0x4 /home/halcyon/Desktop/src/mobile/devkit/devkitPro/devkitARM/bin/../lib/gcc/arm-eabi/4.5.0/../../../../arm-eabi/lib/thumb/libsysbase.a(isatty.o)
                0x0000000002014cc4                _isatty_r
 .text          0x0000000002014cc8       0x54 /home/halcyon/Desktop/src/mobile/devkit/devkitPro/devkitARM/bin/../lib/gcc/arm-eabi/4.5.0/../../../../arm-eabi/lib/thumb/libsysbase.a(lseek.o)
                0x0000000002014cc8                _lseek_r
 .text          0x0000000002014d1c       0x54 /home/halcyon/Desktop/src/mobile/devkit/devkitPro/devkitARM/bin/../lib/gcc/arm-eabi/4.5.0/../../../../arm-eabi/lib/thumb/libsysbase.a(read.o)
                0x0000000002014d1c                _read_r
 .text          0x0000000002014d70       0x54 /home/halcyon/Desktop/src/mobile/devkit/devkitPro/devkitARM/bin/../lib/gcc/arm-eabi/4.5.0/../../../../arm-eabi/lib/thumb/libsysbase.a(sbrk.o)
                0x0000000002014d70                _sbrk_r
 .text          0x0000000002014dc4       0x48 /home/halcyon/Desktop/src/mobile/devkit/devkitPro/devkitARM/bin/../lib/gcc/arm-eabi/4.5.0/../../../../arm-eabi/lib/thumb/libsysbase.a(times.o)
                0x0000000002014dc4                _times
                0x0000000002014dd8                _times_r
                0x0000000002014de0                _gettimeofday_r
 .text          0x0000000002014e0c       0x54 /home/halcyon/Desktop/src/mobile/devkit/devkitPro/devkitARM/bin/../lib/gcc/arm-eabi/4.5.0/../../../../arm-eabi/lib/thumb/libsysbase.a(write.o)
                0x0000000002014e0c                _write_r
 .text          0x0000000002014e60        0x0 /home/halcyon/Desktop/src/mobile/devkit/devkitPro/devkitARM/bin/../lib/gcc/arm-eabi/4.5.0/../../../../arm-eabi/lib/thumb/libsysbase.a(malloc_vars.o)
 .text          0x0000000002014e60       0x4c /home/halcyon/Desktop/src/mobile/devkit/devkitPro/devkitARM/bin/../lib/gcc/arm-eabi/4.5.0/../../../../arm-eabi/lib/thumb/libsysbase.a(build_argv.o)
                0x0000000002014e60                build_argv
 .text          0x0000000002014eac        0x0 /home/halcyon/Desktop/src/mobile/devkit/devkitPro/devkitARM/bin/../lib/gcc/arm-eabi/4.5.0/../../../../arm-eabi/lib/thumb/libsysbase.a(syscall_support.o)
 .text          0x0000000002014eac       0x80 /home/halcyon/Desktop/src/mobile/devkit/devkitPro/devkitARM/bin/../lib/gcc/arm-eabi/4.5.0/../../../../arm-eabi/lib/thumb/libsysbase.a(handle_manager.o)
                0x0000000002014eac                __release_handle
                0x0000000002014ed8                __alloc_handle
                0x0000000002014f10                __get_handle
 .text          0x0000000002014f2c      0x41c /home/halcyon/Desktop/src/mobile/devkit/devkitPro/devkitARM/bin/../lib/gcc/arm-eabi/4.5.0/thumb/libgcc.a(_arm_addsubdf3.o)
                0x0000000002014f2c                __aeabi_drsub
                0x0000000002014f34                __aeabi_dsub
                0x0000000002014f34                __subdf3
                0x0000000002014f38                __adddf3
                0x0000000002014f38                __aeabi_dadd
                0x0000000002015248                __aeabi_ui2d
                0x0000000002015248                __floatunsidf
                0x000000000201526c                __floatsidf
                0x000000000201526c                __aeabi_i2d
                0x0000000002015294                __extendsfdf2
                0x0000000002015294                __aeabi_f2d
                0x00000000020152d4                __aeabi_ul2d
                0x00000000020152d4                __floatundidf
                0x00000000020152e8                __floatdidf
                0x00000000020152e8                __aeabi_l2d
 .text          0x0000000002015348      0x49c /home/halcyon/Desktop/src/mobile/devkit/devkitPro/devkitARM/bin/../lib/gcc/arm-eabi/4.5.0/thumb/libgcc.a(_arm_muldivdf3.o)
                0x0000000002015348                __aeabi_dmul
                0x0000000002015348                __muldf3
                0x00000000020155d8                __aeabi_ddiv
                0x00000000020155d8                __divdf3
 .text          0x00000000020157e4      0x144 /home/halcyon/Desktop/src/mobile/devkit/devkitPro/devkitARM/bin/../lib/gcc/arm-eabi/4.5.0/thumb/libgcc.a(_arm_cmpdf2.o)
                0x00000000020157e4                __gtdf2
                0x00000000020157e4                __gedf2
                0x00000000020157ec                __ltdf2
                0x00000000020157ec                __ledf2
                0x00000000020157f4                __cmpdf2
                0x00000000020157f4                __eqdf2
                0x00000000020157f4                __nedf2
                0x000000000201587c                __aeabi_cdrcmple
                0x0000000002015898                __aeabi_cdcmple
                0x0000000002015898                __aeabi_cdcmpeq
                0x00000000020158b0                __aeabi_dcmpeq
                0x00000000020158c8                __aeabi_dcmplt
                0x00000000020158e0                __aeabi_dcmple
                0x00000000020158f8                __aeabi_dcmpge
                0x0000000002015910                __aeabi_dcmpgt
 .text          0x0000000002015928       0x5c /home/halcyon/Desktop/src/mobile/devkit/devkitPro/devkitARM/bin/../lib/gcc/arm-eabi/4.5.0/thumb/libgcc.a(_arm_fixdfsi.o)
                0x0000000002015928                __fixdfsi
                0x0000000002015928                __aeabi_d2iz
 .text          0x0000000002015984       0x54 /home/halcyon/Desktop/src/mobile/devkit/devkitPro/devkitARM/bin/../lib/gcc/arm-eabi/4.5.0/thumb/libgcc.a(_arm_fixunsdfsi.o)
                0x0000000002015984                __fixunsdfsi
                0x0000000002015984                __aeabi_d2uiz
 .text          0x00000000020159d8       0xa0 /home/halcyon/Desktop/src/mobile/devkit/devkitPro/devkitARM/bin/../lib/gcc/arm-eabi/4.5.0/thumb/libgcc.a(_arm_truncdfsf2.o)
                0x00000000020159d8                __aeabi_d2f
                0x00000000020159d8                __truncdfsf2
 .text          0x0000000002015a78        0x0 /home/halcyon/Desktop/src/mobile/devkit/devkitPro/devkitARM/bin/../lib/gcc/arm-eabi/4.5.0/thumb/crtend.o
 .text          0x0000000002015a78        0x0 /home/halcyon/Desktop/src/mobile/devkit/devkitPro/devkitARM/bin/../lib/gcc/arm-eabi/4.5.0/thumb/crtn.o
 .text.stub     0x0000000002015a78        0x8 linker stubs
 *(.text.*)
 *(.stub)
 *(.gnu.warning)
 *(.gnu.linkonce.t*)
 *(.glue_7)
 .glue_7        0x0000000000000000        0x0 linker stubs
 *(.glue_7t)
 .glue_7t       0x0000000000000000        0x0 linker stubs
                0x0000000002015a80                . = ALIGN (0x4)

.vfp11_veneer   0x0000000000000000        0x0 load address 0x0000000002015a80
 .vfp11_veneer  0x0000000000000000        0x0 linker stubs

.v4_bx          0x0000000000000000        0x0 load address 0x0000000002015a80
 .v4_bx         0x0000000000000000        0x0 linker stubs

.fini           0x0000000002015a80        0xc
 *(.fini)
 .fini          0x0000000002015a80        0x4 /home/halcyon/Desktop/src/mobile/devkit/devkitPro/devkitARM/bin/../lib/gcc/arm-eabi/4.5.0/thumb/crti.o
                0x0000000002015a80                _fini
 .fini          0x0000000002015a84        0x8 /home/halcyon/Desktop/src/mobile/devkit/devkitPro/devkitARM/bin/../lib/gcc/arm-eabi/4.5.0/thumb/crtn.o
                0x0000000002015a8c                __text_end = .

.rodata         0x0000000002015a90     0x99cc
 *(.rodata)
 .rodata        0x0000000002015a90       0x14 /home/halcyon/Desktop/src/mobile/devkit/devkitPro/libnds/lib/libdswifi9.a(wifi_arm9.o)
 .rodata        0x0000000002015aa4       0x54 /home/halcyon/Desktop/src/mobile/devkit/devkitPro/libnds/lib/libdswifi9.a(sgIP_TCP.o)
 .rodata        0x0000000002015af8      0x200 /home/halcyon/Desktop/src/mobile/devkit/devkitPro/libnds/lib/libnds9.a(console.o)
 .rodata        0x0000000002015cf8       0x64 /home/halcyon/Desktop/src/mobile/devkit/devkitPro/libnds/lib/libnds9.a(keyboard.o)
                0x0000000002015cf8                std_in
 .rodata        0x0000000002015d5c     0x2004 /home/halcyon/Desktop/src/mobile/devkit/devkitPro/libnds/lib/libnds9.a(default_font.bin.o)
                0x0000000002015d5c                default_font_bin
                0x0000000002017d5c                default_font_bin_end
                0x0000000002017d5c                default_font_bin_size
 .rodata        0x0000000002017d60     0x2d0c /home/halcyon/Desktop/src/mobile/devkit/devkitPro/libnds/lib/libnds9.a(keyboardGfx.o)
                0x0000000002017d60                keyboardGfxTiles
                0x000000000201a04c                keyboardGfxMap
                0x000000000201aa4c                keyboardGfxPal
 .rodata        0x000000000201aa6c       0x14 /home/halcyon/Desktop/src/mobile/devkit/devkitPro/libnds/lib/libnds9.a(decompress.o)
 .rodata        0x000000000201aa80        0x4 /home/halcyon/Desktop/src/mobile/devkit/devkitPro/devkitARM/bin/../lib/gcc/arm-eabi/4.5.0/../../../../arm-eabi/lib/thumb/libg.a(lib_a-impure.o)
                0x000000000201aa80                _global_impure_ptr
 .rodata        0x000000000201aa84      0x340 /home/halcyon/Desktop/src/mobile/devkit/devkitPro/devkitARM/bin/../lib/gcc/arm-eabi/4.5.0/../../../../arm-eabi/lib/thumb/libg.a(lib_a-svfiscanf.o)
 .rodata        0x000000000201adc4      0x184 /home/halcyon/Desktop/src/mobile/devkit/devkitPro/devkitARM/bin/../lib/gcc/arm-eabi/4.5.0/../../../../arm-eabi/lib/thumb/libg.a(lib_a-vfiprintf.o)
 .rodata        0x000000000201af48      0x47c /home/halcyon/Desktop/src/mobile/devkit/devkitPro/devkitARM/bin/../lib/gcc/arm-eabi/4.5.0/../../../../arm-eabi/lib/thumb/libg.a(lib_a-vfscanf.o)
 .rodata        0x000000000201b3c4      0x104 /home/halcyon/Desktop/src/mobile/devkit/devkitPro/devkitARM/bin/../lib/gcc/arm-eabi/4.5.0/../../../../arm-eabi/lib/thumb/libg.a(lib_a-ctype_.o)
                0x000000000201b3c4                _ctype_
 .rodata        0x000000000201b4c8     0x34f0 /home/halcyon/Desktop/src/mobile/devkit/devkitPro/devkitARM/bin/../lib/gcc/arm-eabi/4.5.0/../../../../arm-eabi/lib/thumb/libg.a(lib_a-jp2uc.o)
 .rodata        0x000000000201e9b8      0x128 /home/halcyon/Desktop/src/mobile/devkit/devkitPro/devkitARM/bin/../lib/gcc/arm-eabi/4.5.0/../../../../arm-eabi/lib/thumb/libg.a(lib_a-locale.o)
 .rodata        0x000000000201eae0       0xa8 /home/halcyon/Desktop/src/mobile/devkit/devkitPro/devkitARM/bin/../lib/gcc/arm-eabi/4.5.0/../../../../arm-eabi/lib/thumb/libg.a(lib_a-mbtowc_r.o)
 .rodata        0x000000000201eb88      0x100 /home/halcyon/Desktop/src/mobile/devkit/devkitPro/devkitARM/bin/../lib/gcc/arm-eabi/4.5.0/../../../../arm-eabi/lib/thumb/libg.a(lib_a-strtod.o)
 .rodata        0x000000000201ec88      0x184 /home/halcyon/Desktop/src/mobile/devkit/devkitPro/devkitARM/bin/../lib/gcc/arm-eabi/4.5.0/../../../../arm-eabi/lib/thumb/libg.a(lib_a-svfprintf.o)
 *fill*         0x000000000201ee0c        0x4 ff
 .rodata        0x000000000201ee10      0x128 /home/halcyon/Desktop/src/mobile/devkit/devkitPro/devkitARM/bin/../lib/gcc/arm-eabi/4.5.0/../../../../arm-eabi/lib/thumb/libg.a(lib_a-mprec.o)
                0x000000000201ee20                __mprec_tens
                0x000000000201eee8                __mprec_bigtens
                0x000000000201ef10                __mprec_tinytens
 .rodata        0x000000000201ef38      0x184 /home/halcyon/Desktop/src/mobile/devkit/devkitPro/devkitARM/bin/../lib/gcc/arm-eabi/4.5.0/../../../../arm-eabi/lib/thumb/libg.a(lib_a-svfiprintf.o)
 .rodata        0x000000000201f0bc       0x64 /home/halcyon/Desktop/src/mobile/devkit/devkitPro/devkitARM/bin/../lib/gcc/arm-eabi/4.5.0/../../../../arm-eabi/lib/thumb/libsysbase.a(iosupport.o)
                0x000000000201f0bc                dotab_stdnull
 *all.rodata*(*)
 *(.roda)
 *(.rodata.*)
 .rodata.str1.4
                0x000000000201f120       0x9f template.o
                                         0xa0 (size before relaxing)
 *fill*         0x000000000201f1bf        0x1 ff
 .rodata.str1.4
                0x000000000201f1c0       0xb6 /home/halcyon/Desktop/src/mobile/devkit/devkitPro/libnds/lib/libdswifi9.a(wifi_arm9.o)
                                         0xb8 (size before relaxing)
 *fill*         0x000000000201f276        0x2 ff
 .rodata.str1.4
                0x000000000201f278       0x17 /home/halcyon/Desktop/src/mobile/devkit/devkitPro/libnds/lib/libdswifi9.a(sgIP_DHCP.o)
                                         0x18 (size before relaxing)
 *fill*         0x000000000201f28f        0x1 ff
 .rodata.str1.4
                0x000000000201f290       0x49 /home/halcyon/Desktop/src/mobile/devkit/devkitPro/libnds/lib/libnds9.a(console.o)
                                         0x4c (size before relaxing)
 *fill*         0x000000000201f2d9        0x3 ff
 .rodata.str1.4
                0x000000000201f2dc        0x6 /home/halcyon/Desktop/src/mobile/devkit/devkitPro/libnds/lib/libnds9.a(keyboard.o)
                                          0x8 (size before relaxing)
 *fill*         0x000000000201f2e2        0x2 ff
 .rodata.str1.4
                0x000000000201f2e4        0x2 /home/halcyon/Desktop/src/mobile/devkit/devkitPro/devkitARM/bin/../lib/gcc/arm-eabi/4.5.0/../../../../arm-eabi/lib/thumb/libg.a(lib_a-impure.o)
                                          0x4 (size before relaxing)
 *fill*         0x000000000201f2e6        0x2 ff
 .rodata.str1.4
                0x000000000201f2e8       0x2f /home/halcyon/Desktop/src/mobile/devkit/devkitPro/devkitARM/bin/../lib/gcc/arm-eabi/4.5.0/../../../../arm-eabi/lib/thumb/libg.a(lib_a-vfiprintf.o)
                                         0x30 (size before relaxing)
 *fill*         0x000000000201f317        0x1 ff
 .rodata.str1.4
                0x000000000201f318        0x5 /home/halcyon/Desktop/src/mobile/devkit/devkitPro/devkitARM/bin/../lib/gcc/arm-eabi/4.5.0/../../../../arm-eabi/lib/thumb/libg.a(lib_a-vfscanf.o)
                                          0x8 (size before relaxing)
 *fill*         0x000000000201f31d        0x3 ff
 .rodata.str1.4
                0x000000000201f320       0x12 /home/halcyon/Desktop/src/mobile/devkit/devkitPro/devkitARM/bin/../lib/gcc/arm-eabi/4.5.0/../../../../arm-eabi/lib/thumb/libg.a(lib_a-jp2uc.o)
                                         0x14 (size before relaxing)
 *fill*         0x000000000201f332        0x2 ff
 .rodata.str1.4
                0x000000000201f334       0xd0 /home/halcyon/Desktop/src/mobile/devkit/devkitPro/devkitARM/bin/../lib/gcc/arm-eabi/4.5.0/../../../../arm-eabi/lib/thumb/libg.a(lib_a-locale.o)
                                         0xf0 (size before relaxing)
 .rodata.str1.4
                0x0000000000000000        0x4 /home/halcyon/Desktop/src/mobile/devkit/devkitPro/devkitARM/bin/../lib/gcc/arm-eabi/4.5.0/../../../../arm-eabi/lib/thumb/libg.a(lib_a-mbrtowc.o)
 .rodata.str1.4
                0x000000000201f404        0xf /home/halcyon/Desktop/src/mobile/devkit/devkitPro/devkitARM/bin/../lib/gcc/arm-eabi/4.5.0/../../../../arm-eabi/lib/thumb/libg.a(lib_a-strtod.o)
                                         0x10 (size before relaxing)
 *fill*         0x000000000201f413        0x1 ff
 .rodata.str1.4
                0x000000000201f414       0x12 /home/halcyon/Desktop/src/mobile/devkit/devkitPro/devkitARM/bin/../lib/gcc/arm-eabi/4.5.0/../../../../arm-eabi/lib/thumb/libg.a(lib_a-svfprintf.o)
                                         0x44 (size before relaxing)
 *fill*         0x000000000201f426        0x2 ff
 .rodata.str1.4
                0x000000000201f428       0x10 /home/halcyon/Desktop/src/mobile/devkit/devkitPro/devkitARM/bin/../lib/gcc/arm-eabi/4.5.0/../../../../arm-eabi/lib/thumb/libg.a(lib_a-dtoa.o)
                                         0x14 (size before relaxing)
 .rodata.str1.4
                0x000000000201f438       0x1b /home/halcyon/Desktop/src/mobile/devkit/devkitPro/devkitARM/bin/../lib/gcc/arm-eabi/4.5.0/../../../../arm-eabi/lib/thumb/libg.a(lib_a-gdtoa-gethex.o)
                                         0x1c (size before relaxing)
 .rodata.str1.4
                0x0000000000000000       0x30 /home/halcyon/Desktop/src/mobile/devkit/devkitPro/devkitARM/bin/../lib/gcc/arm-eabi/4.5.0/../../../../arm-eabi/lib/thumb/libg.a(lib_a-svfiprintf.o)
 *fill*         0x000000000201f453        0x1 ff
 .rodata.str1.4
                0x000000000201f454        0x8 /home/halcyon/Desktop/src/mobile/devkit/devkitPro/devkitARM/bin/../lib/gcc/arm-eabi/4.5.0/../../../../arm-eabi/lib/thumb/libsysbase.a(iosupport.o)
 *(.gnu.linkonce.r*)
                0x000000000201f45c                . = ALIGN (0x4)

.ARM.extab
 *(.ARM.extab* .gnu.linkonce.armextab.*)
                0x000000000201f45c                __exidx_start = .

.ARM.exidx
 *(.ARM.exidx* .gnu.linkonce.armexidx.*)
                0x000000000201f45c                __exidx_end = .
                0x000000000201f45c                . = ALIGN (0x4)
                0x000000000201f45c                PROVIDE (__preinit_array_start, .)

.preinit_array
 *(.preinit_array)
                0x000000000201f45c                PROVIDE (__preinit_array_end, .)
                0x000000000201f45c                PROVIDE (__init_array_start, .)

.init_array     0x000000000201f45c        0x4
 *(SORT(.init_array.*))
 *(.init_array)
 .init_array    0x000000000201f45c        0x4 /home/halcyon/Desktop/src/mobile/devkit/devkitPro/devkitARM/bin/../lib/gcc/arm-eabi/4.5.0/thumb/crtbegin.o
                0x000000000201f460                PROVIDE (__init_array_end, .)
                0x000000000201f460                PROVIDE (__fini_array_start, .)

.fini_array     0x000000000201f460        0x4
 *(.fini_array)
 .fini_array    0x000000000201f460        0x4 /home/halcyon/Desktop/src/mobile/devkit/devkitPro/devkitARM/bin/../lib/gcc/arm-eabi/4.5.0/thumb/crtbegin.o
 *(SORT(.fini_array.*))
                0x000000000201f464                PROVIDE (__fini_array_end, .)

.ctors          0x000000000201f464        0x0
 *crtbegin.o(.ctors)
 *(EXCLUDE_FILE(*crtend.o) .ctors)
 *(SORT(.ctors.*))
 *(.ctors)
                0x000000000201f464                . = ALIGN (0x4)

.dtors          0x000000000201f464        0x0
 *crtbegin.o(.dtors)
 *(EXCLUDE_FILE(*crtend.o) .dtors)
 *(SORT(.dtors.*))
 *(.dtors)
                0x000000000201f464                . = ALIGN (0x4)

.eh_frame       0x000000000201f464        0x4
 *(.eh_frame)
 .eh_frame      0x000000000201f464        0x0 /home/halcyon/Desktop/src/mobile/devkit/devkitPro/devkitARM/bin/../lib/gcc/arm-eabi/4.5.0/thumb/crtbegin.o
 .eh_frame      0x000000000201f464        0x4 /home/halcyon/Desktop/src/mobile/devkit/devkitPro/devkitARM/bin/../lib/gcc/arm-eabi/4.5.0/thumb/crtend.o
                0x000000000201f468                . = ALIGN (0x4)

.gcc_except_table
                0x000000000201f468        0x0
 *(.gcc_except_table)
                0x000000000201f468                . = ALIGN (0x4)

.jcr            0x000000000201f468        0x4
 *(.jcr)
 .jcr           0x000000000201f468        0x0 /home/halcyon/Desktop/src/mobile/devkit/devkitPro/devkitARM/bin/../lib/gcc/arm-eabi/4.5.0/thumb/crtbegin.o
 .jcr           0x000000000201f468        0x4 /home/halcyon/Desktop/src/mobile/devkit/devkitPro/devkitARM/bin/../lib/gcc/arm-eabi/4.5.0/thumb/crtend.o

.got
 *(.got.plt)
 *(.got)
 *(.rel.got)

.ewram          0x000000000201f46c        0x0
                0x000000000201f46c                __ewram_start = ABSOLUTE (.)
 *(.ewram)
 *ewram.*(.text)
                0x000000000201f46c                . = ALIGN (0x4)

.data           0x000000000201f46c     0x139c
                0x000000000201f46c                __data_start = ABSOLUTE (.)
 *(.data)
 .data          0x000000000201f46c        0x0 /home/halcyon/Desktop/src/mobile/devkit/devkitPro/devkitARM/bin/../lib/gcc/arm-eabi/4.5.0/../../../../arm-eabi/lib/thumb/ds_arm9_crt0.o
 .data          0x000000000201f46c        0x0 /home/halcyon/Desktop/src/mobile/devkit/devkitPro/devkitARM/bin/../lib/gcc/arm-eabi/4.5.0/thumb/crti.o
 .data          0x000000000201f46c        0x4 /home/halcyon/Desktop/src/mobile/devkit/devkitPro/devkitARM/bin/../lib/gcc/arm-eabi/4.5.0/thumb/crtbegin.o
                0x000000000201f46c                __dso_handle
 .data          0x000000000201f470        0x0 template.o
 .data          0x000000000201f470        0x0 /home/halcyon/Desktop/src/mobile/devkit/devkitPro/libnds/lib/libdswifi9.a(sgIP_DNS.o)
 .data          0x000000000201f470        0x0 /home/halcyon/Desktop/src/mobile/devkit/devkitPro/libnds/lib/libdswifi9.a(sgIP_Hub.o)
 .data          0x000000000201f470        0x0 /home/halcyon/Desktop/src/mobile/devkit/devkitPro/libnds/lib/libdswifi9.a(sgIP_memblock.o)
 .data          0x000000000201f470        0x0 /home/halcyon/Desktop/src/mobile/devkit/devkitPro/libnds/lib/libdswifi9.a(sgIP_sockets.o)
 .data          0x000000000201f470       0x1c /home/halcyon/Desktop/src/mobile/devkit/devkitPro/libnds/lib/libdswifi9.a(wifi_arm9.o)
                0x000000000201f470                ASSOCSTATUS_STRINGS
 .data          0x000000000201f48c        0x0 /home/halcyon/Desktop/src/mobile/devkit/devkitPro/libnds/lib/libdswifi9.a(spinlock.o)
 .data          0x000000000201f48c        0x0 /home/halcyon/Desktop/src/mobile/devkit/devkitPro/libnds/lib/libdswifi9.a(sgIP.o)
 .data          0x000000000201f48c        0x0 /home/halcyon/Desktop/src/mobile/devkit/devkitPro/libnds/lib/libdswifi9.a(sgIP_ARP.o)
 .data          0x000000000201f48c        0x0 /home/halcyon/Desktop/src/mobile/devkit/devkitPro/libnds/lib/libdswifi9.a(sgIP_DHCP.o)
 .data          0x000000000201f48c        0x0 /home/halcyon/Desktop/src/mobile/devkit/devkitPro/libnds/lib/libdswifi9.a(sgIP_IP.o)
 .data          0x000000000201f48c        0x0 /home/halcyon/Desktop/src/mobile/devkit/devkitPro/libnds/lib/libdswifi9.a(sgIP_TCP.o)
 .data          0x000000000201f48c        0x0 /home/halcyon/Desktop/src/mobile/devkit/devkitPro/libnds/lib/libdswifi9.a(sgIP_UDP.o)
 .data          0x000000000201f48c        0x0 /home/halcyon/Desktop/src/mobile/devkit/devkitPro/libnds/lib/libdswifi9.a(sgIP_ICMP.o)
 .data          0x000000000201f48c       0x64 /home/halcyon/Desktop/src/mobile/devkit/devkitPro/libnds/lib/libnds9.a(console.o)
                0x000000000201f48c                currentConsole
                0x000000000201f490                defaultConsole
 .data          0x000000000201f4f0      0x58c /home/halcyon/Desktop/src/mobile/devkit/devkitPro/libnds/lib/libnds9.a(keyboard.o)
                0x000000000201f4f0                curKeyboard
                0x000000000201f4f4                lastKey
                0x000000000201f4f8                defaultKeyboard
                0x000000000201f554                SimpleKbdLower
                0x000000000201f7d4                SimpleKbdUpper
                0x000000000201fa54                capsLock
                0x000000000201fa68                lowerCase
 .data          0x000000000201fa7c        0x3 /home/halcyon/Desktop/src/mobile/devkit/devkitPro/libnds/lib/libnds9.a(keys.o)
 .data          0x000000000201fa7f        0x0 /home/halcyon/Desktop/src/mobile/devkit/devkitPro/libnds/lib/libnds9.a(touch.o)
 .data          0x000000000201fa7f        0x0 /home/halcyon/Desktop/src/mobile/devkit/devkitPro/libnds/lib/libnds9.a(initSystem.o)
 *fill*         0x000000000201fa7f        0x1 ff
 .data          0x000000000201fa80       0x10 /home/halcyon/Desktop/src/mobile/devkit/devkitPro/libnds/lib/libnds9.a(fifosystem.o)
                0x000000000201fa80                fifo_freewords
                0x000000000201fa84                fifo_send_queue
                0x000000000201fa88                fifo_buffer_free
                0x000000000201fa8c                fifo_receive_queue
 .data          0x000000000201fa90        0x0 /home/halcyon/Desktop/src/mobile/devkit/devkitPro/libnds/lib/libnds9.a(interrupts.o)
 .data          0x000000000201fa90        0x0 /home/halcyon/Desktop/src/mobile/devkit/devkitPro/libnds/lib/libnds9.a(libnds_exit.o)
 .data          0x000000000201fa90        0x0 /home/halcyon/Desktop/src/mobile/devkit/devkitPro/libnds/lib/libnds9.a(dcache.o)
 .data          0x000000000201fa90        0x0 /home/halcyon/Desktop/src/mobile/devkit/devkitPro/libnds/lib/libnds9.a(mpu_setup.o)
 .data          0x000000000201fa90        0x0 /home/halcyon/Desktop/src/mobile/devkit/devkitPro/libnds/lib/libnds9.a(biosCalls.o)
 .data          0x000000000201fa90        0x0 /home/halcyon/Desktop/src/mobile/devkit/devkitPro/libnds/lib/libnds9.a(debugprint.o)
 .data          0x000000000201fa90        0x0 /home/halcyon/Desktop/src/mobile/devkit/devkitPro/libnds/lib/libnds9.a(interruptDispatcher.o)
 .data          0x000000000201fa90        0x0 /home/halcyon/Desktop/src/mobile/devkit/devkitPro/libnds/lib/libnds9.a(swiSoftReset.o)
 .data          0x000000000201fa90        0x0 /home/halcyon/Desktop/src/mobile/devkit/devkitPro/libnds/lib/libnds9.a(default_font.bin.o)
 .data          0x000000000201fa90        0x0 /home/halcyon/Desktop/src/mobile/devkit/devkitPro/libnds/lib/libnds9.a(keyboardGfx.o)
 .data          0x000000000201fa90       0x60 /home/halcyon/Desktop/src/mobile/devkit/devkitPro/libnds/lib/libnds9.a(background.o)
                0x000000000201fa90                bgScrollTable
                0x000000000201fab0                bgTransform
                0x000000000201fad0                bgControl
 .data          0x000000000201faf0        0xc /home/halcyon/Desktop/src/mobile/devkit/devkitPro/libnds/lib/libnds9.a(decompress.o)
                0x000000000201faf0                decomStream
 .data          0x000000000201fafc        0x0 /home/halcyon/Desktop/src/mobile/devkit/devkitPro/libnds/lib/libnds9.a(system.o)
 .data          0x000000000201fafc      0x308 /home/halcyon/Desktop/src/mobile/devkit/devkitPro/libnds/lib/libnds9.a(trig.o)
                0x000000000201fafc                SIN_LUT
                0x000000000201fc00                TAN_LUT
 .data          0x000000000201fe04        0x0 /home/halcyon/Desktop/src/mobile/devkit/devkitPro/devkitARM/bin/../lib/gcc/arm-eabi/4.5.0/thumb/libgcc.a(_udivsi3.o)
 .data          0x000000000201fe04        0x0 /home/halcyon/Desktop/src/mobile/devkit/devkitPro/devkitARM/bin/../lib/gcc/arm-eabi/4.5.0/thumb/libgcc.a(_divsi3.o)
 .data          0x000000000201fe04        0x0 /home/halcyon/Desktop/src/mobile/devkit/devkitPro/devkitARM/bin/../lib/gcc/arm-eabi/4.5.0/thumb/libgcc.a(_dvmd_tls.o)
 .data          0x000000000201fe04        0x0 /home/halcyon/Desktop/src/mobile/devkit/devkitPro/devkitARM/bin/../lib/gcc/arm-eabi/4.5.0/../../../../arm-eabi/lib/thumb/libg.a(lib_a-bsearch.o)
 .data          0x000000000201fe04        0x0 /home/halcyon/Desktop/src/mobile/devkit/devkitPro/devkitARM/bin/../lib/gcc/arm-eabi/4.5.0/../../../../arm-eabi/lib/thumb/libg.a(lib_a-errno.o)
 *fill*         0x000000000201fe04        0x4 ff
 .data          0x000000000201fe08      0x430 /home/halcyon/Desktop/src/mobile/devkit/devkitPro/devkitARM/bin/../lib/gcc/arm-eabi/4.5.0/../../../../arm-eabi/lib/thumb/libg.a(lib_a-impure.o)
                0x000000000201fe08                _impure_ptr
 .data          0x0000000002020238        0x0 /home/halcyon/Desktop/src/mobile/devkit/devkitPro/devkitARM/bin/../lib/gcc/arm-eabi/4.5.0/../../../../arm-eabi/lib/thumb/libg.a(lib_a-init.o)
 .data          0x0000000002020238        0x0 /home/halcyon/Desktop/src/mobile/devkit/devkitPro/devkitARM/bin/../lib/gcc/arm-eabi/4.5.0/../../../../arm-eabi/lib/thumb/libg.a(lib_a-iprintf.o)
 .data          0x0000000002020238        0x0 /home/halcyon/Desktop/src/mobile/devkit/devkitPro/devkitARM/bin/../lib/gcc/arm-eabi/4.5.0/../../../../arm-eabi/lib/thumb/libg.a(lib_a-malloc.o)
 .data          0x0000000002020238      0x410 /home/halcyon/Desktop/src/mobile/devkit/devkitPro/devkitARM/bin/../lib/gcc/arm-eabi/4.5.0/../../../../arm-eabi/lib/thumb/libg.a(lib_a-mallocr.o)
                0x0000000002020238                __malloc_av_
                0x0000000002020640                __malloc_sbrk_base
                0x0000000002020644                __malloc_trim_threshold
 .data          0x0000000002020648        0x0 /home/halcyon/Desktop/src/mobile/devkit/devkitPro/devkitARM/bin/../lib/gcc/arm-eabi/4.5.0/../../../../arm-eabi/lib/thumb/libg.a(lib_a-memcpy.o)
 .data          0x0000000002020648        0x0 /home/halcyon/Desktop/src/mobile/devkit/devkitPro/devkitARM/bin/../lib/gcc/arm-eabi/4.5.0/../../../../arm-eabi/lib/thumb/libg.a(lib_a-memset.o)
 .data          0x0000000002020648        0x0 /home/halcyon/Desktop/src/mobile/devkit/devkitPro/devkitARM/bin/../lib/gcc/arm-eabi/4.5.0/../../../../arm-eabi/lib/thumb/libg.a(lib_a-mlock.o)
 .data          0x0000000002020648        0x0 /home/halcyon/Desktop/src/mobile/devkit/devkitPro/devkitARM/bin/../lib/gcc/arm-eabi/4.5.0/../../../../arm-eabi/lib/thumb/libg.a(lib_a-scanf.o)
 .data          0x0000000002020648        0x0 /home/halcyon/Desktop/src/mobile/devkit/devkitPro/devkitARM/bin/../lib/gcc/arm-eabi/4.5.0/../../../../arm-eabi/lib/thumb/libg.a(lib_a-setvbuf.o)
 .data          0x0000000002020648        0x0 /home/halcyon/Desktop/src/mobile/devkit/devkitPro/devkitARM/bin/../lib/gcc/arm-eabi/4.5.0/../../../../arm-eabi/lib/thumb/libg.a(lib_a-siscanf.o)
 .data          0x0000000002020648        0x0 /home/halcyon/Desktop/src/mobile/devkit/devkitPro/devkitARM/bin/../lib/gcc/arm-eabi/4.5.0/../../../../arm-eabi/lib/thumb/libg.a(lib_a-stdio.o)
 .data          0x0000000002020648        0x0 /home/halcyon/Desktop/src/mobile/devkit/devkitPro/devkitARM/bin/../lib/gcc/arm-eabi/4.5.0/../../../../arm-eabi/lib/thumb/libg.a(lib_a-strlen.o)
 .data          0x0000000002020648        0x0 /home/halcyon/Desktop/src/mobile/devkit/devkitPro/devkitARM/bin/../lib/gcc/arm-eabi/4.5.0/../../../../arm-eabi/lib/thumb/libg.a(lib_a-strncpy.o)
 .data          0x0000000002020648        0x0 /home/halcyon/Desktop/src/mobile/devkit/devkitPro/devkitARM/bin/../lib/gcc/arm-eabi/4.5.0/../../../../arm-eabi/lib/thumb/libg.a(lib_a-svfiscanf.o)
 .data          0x0000000002020648        0x0 /home/halcyon/Desktop/src/mobile/devkit/devkitPro/devkitARM/bin/../lib/gcc/arm-eabi/4.5.0/../../../../arm-eabi/lib/thumb/libg.a(lib_a-ungetc.o)
 .data          0x0000000002020648        0x0 /home/halcyon/Desktop/src/mobile/devkit/devkitPro/devkitARM/bin/../lib/gcc/arm-eabi/4.5.0/../../../../arm-eabi/lib/thumb/libg.a(lib_a-vfiprintf.o)
 .data          0x0000000002020648        0x0 /home/halcyon/Desktop/src/mobile/devkit/devkitPro/devkitARM/bin/../lib/gcc/arm-eabi/4.5.0/../../../../arm-eabi/lib/thumb/libg.a(lib_a-vfscanf.o)
 .data          0x0000000002020648        0x0 /home/halcyon/Desktop/src/mobile/devkit/devkitPro/devkitARM/bin/../lib/gcc/arm-eabi/4.5.0/../../../../arm-eabi/lib/thumb/libg.a(lib_a-wcrtomb.o)
 .data          0x0000000002020648        0x0 /home/halcyon/Desktop/src/mobile/devkit/devkitPro/devkitARM/bin/../lib/gcc/arm-eabi/4.5.0/../../../../arm-eabi/lib/thumb/libg.a(lib_a-wcsrtombs.o)
 .data          0x0000000002020648        0x4 /home/halcyon/Desktop/src/mobile/devkit/devkitPro/devkitARM/bin/../lib/gcc/arm-eabi/4.5.0/../../../../arm-eabi/lib/thumb/libg.a(lib_a-wctomb_r.o)
                0x0000000002020648                __wctomb
 .data          0x000000000202064c        0x0 /home/halcyon/Desktop/src/mobile/devkit/devkitPro/devkitARM/bin/../lib/gcc/arm-eabi/4.5.0/../../../../arm-eabi/lib/thumb/libg.a(lib_a-wsetup.o)
 .data          0x000000000202064c        0x4 /home/halcyon/Desktop/src/mobile/devkit/devkitPro/devkitARM/bin/../lib/gcc/arm-eabi/4.5.0/../../../../arm-eabi/lib/thumb/libg.a(lib_a-ctype_.o)
                0x000000000202064c                __ctype_ptr__
 .data          0x0000000002020650        0x0 /home/halcyon/Desktop/src/mobile/devkit/devkitPro/devkitARM/bin/../lib/gcc/arm-eabi/4.5.0/../../../../arm-eabi/lib/thumb/libg.a(lib_a-fflush.o)
 .data          0x0000000002020650        0x0 /home/halcyon/Desktop/src/mobile/devkit/devkitPro/devkitARM/bin/../lib/gcc/arm-eabi/4.5.0/../../../../arm-eabi/lib/thumb/libg.a(lib_a-findfp.o)
 .data          0x0000000002020650        0x0 /home/halcyon/Desktop/src/mobile/devkit/devkitPro/devkitARM/bin/../lib/gcc/arm-eabi/4.5.0/../../../../arm-eabi/lib/thumb/libg.a(lib_a-fputwc.o)
 .data          0x0000000002020650        0x0 /home/halcyon/Desktop/src/mobile/devkit/devkitPro/devkitARM/bin/../lib/gcc/arm-eabi/4.5.0/../../../../arm-eabi/lib/thumb/libg.a(lib_a-fread.o)
 .data          0x0000000002020650        0x0 /home/halcyon/Desktop/src/mobile/devkit/devkitPro/devkitARM/bin/../lib/gcc/arm-eabi/4.5.0/../../../../arm-eabi/lib/thumb/libg.a(lib_a-freer.o)
 .data          0x0000000002020650        0x0 /home/halcyon/Desktop/src/mobile/devkit/devkitPro/devkitARM/bin/../lib/gcc/arm-eabi/4.5.0/../../../../arm-eabi/lib/thumb/libg.a(lib_a-fvwrite.o)
 .data          0x0000000002020650        0x0 /home/halcyon/Desktop/src/mobile/devkit/devkitPro/devkitARM/bin/../lib/gcc/arm-eabi/4.5.0/../../../../arm-eabi/lib/thumb/libg.a(lib_a-fwalk.o)
 .data          0x0000000002020650        0x0 /home/halcyon/Desktop/src/mobile/devkit/devkitPro/devkitARM/bin/../lib/gcc/arm-eabi/4.5.0/../../../../arm-eabi/lib/thumb/libg.a(lib_a-iswspace.o)
 .data          0x0000000002020650        0x0 /home/halcyon/Desktop/src/mobile/devkit/devkitPro/devkitARM/bin/../lib/gcc/arm-eabi/4.5.0/../../../../arm-eabi/lib/thumb/libg.a(lib_a-jp2uc.o)
 .data          0x0000000002020650      0x144 /home/halcyon/Desktop/src/mobile/devkit/devkitPro/devkitARM/bin/../lib/gcc/arm-eabi/4.5.0/../../../../arm-eabi/lib/thumb/libg.a(lib_a-locale.o)
                0x0000000002020650                __default_locale
                0x0000000002020690                __mb_cur_max
 .data          0x0000000002020794        0x0 /home/halcyon/Desktop/src/mobile/devkit/devkitPro/devkitARM/bin/../lib/gcc/arm-eabi/4.5.0/../../../../arm-eabi/lib/thumb/libg.a(lib_a-makebuf.o)
 .data          0x0000000002020794        0x0 /home/halcyon/Desktop/src/mobile/devkit/devkitPro/devkitARM/bin/../lib/gcc/arm-eabi/4.5.0/../../../../arm-eabi/lib/thumb/libg.a(lib_a-mbrtowc.o)
 .data          0x0000000002020794        0x4 /home/halcyon/Desktop/src/mobile/devkit/devkitPro/devkitARM/bin/../lib/gcc/arm-eabi/4.5.0/../../../../arm-eabi/lib/thumb/libg.a(lib_a-mbtowc_r.o)
                0x0000000002020794                __mbtowc
 .data          0x0000000002020798        0x0 /home/halcyon/Desktop/src/mobile/devkit/devkitPro/devkitARM/bin/../lib/gcc/arm-eabi/4.5.0/../../../../arm-eabi/lib/thumb/libg.a(lib_a-memchr.o)
 .data          0x0000000002020798        0x0 /home/halcyon/Desktop/src/mobile/devkit/devkitPro/devkitARM/bin/../lib/gcc/arm-eabi/4.5.0/../../../../arm-eabi/lib/thumb/libg.a(lib_a-memmove.o)
 .data          0x0000000002020798        0x0 /home/halcyon/Desktop/src/mobile/devkit/devkitPro/devkitARM/bin/../lib/gcc/arm-eabi/4.5.0/../../../../arm-eabi/lib/thumb/libg.a(lib_a-reallocr.o)
 .data          0x0000000002020798        0x0 /home/halcyon/Desktop/src/mobile/devkit/devkitPro/devkitARM/bin/../lib/gcc/arm-eabi/4.5.0/../../../../arm-eabi/lib/thumb/libg.a(lib_a-refill.o)
 .data          0x0000000002020798        0x0 /home/halcyon/Desktop/src/mobile/devkit/devkitPro/devkitARM/bin/../lib/gcc/arm-eabi/4.5.0/../../../../arm-eabi/lib/thumb/libg.a(lib_a-sccl.o)
 .data          0x0000000002020798        0x0 /home/halcyon/Desktop/src/mobile/devkit/devkitPro/devkitARM/bin/../lib/gcc/arm-eabi/4.5.0/../../../../arm-eabi/lib/thumb/libg.a(lib_a-sf_nan.o)
 .data          0x0000000002020798        0x0 /home/halcyon/Desktop/src/mobile/devkit/devkitPro/devkitARM/bin/../lib/gcc/arm-eabi/4.5.0/../../../../arm-eabi/lib/thumb/libg.a(lib_a-s_fpclassify.o)
 .data          0x0000000002020798        0x0 /home/halcyon/Desktop/src/mobile/devkit/devkitPro/devkitARM/bin/../lib/gcc/arm-eabi/4.5.0/../../../../arm-eabi/lib/thumb/libg.a(lib_a-sprintf.o)
 .data          0x0000000002020798        0x0 /home/halcyon/Desktop/src/mobile/devkit/devkitPro/devkitARM/bin/../lib/gcc/arm-eabi/4.5.0/../../../../arm-eabi/lib/thumb/libg.a(lib_a-strcasecmp.o)
 .data          0x0000000002020798        0x0 /home/halcyon/Desktop/src/mobile/devkit/devkitPro/devkitARM/bin/../lib/gcc/arm-eabi/4.5.0/../../../../arm-eabi/lib/thumb/libg.a(lib_a-strcat.o)
 .data          0x0000000002020798        0x0 /home/halcyon/Desktop/src/mobile/devkit/devkitPro/devkitARM/bin/../lib/gcc/arm-eabi/4.5.0/../../../../arm-eabi/lib/thumb/libg.a(lib_a-strchr.o)
 .data          0x0000000002020798        0x0 /home/halcyon/Desktop/src/mobile/devkit/devkitPro/devkitARM/bin/../lib/gcc/arm-eabi/4.5.0/../../../../arm-eabi/lib/thumb/libg.a(lib_a-strcmp.o)
 .data          0x0000000002020798        0x0 /home/halcyon/Desktop/src/mobile/devkit/devkitPro/devkitARM/bin/../lib/gcc/arm-eabi/4.5.0/../../../../arm-eabi/lib/thumb/libg.a(lib_a-strcpy.o)
 .data          0x0000000002020798        0x0 /home/halcyon/Desktop/src/mobile/devkit/devkitPro/devkitARM/bin/../lib/gcc/arm-eabi/4.5.0/../../../../arm-eabi/lib/thumb/libg.a(lib_a-strlcpy.o)
 .data          0x0000000002020798        0x0 /home/halcyon/Desktop/src/mobile/devkit/devkitPro/devkitARM/bin/../lib/gcc/arm-eabi/4.5.0/../../../../arm-eabi/lib/thumb/libg.a(lib_a-strncasecmp.o)
 .data          0x0000000002020798        0x0 /home/halcyon/Desktop/src/mobile/devkit/devkitPro/devkitARM/bin/../lib/gcc/arm-eabi/4.5.0/../../../../arm-eabi/lib/thumb/libg.a(lib_a-strncmp.o)
 .data          0x0000000002020798       0x28 /home/halcyon/Desktop/src/mobile/devkit/devkitPro/devkitARM/bin/../lib/gcc/arm-eabi/4.5.0/../../../../arm-eabi/lib/thumb/libg.a(lib_a-strtod.o)
 .data          0x00000000020207c0        0x0 /home/halcyon/Desktop/src/mobile/devkit/devkitPro/devkitARM/bin/../lib/gcc/arm-eabi/4.5.0/../../../../arm-eabi/lib/thumb/libg.a(lib_a-strtol.o)
 .data          0x00000000020207c0        0x0 /home/halcyon/Desktop/src/mobile/devkit/devkitPro/devkitARM/bin/../lib/gcc/arm-eabi/4.5.0/../../../../arm-eabi/lib/thumb/libg.a(lib_a-strtoul.o)
 .data          0x00000000020207c0        0x0 /home/halcyon/Desktop/src/mobile/devkit/devkitPro/devkitARM/bin/../lib/gcc/arm-eabi/4.5.0/../../../../arm-eabi/lib/thumb/libg.a(lib_a-svfprintf.o)
 .data          0x00000000020207c0        0x0 /home/halcyon/Desktop/src/mobile/devkit/devkitPro/devkitARM/bin/../lib/gcc/arm-eabi/4.5.0/../../../../arm-eabi/lib/thumb/libg.a(lib_a-wbuf.o)
 .data          0x00000000020207c0        0x0 /home/halcyon/Desktop/src/mobile/devkit/devkitPro/devkitARM/bin/../lib/gcc/arm-eabi/4.5.0/../../../../arm-eabi/lib/thumb/libg.a(lib_a-wcsnrtombs.o)
 .data          0x00000000020207c0        0x0 /home/halcyon/Desktop/src/mobile/devkit/devkitPro/devkitARM/bin/../lib/gcc/arm-eabi/4.5.0/../../../../arm-eabi/lib/thumb/libg.a(lib_a-dtoa.o)
 .data          0x00000000020207c0        0x0 /home/halcyon/Desktop/src/mobile/devkit/devkitPro/devkitARM/bin/../lib/gcc/arm-eabi/4.5.0/../../../../arm-eabi/lib/thumb/libg.a(lib_a-fclose.o)
 .data          0x00000000020207c0        0x0 /home/halcyon/Desktop/src/mobile/devkit/devkitPro/devkitARM/bin/../lib/gcc/arm-eabi/4.5.0/../../../../arm-eabi/lib/thumb/libg.a(lib_a-gdtoa-gethex.o)
 .data          0x00000000020207c0        0x0 /home/halcyon/Desktop/src/mobile/devkit/devkitPro/devkitARM/bin/../lib/gcc/arm-eabi/4.5.0/../../../../arm-eabi/lib/thumb/libg.a(lib_a-gdtoa-hexnan.o)
 .data          0x00000000020207c0        0x0 /home/halcyon/Desktop/src/mobile/devkit/devkitPro/devkitARM/bin/../lib/gcc/arm-eabi/4.5.0/../../../../arm-eabi/lib/thumb/libg.a(lib_a-getenv_r.o)
 .data          0x00000000020207c0        0x0 /home/halcyon/Desktop/src/mobile/devkit/devkitPro/devkitARM/bin/../lib/gcc/arm-eabi/4.5.0/../../../../arm-eabi/lib/thumb/libg.a(lib_a-mprec.o)
 .data          0x00000000020207c0        0x0 /home/halcyon/Desktop/src/mobile/devkit/devkitPro/devkitARM/bin/../lib/gcc/arm-eabi/4.5.0/../../../../arm-eabi/lib/thumb/libg.a(lib_a-svfiprintf.o)
 .data          0x00000000020207c0        0x0 /home/halcyon/Desktop/src/mobile/devkit/devkitPro/devkitARM/bin/../lib/gcc/arm-eabi/4.5.0/../../../../arm-eabi/lib/thumb/libg.a(lib_a-callocr.o)
 .data          0x00000000020207c0        0x4 /home/halcyon/Desktop/src/mobile/devkit/devkitPro/devkitARM/bin/../lib/gcc/arm-eabi/4.5.0/../../../../arm-eabi/lib/thumb/libg.a(lib_a-environ.o)
                0x00000000020207c0                environ
 .data          0x00000000020207c4        0x0 /home/halcyon/Desktop/src/mobile/devkit/devkitPro/devkitARM/bin/../lib/gcc/arm-eabi/4.5.0/../../../../arm-eabi/lib/thumb/libg.a(lib_a-envlock.o)
 .data          0x00000000020207c4       0x44 /home/halcyon/Desktop/src/mobile/devkit/devkitPro/devkitARM/bin/../lib/gcc/arm-eabi/4.5.0/../../../../arm-eabi/lib/thumb/libsysbase.a(iosupport.o)
                0x00000000020207c8                devoptab_list
 .data          0x0000000002020808        0x0 /home/halcyon/Desktop/src/mobile/devkit/devkitPro/devkitARM/bin/../lib/gcc/arm-eabi/4.5.0/../../../../arm-eabi/lib/thumb/libsysbase.a(close.o)
 .data          0x0000000002020808        0x0 /home/halcyon/Desktop/src/mobile/devkit/devkitPro/devkitARM/bin/../lib/gcc/arm-eabi/4.5.0/../../../../arm-eabi/lib/thumb/libsysbase.a(fstat.o)
 .data          0x0000000002020808        0x0 /home/halcyon/Desktop/src/mobile/devkit/devkitPro/devkitARM/bin/../lib/gcc/arm-eabi/4.5.0/../../../../arm-eabi/lib/thumb/libsysbase.a(isatty.o)
 .data          0x0000000002020808        0x0 /home/halcyon/Desktop/src/mobile/devkit/devkitPro/devkitARM/bin/../lib/gcc/arm-eabi/4.5.0/../../../../arm-eabi/lib/thumb/libsysbase.a(lseek.o)
 .data          0x0000000002020808        0x0 /home/halcyon/Desktop/src/mobile/devkit/devkitPro/devkitARM/bin/../lib/gcc/arm-eabi/4.5.0/../../../../arm-eabi/lib/thumb/libsysbase.a(read.o)
 .data          0x0000000002020808        0x0 /home/halcyon/Desktop/src/mobile/devkit/devkitPro/devkitARM/bin/../lib/gcc/arm-eabi/4.5.0/../../../../arm-eabi/lib/thumb/libsysbase.a(sbrk.o)
 .data          0x0000000002020808        0x0 /home/halcyon/Desktop/src/mobile/devkit/devkitPro/devkitARM/bin/../lib/gcc/arm-eabi/4.5.0/../../../../arm-eabi/lib/thumb/libsysbase.a(times.o)
 .data          0x0000000002020808        0x0 /home/halcyon/Desktop/src/mobile/devkit/devkitPro/devkitARM/bin/../lib/gcc/arm-eabi/4.5.0/../../../../arm-eabi/lib/thumb/libsysbase.a(write.o)
 .data          0x0000000002020808        0x0 /home/halcyon/Desktop/src/mobile/devkit/devkitPro/devkitARM/bin/../lib/gcc/arm-eabi/4.5.0/../../../../arm-eabi/lib/thumb/libsysbase.a(malloc_vars.o)
 .data          0x0000000002020808        0x0 /home/halcyon/Desktop/src/mobile/devkit/devkitPro/devkitARM/bin/../lib/gcc/arm-eabi/4.5.0/../../../../arm-eabi/lib/thumb/libsysbase.a(build_argv.o)
 .data          0x0000000002020808        0x0 /home/halcyon/Desktop/src/mobile/devkit/devkitPro/devkitARM/bin/../lib/gcc/arm-eabi/4.5.0/../../../../arm-eabi/lib/thumb/libsysbase.a(syscall_support.o)
 .data          0x0000000002020808        0x0 /home/halcyon/Desktop/src/mobile/devkit/devkitPro/devkitARM/bin/../lib/gcc/arm-eabi/4.5.0/../../../../arm-eabi/lib/thumb/libsysbase.a(handle_manager.o)
 .data          0x0000000002020808        0x0 /home/halcyon/Desktop/src/mobile/devkit/devkitPro/devkitARM/bin/../lib/gcc/arm-eabi/4.5.0/thumb/libgcc.a(_arm_addsubdf3.o)
 .data          0x0000000002020808        0x0 /home/halcyon/Desktop/src/mobile/devkit/devkitPro/devkitARM/bin/../lib/gcc/arm-eabi/4.5.0/thumb/libgcc.a(_arm_muldivdf3.o)
 .data          0x0000000002020808        0x0 /home/halcyon/Desktop/src/mobile/devkit/devkitPro/devkitARM/bin/../lib/gcc/arm-eabi/4.5.0/thumb/libgcc.a(_arm_cmpdf2.o)
 .data          0x0000000002020808        0x0 /home/halcyon/Desktop/src/mobile/devkit/devkitPro/devkitARM/bin/../lib/gcc/arm-eabi/4.5.0/thumb/libgcc.a(_arm_fixdfsi.o)
 .data          0x0000000002020808        0x0 /home/halcyon/Desktop/src/mobile/devkit/devkitPro/devkitARM/bin/../lib/gcc/arm-eabi/4.5.0/thumb/libgcc.a(_arm_fixunsdfsi.o)
 .data          0x0000000002020808        0x0 /home/halcyon/Desktop/src/mobile/devkit/devkitPro/devkitARM/bin/../lib/gcc/arm-eabi/4.5.0/thumb/libgcc.a(_arm_truncdfsf2.o)
 .data          0x0000000002020808        0x0 /home/halcyon/Desktop/src/mobile/devkit/devkitPro/devkitARM/bin/../lib/gcc/arm-eabi/4.5.0/thumb/crtend.o
 .data          0x0000000002020808        0x0 /home/halcyon/Desktop/src/mobile/devkit/devkitPro/devkitARM/bin/../lib/gcc/arm-eabi/4.5.0/thumb/crtn.o
 *(.data.*)
 *(.gnu.linkonce.d*)
                0x0000000002020808                . = ALIGN (0x4)
                0x0000000002020808                __data_end = ABSOLUTE (.)
                0x0000000002020808                __dtcm_lma = .
                0x0000000002020808                __bss_vma = .
