Archive member included because of file (symbol)

/home/halcyon/Desktop/src/mobile/devkit/devkitPro/libnds/lib/libnds9.a(console.o)
                              micrecord.o (consoleDemoInit)
/home/halcyon/Desktop/src/mobile/devkit/devkitPro/libnds/lib/libnds9.a(keys.o)
                              micrecord.o (scanKeys)
/home/halcyon/Desktop/src/mobile/devkit/devkitPro/libnds/lib/libnds9.a(sound.o)
                              micrecord.o (soundEnable)
/home/halcyon/Desktop/src/mobile/devkit/devkitPro/libnds/lib/libnds9.a(initSystem.o)
                              /home/halcyon/Desktop/src/mobile/devkit/devkitPro/devkitARM/bin/../lib/gcc/arm-eabi/4.5.0/../../../../arm-eabi/lib/thumb/ds_arm9_crt0.o (initSystem)
/home/halcyon/Desktop/src/mobile/devkit/devkitPro/libnds/lib/libnds9.a(fifosystem.o)
                              /home/halcyon/Desktop/src/mobile/devkit/devkitPro/libnds/lib/libnds9.a(sound.o) (fifoSendValue32)
/home/halcyon/Desktop/src/mobile/devkit/devkitPro/libnds/lib/libnds9.a(interrupts.o)
                              /home/halcyon/Desktop/src/mobile/devkit/devkitPro/libnds/lib/libnds9.a(fifosystem.o) (irqSet)
/home/halcyon/Desktop/src/mobile/devkit/devkitPro/libnds/lib/libnds9.a(libnds_exit.o)
                              /home/halcyon/Desktop/src/mobile/devkit/devkitPro/devkitARM/bin/../lib/gcc/arm-eabi/4.5.0/../../../../arm-eabi/lib/thumb/ds_arm9_crt0.o (__libnds_exit)
/home/halcyon/Desktop/src/mobile/devkit/devkitPro/libnds/lib/libnds9.a(dcache.o)
                              micrecord.o (DC_InvalidateRange)
/home/halcyon/Desktop/src/mobile/devkit/devkitPro/libnds/lib/libnds9.a(mpu_setup.o)
                              /home/halcyon/Desktop/src/mobile/devkit/devkitPro/devkitARM/bin/../lib/gcc/arm-eabi/4.5.0/../../../../arm-eabi/lib/thumb/ds_arm9_crt0.o (__libnds_mpu_setup)
/home/halcyon/Desktop/src/mobile/devkit/devkitPro/libnds/lib/libnds9.a(biosCalls.o)
                              /home/halcyon/Desktop/src/mobile/devkit/devkitPro/libnds/lib/libnds9.a(fifosystem.o) (swiIntrWait)
/home/halcyon/Desktop/src/mobile/devkit/devkitPro/libnds/lib/libnds9.a(debugprint.o)
                              /home/halcyon/Desktop/src/mobile/devkit/devkitPro/libnds/lib/libnds9.a(console.o) (nocashMessage)
/home/halcyon/Desktop/src/mobile/devkit/devkitPro/libnds/lib/libnds9.a(interruptDispatcher.o)
                              /home/halcyon/Desktop/src/mobile/devkit/devkitPro/libnds/lib/libnds9.a(interrupts.o) (IntrMain)
/home/halcyon/Desktop/src/mobile/devkit/devkitPro/libnds/lib/libnds9.a(swiSoftReset.o)
                              /home/halcyon/Desktop/src/mobile/devkit/devkitPro/libnds/lib/libnds9.a(fifosystem.o) (swiSoftReset)
/home/halcyon/Desktop/src/mobile/devkit/devkitPro/libnds/lib/libnds9.a(default_font.bin.o)
                              /home/halcyon/Desktop/src/mobile/devkit/devkitPro/libnds/lib/libnds9.a(console.o) (default_font_bin)
/home/halcyon/Desktop/src/mobile/devkit/devkitPro/libnds/lib/libnds9.a(background.o)
                              /home/halcyon/Desktop/src/mobile/devkit/devkitPro/libnds/lib/libnds9.a(console.o) (bgState)
/home/halcyon/Desktop/src/mobile/devkit/devkitPro/libnds/lib/libnds9.a(system.o)
                              /home/halcyon/Desktop/src/mobile/devkit/devkitPro/libnds/lib/libnds9.a(initSystem.o) (systemMsgHandler)
/home/halcyon/Desktop/src/mobile/devkit/devkitPro/libnds/lib/libnds9.a(trig.o)
                              /home/halcyon/Desktop/src/mobile/devkit/devkitPro/libnds/lib/libnds9.a(background.o) (sinLerp)
/home/halcyon/Desktop/src/mobile/devkit/devkitPro/devkitARM/bin/../lib/gcc/arm-eabi/4.5.0/../../../../arm-eabi/lib/thumb/libg.a(lib_a-bsearch.o)
                              /home/halcyon/Desktop/src/mobile/devkit/devkitPro/libnds/lib/libnds9.a(trig.o) (bsearch)
/home/halcyon/Desktop/src/mobile/devkit/devkitPro/devkitARM/bin/../lib/gcc/arm-eabi/4.5.0/../../../../arm-eabi/lib/thumb/libg.a(lib_a-impure.o)
                              /home/halcyon/Desktop/src/mobile/devkit/devkitPro/libnds/lib/libnds9.a(console.o) (_impure_ptr)
/home/halcyon/Desktop/src/mobile/devkit/devkitPro/devkitARM/bin/../lib/gcc/arm-eabi/4.5.0/../../../../arm-eabi/lib/thumb/libg.a(lib_a-init.o)
                              /home/halcyon/Desktop/src/mobile/devkit/devkitPro/devkitARM/bin/../lib/gcc/arm-eabi/4.5.0/../../../../arm-eabi/lib/thumb/ds_arm9_crt0.o (__libc_init_array)
/home/halcyon/Desktop/src/mobile/devkit/devkitPro/devkitARM/bin/../lib/gcc/arm-eabi/4.5.0/../../../../arm-eabi/lib/thumb/libg.a(lib_a-iprintf.o)
                              micrecord.o (iprintf)
/home/halcyon/Desktop/src/mobile/devkit/devkitPro/devkitARM/bin/../lib/gcc/arm-eabi/4.5.0/../../../../arm-eabi/lib/thumb/libg.a(lib_a-malloc.o)
                              micrecord.o (malloc)
/home/halcyon/Desktop/src/mobile/devkit/devkitPro/devkitARM/bin/../lib/gcc/arm-eabi/4.5.0/../../../../arm-eabi/lib/thumb/libg.a(lib_a-mallocr.o)
[...]
Memory Configuration

Name             Origin             Length             Attributes
rom              0x0000000008000000 0x0000000002000000
ewram            0x0000000002000000 0x00000000003ff000
dtcm             0x000000000b000000 0x0000000000004000
vectors          0x0000000001000000 0x0000000000000100
itcm             0x0000000001000100 0x0000000000007f00
*default*        0x0000000000000000 0xffffffffffffffff

Linker script and memory map

                0x0000000001000000                __vectors_start = 0x1000000
                0x0000000001000100                __itcm_start = 0x1000100
                0x00000000023ff000                __ewram_end = 0x23ff000
                0x00000000023ff000                __eheap_end = 0x23ff000
                0x000000000b000000                __dtcm_start = 0xb000000
                0x000000000b004000                __dtcm_top = 0xb004000
                0x000000000b003ff8                __irq_flags = (__dtcm_top - 0x8)
                0x000000000b003ffc                __irq_vector = (__dtcm_top - 0x4)
                0x000000000b003f00                __sp_svc = (__dtcm_top - 0x100)
                0x000000000b003e00                __sp_irq = (__sp_svc - 0x100)
                0x000000000b003d00                __sp_usr = (__sp_irq - 0x100)

.init           0x0000000002000000      0x23c
                0x0000000002000000                __text_start = .
 *(.init)
 .init          0x0000000002000000      0x230 /home/halcyon/Desktop/src/mobile/devkit/devkitPro/devkitARM/bin/../lib/gcc/arm-eabi/4.5.0/../../../../arm-eabi/lib/thumb/ds_arm9_crt0.o
                0x0000000002000000                _start
 .init          0x0000000002000230        0x4 /home/halcyon/Desktop/src/mobile/devkit/devkitPro/devkitARM/bin/../lib/gcc/arm-eabi/4.5.0/thumb/crti.o
                0x0000000002000230                _init
 .init          0x0000000002000234        0x8 /home/halcyon/Desktop/src/mobile/devkit/devkitPro/devkitARM/bin/../lib/gcc/arm-eabi/4.5.0/thumb/crtn.o
                0x000000000200023c                . = ALIGN (0x4)

.plt
 *(.plt)

.text           0x0000000002000240     0x82f0
 *(EXCLUDE_FILE(*.itcm*) .text)
 .text          0x0000000002000240        0x0 /home/halcyon/Desktop/src/mobile/devkit/devkitPro/devkitARM/bin/../lib/gcc/arm-eabi/4.5.0/../../../../arm-eabi/lib/thumb/ds_arm9_crt0.o
 .text          0x0000000002000240        0x0 /home/halcyon/Desktop/src/mobile/devkit/devkitPro/devkitARM/bin/../lib/gcc/arm-eabi/4.5.0/thumb/crti.o
 .text          0x0000000002000240       0x6c /home/halcyon/Desktop/src/mobile/devkit/devkitPro/devkitARM/bin/../lib/gcc/arm-eabi/4.5.0/thumb/crtbegin.o
 .text          0x00000000020002ac      0x148 micrecord.o
                0x00000000020002ac                micHandler
                0x000000000200030c                record
                0x000000000200033c                play
                0x000000000200037c                main
 .text          0x00000000020003f4      0x9d4 /home/halcyon/Desktop/src/mobile/devkit/devkitPro/libnds/lib/libnds9.a(console.o)
                0x0000000002000488                nocash_write
                0x00000000020004b4                consoleGetDefault
                0x00000000020004c0                consoleSelect
                0x00000000020004cc                consoleDebugInit
                0x0000000002000518                consolePrintChar
                0x00000000020006b8                consoleLoadFont
                0x0000000002000938                consoleSetFont
                0x0000000002000958                consoleInit
                0x0000000002000aa0                consoleDemoInit
                0x0000000002000ae4                con_write
                0x0000000002000d94                consoleClear
                0x0000000002000da4                consoleSetWindow
 .text          0x0000000002000dc8       0xf8 /home/halcyon/Desktop/src/mobile/devkit/devkitPro/libnds/lib/libnds9.a(keys.o)
                0x0000000002000dc8                scanKeys
                0x0000000002000e38                keysHeld
                0x0000000002000e44                keysDown
                0x0000000002000e54                keysDownRepeat
                0x0000000002000e64                keysSetRepeat
                0x0000000002000e7c                keysUp
                0x0000000002000e8c                keysCurrent
 .text          0x0000000002000ec0      0x204 /home/halcyon/Desktop/src/mobile/devkit/devkitPro/libnds/lib/libnds9.a(sound.o)
                0x0000000002000ec0                micBufferHandler
                0x0000000002000ef4                soundEnable
                0x0000000002000f04                soundDisable
                0x0000000002000f14                soundPlayPSG
                0x0000000002000f48                soundPlayNoise
                0x0000000002000f7c                soundPlaySample
                0x0000000002000fe0                soundPause
                0x0000000002000ff4                soundKill
                0x0000000002001008                soundResume
                0x000000000200101c                soundSetVolume
                0x0000000002001030                soundSetPan
                0x0000000002001040                soundSetFreq
                0x0000000002001054                soundSetWaveDuty
                0x0000000002001068                soundMicRecord
                0x00000000020010b4                soundMicOff
 .text          0x00000000020010c4      0x130 /home/halcyon/Desktop/src/mobile/devkit/devkitPro/libnds/lib/libnds9.a(initSystem.o)
                0x00000000020010c4                initSystem
 .text          0x00000000020011f4      0xc8c /home/halcyon/Desktop/src/mobile/devkit/devkitPro/libnds/lib/libnds9.a(fifosystem.o)
                0x0000000002001458                fifoSendAddress
                0x0000000002001484                fifoSendValue32
                0x00000000020014c4                fifoSendDatamsg
                0x0000000002001530                fifoGetAddress
                0x00000000020015a0                fifoSetAddressHandler
                0x0000000002001614                fifoGetValue32
                0x0000000002001680                fifoSetValue32Handler
                0x00000000020016f4                fifoGetDatamsg
                0x0000000002001ba8                fifoSetDatamsgHandler
                0x0000000002001c40                fifoCheckAddress
                0x0000000002001c64                fifoCheckDatamsg
                0x0000000002001c88                fifoCheckValue32
                0x0000000002001cac                fifoInit
 .text          0x0000000002001e80      0x1cc /home/halcyon/Desktop/src/mobile/devkit/devkitPro/libnds/lib/libnds9.a(interrupts.o)
                0x0000000002001e80                irqDummy
                0x0000000002001e84                irqSet
                0x0000000002001ef0                irqInit
                0x0000000002001f3c                irqInitHandler
                0x0000000002001f6c                irqEnable
                0x0000000002001fcc                irqDisable
                0x0000000002002020                irqClear
 .text          0x000000000200204c       0x40 /home/halcyon/Desktop/src/mobile/devkit/devkitPro/libnds/lib/libnds9.a(libnds_exit.o)
                0x000000000200204c                systemErrorExit
                0x0000000002002050                __libnds_exit
 .text          0x000000000200208c       0x70 /home/halcyon/Desktop/src/mobile/devkit/devkitPro/libnds/lib/libnds9.a(dcache.o)
                0x000000000200208c                DC_FlushAll
                0x00000000020020b8                DC_FlushRange
                0x00000000020020d4                DC_InvalidateAll
                0x00000000020020e0                DC_InvalidateRange
 .text          0x00000000020020fc      0x1b4 /home/halcyon/Desktop/src/mobile/devkit/devkitPro/libnds/lib/libnds9.a(mpu_setup.o)
                0x00000000020020fc                __libnds_mpu_setup
                0x000000000200223c                memCached
                0x0000000002002254                memUncached
 .text          0x00000000020022b0       0x70 /home/halcyon/Desktop/src/mobile/devkit/devkitPro/libnds/lib/libnds9.a(biosCalls.o)
                0x00000000020022b0                swiDelay
                0x00000000020022b4                swiIntrWait
                0x00000000020022b8                swiWaitForVBlank
                0x00000000020022bc                swiSleep
                0x00000000020022c0                swiChangeSoundBias
                0x00000000020022c4                swiDivide
                0x00000000020022c8                swiRemainder
                0x00000000020022ce                swiDivMod
                0x00000000020022da                swiCopy
                0x00000000020022de                swiFastCopy
                0x00000000020022e2                swiSqrt
                0x00000000020022e6                swiCRC16
                0x00000000020022ea                swiIsDebugger
                0x00000000020022ee                swiUnpackBits
                0x00000000020022f2                swiDecompressLZSSWram
                0x00000000020022f6                swiDecompressLZSSVram
                0x00000000020022fa                swiDecompressHuffman
                0x00000000020022fe                swiDecompressRLEWram
                0x0000000002002302                swiDecompressRLEVram
                0x0000000002002306                swiWaitForIRQ
                0x000000000200230a                swiDecodeDelta8
                0x000000000200230e                swiDecodeDelta16
                0x0000000002002312                swiSetHaltCR
 .text          0x0000000002002320       0x98 /home/halcyon/Desktop/src/mobile/devkit/devkitPro/libnds/lib/libnds9.a(debugprint.o)
                0x0000000002002320                nocashMessage
 .text          0x00000000020023b8        0x0 /home/halcyon/Desktop/src/mobile/devkit/devkitPro/libnds/lib/libnds9.a(interruptDispatcher.o)
 *fill*         0x00000000020023b8        0x8 ff
 .text          0x00000000020023c0       0x30 /home/halcyon/Desktop/src/mobile/devkit/devkitPro/libnds/lib/libnds9.a(swiSoftReset.o)
                0x00000000020023c0                swiSoftReset
 .text          0x00000000020023f0        0x0 /home/halcyon/Desktop/src/mobile/devkit/devkitPro/libnds/lib/libnds9.a(default_font.bin.o)
 .text          0x00000000020023f0      0x318 /home/halcyon/Desktop/src/mobile/devkit/devkitPro/libnds/lib/libnds9.a(background.o)
                0x00000000020023f0                bgIsText
                0x00000000020023fc                checkIfText
                0x000000000200245c                bgUpdate
                0x000000000200257c                bgInit_call
                0x0000000002002640                bgInitSub_call
 .text          0x0000000002002708       0xd4 /home/halcyon/Desktop/src/mobile/devkit/devkitPro/libnds/lib/libnds9.a(system.o)
                0x0000000002002708                systemMsgHandler
                0x000000000200274c                systemSleep
                0x0000000002002764                powerValueHandler
                0x0000000002002774                powerOn
                0x00000000020027a0                powerOff
                0x00000000020027c8                ledBlink
 .text          0x00000000020027dc      0x214 /home/halcyon/Desktop/src/mobile/devkit/devkitPro/libnds/lib/libnds9.a(trig.o)
                0x00000000020027dc                arcSinComp
                0x0000000002002808                sinLutLookup
                0x0000000002002844                sinLerp
                0x000000000200286c                cosLerp
                0x0000000002002884                tanLutLookup
                0x00000000020028bc                tanLerp
                0x0000000002002958                asinLerp
                0x00000000020029d8                acosLerp
 .text          0x00000000020029f0       0x60 /home/halcyon/Desktop/src/mobile/devkit/devkitPro/devkitARM/bin/../lib/gcc/arm-eabi/4.5.0/../../../../arm-eabi/lib/thumb/libg.a(lib_a-bsearch.o)
                0x00000000020029f0                bsearch
 .text          0x0000000002002a50        0x0 /home/halcyon/Desktop/src/mobile/devkit/devkitPro/devkitARM/bin/../lib/gcc/arm-eabi/4.5.0/../../../../arm-eabi/lib/thumb/libg.a(lib_a-impure.o)
 .text          0x0000000002002a50       0x88 /home/halcyon/Desktop/src/mobile/devkit/devkitPro/devkitARM/bin/../lib/gcc/arm-eabi/4.5.0/../../../../arm-eabi/lib/thumb/libg.a(lib_a-init.o)
                0x0000000002002a50                __libc_init_array
                0x0000000002002aa0                __libc_fini_array
 .text          0x0000000002002ad8       0x40 /home/halcyon/Desktop/src/mobile/devkit/devkitPro/devkitARM/bin/../lib/gcc/arm-eabi/4.5.0/../../../../arm-eabi/lib/thumb/libg.a(lib_a-iprintf.o)
                0x0000000002002ad8                iprintf
                0x0000000002002afc                _iprintf_r
 .text          0x0000000002002b18       0x30 /home/halcyon/Desktop/src/mobile/devkit/devkitPro/devkitARM/bin/../lib/gcc/arm-eabi/4.5.0/../../../../arm-eabi/lib/thumb/libg.a(lib_a-malloc.o)
                0x0000000002002b18                malloc
                0x0000000002002b30                free
 .text          0x0000000002002b48      0x518 /home/halcyon/Desktop/src/mobile/devkit/devkitPro/devkitARM/bin/../lib/gcc/arm-eabi/4.5.0/../../../../arm-eabi/lib/thumb/libg.a(lib_a-mallocr.o)
                0x0000000002002b48                _malloc_r
 .text          0x0000000002003060       0x84 /home/halcyon/Desktop/src/mobile/devkit/devkitPro/devkitARM/bin/../lib/gcc/arm-eabi/4.5.0/../../../../arm-eabi/lib/thumb/libg.a(lib_a-memcpy.o)
                0x0000000002003060                memcpy
 .text          0x00000000020030e4       0x94 /home/halcyon/Desktop/src/mobile/devkit/devkitPro/devkitARM/bin/../lib/gcc/arm-eabi/4.5.0/../../../../arm-eabi/lib/thumb/libg.a(lib_a-memset.o)
                0x00000000020030e4                memset
 .text          0x0000000002003178        0x8 /home/halcyon/Desktop/src/mobile/devkit/devkitPro/devkitARM/bin/../lib/gcc/arm-eabi/4.5.0/../../../../arm-eabi/lib/thumb/libg.a(lib_a-mlock.o)
                0x0000000002003178                __malloc_lock
                0x000000000200317c                __malloc_unlock
 .text          0x0000000002003180      0x114 /home/halcyon/Desktop/src/mobile/devkit/devkitPro/devkitARM/bin/../lib/gcc/arm-eabi/4.5.0/../../../../arm-eabi/lib/thumb/libg.a(lib_a-setvbuf.o)
                0x0000000002003180                setvbuf
 .text          0x0000000002003294       0xa0 /home/halcyon/Desktop/src/mobile/devkit/devkitPro/devkitARM/bin/../lib/gcc/arm-eabi/4.5.0/../../../../arm-eabi/lib/thumb/libg.a(lib_a-siscanf.o)
                0x0000000002003294                siscanf
                0x00000000020032e4                _siscanf_r
 .text          0x0000000002003334       0xac /home/halcyon/Desktop/src/mobile/devkit/devkitPro/devkitARM/bin/../lib/gcc/arm-eabi/4.5.0/../../../../arm-eabi/lib/thumb/libg.a(lib_a-stdio.o)
                0x0000000002003334                __sread
                0x0000000002003360                __seofread
                0x0000000002003364                __swrite
                0x00000000020033a0                __sseek
                0x00000000020033d0                __sclose
 .text          0x00000000020033e0       0x10 /home/halcyon/Desktop/src/mobile/devkit/devkitPro/devkitARM/bin/../lib/gcc/arm-eabi/4.5.0/../../../../arm-eabi/lib/thumb/libg.a(lib_a-strlen.o)
                0x00000000020033e0                strlen
 .text          0x00000000020033f0      0xae0 /home/halcyon/Desktop/src/mobile/devkit/devkitPro/devkitARM/bin/../lib/gcc/arm-eabi/4.5.0/../../../../arm-eabi/lib/thumb/libg.a(lib_a-svfiscanf.o)
                0x00000000020033f0                _sungetc_r
                0x000000000200347c                __ssrefill_r
                0x00000000020034c0                _sfread_r
                0x0000000002003554                __ssvfiscanf_r
 .text          0x0000000002003ed0      0x188 /home/halcyon/Desktop/src/mobile/devkit/devkitPro/devkitARM/bin/../lib/gcc/arm-eabi/4.5.0/../../../../arm-eabi/lib/thumb/libg.a(lib_a-ungetc.o)
                0x0000000002003ed0                __submore
                0x0000000002003f4c                _ungetc_r
                0x000000000200403c                ungetc
 .text          0x0000000002004058      0xd7c /home/halcyon/Desktop/src/mobile/devkit/devkitPro/devkitARM/bin/../lib/gcc/arm-eabi/4.5.0/../../../../arm-eabi/lib/thumb/libg.a(lib_a-vfiprintf.o)
                0x0000000002004058                __sprint_r
                0x00000000020040e0                _vfiprintf_r
                0x0000000002004db0                vfiprintf
 .text          0x0000000002004dd4       0xf0 /home/halcyon/Desktop/src/mobile/devkit/devkitPro/devkitARM/bin/../lib/gcc/arm-eabi/4.5.0/../../../../arm-eabi/lib/thumb/libg.a(lib_a-wcrtomb.o)
                0x0000000002004dd4                _wcrtomb_r
                0x0000000002004e40                wcrtomb
 .text          0x0000000002004ec4       0x48 /home/halcyon/Desktop/src/mobile/devkit/devkitPro/devkitARM/bin/../lib/gcc/arm-eabi/4.5.0/../../../../arm-eabi/lib/thumb/libg.a(lib_a-wcsrtombs.o)
                0x0000000002004ec4                _wcsrtombs_r
                0x0000000002004ee0                wcsrtombs
 .text          0x0000000002004f0c      0x294 /home/halcyon/Desktop/src/mobile/devkit/devkitPro/devkitARM/bin/../lib/gcc/arm-eabi/4.5.0/../../../../arm-eabi/lib/thumb/libg.a(lib_a-wctomb_r.o)
                0x0000000002004f0c                __utf8_wctomb
                0x0000000002004fd0                _wctomb_r
                0x0000000002005008                __ascii_wctomb
                0x0000000002005028                __sjis_wctomb
                0x0000000002005098                __eucjp_wctomb
                0x000000000200511c                __jis_wctomb
 .text          0x00000000020051a0       0xc4 /home/halcyon/Desktop/src/mobile/devkit/devkitPro/devkitARM/bin/../lib/gcc/arm-eabi/4.5.0/../../../../arm-eabi/lib/thumb/libg.a(lib_a-wsetup.o)
                0x00000000020051a0                __swsetup_r
 .text          0x0000000002005264       0x10 /home/halcyon/Desktop/src/mobile/devkit/devkitPro/devkitARM/bin/../lib/gcc/arm-eabi/4.5.0/../../../../arm-eabi/lib/thumb/libg.a(lib_a-ctype_.o)
                0x0000000002005264                __set_ctype
 .text          0x0000000002005274      0x18c /home/halcyon/Desktop/src/mobile/devkit/devkitPro/devkitARM/bin/../lib/gcc/arm-eabi/4.5.0/../../../../arm-eabi/lib/thumb/libg.a(lib_a-fflush.o)
                0x0000000002005274                _fflush_r
                0x00000000020053d0                fflush
 .text          0x0000000002005400      0x238 /home/halcyon/Desktop/src/mobile/devkit/devkitPro/devkitARM/bin/../lib/gcc/arm-eabi/4.5.0/../../../../arm-eabi/lib/thumb/libg.a(lib_a-findfp.o)
                0x0000000002005408                _cleanup_r
                0x000000000200541c                __sfmoreglue
                0x000000000200544c                _cleanup
                0x0000000002005460                __sinit
                0x0000000002005560                __sfp
                0x00000000020055f0                __sfp_lock_acquire
                0x00000000020055f4                __sfp_lock_release
                0x00000000020055f8                __sinit_lock_acquire
                0x00000000020055fc                __sinit_lock_release
                0x0000000002005600                __fp_lock_all
                0x000000000200561c                __fp_unlock_all
 .text          0x0000000002005638      0x10c /home/halcyon/Desktop/src/mobile/devkit/devkitPro/devkitARM/bin/../lib/gcc/arm-eabi/4.5.0/../../../../arm-eabi/lib/thumb/libg.a(lib_a-fputwc.o)
                0x0000000002005638                _fputwc_r
                0x0000000002005718                fputwc
 .text          0x0000000002005744      0x244 /home/halcyon/Desktop/src/mobile/devkit/devkitPro/devkitARM/bin/../lib/gcc/arm-eabi/4.5.0/../../../../arm-eabi/lib/thumb/libg.a(lib_a-freer.o)
                0x0000000002005744                _malloc_trim_r
                0x00000000020057e8                _free_r
 .text          0x0000000002005988      0x33c /home/halcyon/Desktop/src/mobile/devkit/devkitPro/devkitARM/bin/../lib/gcc/arm-eabi/4.5.0/../../../../arm-eabi/lib/thumb/libg.a(lib_a-fvwrite.o)
                0x0000000002005988                __sfvwrite_r
 .text          0x0000000002005cc4       0xbc /home/halcyon/Desktop/src/mobile/devkit/devkitPro/devkitARM/bin/../lib/gcc/arm-eabi/4.5.0/../../../../arm-eabi/lib/thumb/libg.a(lib_a-fwalk.o)
                0x0000000002005cc4                _fwalk
                0x0000000002005d1c                _fwalk_reent
 .text          0x0000000002005d80       0x70 /home/halcyon/Desktop/src/mobile/devkit/devkitPro/devkitARM/bin/../lib/gcc/arm-eabi/4.5.0/../../../../arm-eabi/lib/thumb/libg.a(lib_a-iswspace.o)
                0x0000000002005d80                iswspace
 .text          0x0000000002005df0      0x1f4 /home/halcyon/Desktop/src/mobile/devkit/devkitPro/devkitARM/bin/../lib/gcc/arm-eabi/4.5.0/../../../../arm-eabi/lib/thumb/libg.a(lib_a-jp2uc.o)
                0x0000000002005f80                _jp2uc
 .text          0x0000000002005fe4      0x7dc /home/halcyon/Desktop/src/mobile/devkit/devkitPro/devkitARM/bin/../lib/gcc/arm-eabi/4.5.0/../../../../arm-eabi/lib/thumb/libg.a(lib_a-locale.o)
                0x0000000002006554                _setlocale_r
                0x0000000002006770                __locale_charset
                0x000000000200677c                __locale_msgcharset
                0x0000000002006788                __locale_cjk_lang
                0x0000000002006794                _localeconv_r
                0x000000000200679c                setlocale
                0x00000000020067b8                localeconv
 .text          0x00000000020067c0       0xe8 /home/halcyon/Desktop/src/mobile/devkit/devkitPro/devkitARM/bin/../lib/gcc/arm-eabi/4.5.0/../../../../arm-eabi/lib/thumb/libg.a(lib_a-makebuf.o)
                0x00000000020067c0                __smakebuf_r
 .text          0x00000000020068a8      0x108 /home/halcyon/Desktop/src/mobile/devkit/devkitPro/devkitARM/bin/../lib/gcc/arm-eabi/4.5.0/../../../../arm-eabi/lib/thumb/libg.a(lib_a-mbrtowc.o)
                0x00000000020068a8                _mbrtowc_r
                0x0000000002006920                mbrtowc
 .text          0x00000000020069b0      0x5e0 /home/halcyon/Desktop/src/mobile/devkit/devkitPro/devkitARM/bin/../lib/gcc/arm-eabi/4.5.0/../../../../arm-eabi/lib/thumb/libg.a(lib_a-mbtowc_r.o)
                0x00000000020069b0                __utf8_mbtowc
                0x0000000002006c54                _mbtowc_r
                0x0000000002006c90                __ascii_mbtowc
                0x0000000002006cc0                __sjis_mbtowc
                0x0000000002006d84                __eucjp_mbtowc
                0x0000000002006e74                __jis_mbtowc
 .text          0x0000000002006f90       0x98 /home/halcyon/Desktop/src/mobile/devkit/devkitPro/devkitARM/bin/../lib/gcc/arm-eabi/4.5.0/../../../../arm-eabi/lib/thumb/libg.a(lib_a-memchr.o)
                0x0000000002006f90                memchr
 .text          0x0000000002007028       0xa4 /home/halcyon/Desktop/src/mobile/devkit/devkitPro/devkitARM/bin/../lib/gcc/arm-eabi/4.5.0/../../../../arm-eabi/lib/thumb/libg.a(lib_a-memmove.o)
                0x0000000002007028                memmove
 .text          0x00000000020070cc      0x41c /home/halcyon/Desktop/src/mobile/devkit/devkitPro/devkitARM/bin/../lib/gcc/arm-eabi/4.5.0/../../../../arm-eabi/lib/thumb/libg.a(lib_a-reallocr.o)
                0x00000000020070cc                _realloc_r
 .text          0x00000000020074e8       0x84 /home/halcyon/Desktop/src/mobile/devkit/devkitPro/devkitARM/bin/../lib/gcc/arm-eabi/4.5.0/../../../../arm-eabi/lib/thumb/libg.a(lib_a-sccl.o)
                0x00000000020074e8                __sccl
 .text          0x000000000200756c       0x54 /home/halcyon/Desktop/src/mobile/devkit/devkitPro/devkitARM/bin/../lib/gcc/arm-eabi/4.5.0/../../../../arm-eabi/lib/thumb/libg.a(lib_a-strcasecmp.o)
                0x000000000200756c                strcasecmp
 .text          0x00000000020075c0       0x48 /home/halcyon/Desktop/src/mobile/devkit/devkitPro/devkitARM/bin/../lib/gcc/arm-eabi/4.5.0/../../../../arm-eabi/lib/thumb/libg.a(lib_a-strcat.o)
                0x00000000020075c0                strcat
 .text          0x0000000002007608       0xe8 /home/halcyon/Desktop/src/mobile/devkit/devkitPro/devkitARM/bin/../lib/gcc/arm-eabi/4.5.0/../../../../arm-eabi/lib/thumb/libg.a(lib_a-strchr.o)
                0x0000000002007608                strchr
 .text          0x00000000020076f0       0x14 /home/halcyon/Desktop/src/mobile/devkit/devkitPro/devkitARM/bin/../lib/gcc/arm-eabi/4.5.0/../../../../arm-eabi/lib/thumb/libg.a(lib_a-strcmp.o)
                0x00000000020076f0                strcmp
 .text          0x0000000002007704       0x10 /home/halcyon/Desktop/src/mobile/devkit/devkitPro/devkitARM/bin/../lib/gcc/arm-eabi/4.5.0/../../../../arm-eabi/lib/thumb/libg.a(lib_a-strcpy.o)
                0x0000000002007704                strcpy
 .text          0x0000000002007714       0x4c /home/halcyon/Desktop/src/mobile/devkit/devkitPro/devkitARM/bin/../lib/gcc/arm-eabi/4.5.0/../../../../arm-eabi/lib/thumb/libg.a(lib_a-strlcpy.o)
                0x0000000002007714                strlcpy
 .text          0x0000000002007760       0x60 /home/halcyon/Desktop/src/mobile/devkit/devkitPro/devkitARM/bin/../lib/gcc/arm-eabi/4.5.0/../../../../arm-eabi/lib/thumb/libg.a(lib_a-strncasecmp.o)
                0x0000000002007760                strncasecmp
 .text          0x00000000020077c0       0xc0 /home/halcyon/Desktop/src/mobile/devkit/devkitPro/devkitARM/bin/../lib/gcc/arm-eabi/4.5.0/../../../../arm-eabi/lib/thumb/libg.a(lib_a-strncmp.o)
                0x00000000020077c0                strncmp
 .text          0x0000000002007880       0x6c /home/halcyon/Desktop/src/mobile/devkit/devkitPro/devkitARM/bin/../lib/gcc/arm-eabi/4.5.0/../../../../arm-eabi/lib/thumb/libg.a(lib_a-strncpy.o)
                0x0000000002007880                strncpy
 .text          0x00000000020078ec      0x188 /home/halcyon/Desktop/src/mobile/devkit/devkitPro/devkitARM/bin/../lib/gcc/arm-eabi/4.5.0/../../../../arm-eabi/lib/thumb/libg.a(lib_a-strtol.o)
                0x00000000020078ec                _strtol_r
                0x0000000002007a54                strtol
 .text          0x0000000002007a74      0x194 /home/halcyon/Desktop/src/mobile/devkit/devkitPro/devkitARM/bin/../lib/gcc/arm-eabi/4.5.0/../../../../arm-eabi/lib/thumb/libg.a(lib_a-strtoul.o)
                0x0000000002007a74                _strtoul_r
                0x0000000002007be8                strtoul
 .text          0x0000000002007c08       0xe0 /home/halcyon/Desktop/src/mobile/devkit/devkitPro/devkitARM/bin/../lib/gcc/arm-eabi/4.5.0/../../../../arm-eabi/lib/thumb/libg.a(lib_a-wbuf.o)
                0x0000000002007c08                __swbuf_r
                0x0000000002007ccc                __swbuf
 .text          0x0000000002007ce8      0x148 /home/halcyon/Desktop/src/mobile/devkit/devkitPro/devkitARM/bin/../lib/gcc/arm-eabi/4.5.0/../../../../arm-eabi/lib/thumb/libg.a(lib_a-wcsnrtombs.o)
                0x0000000002007ce8                _wcsnrtombs_r
                0x0000000002007e00                wcsnrtombs
 .text          0x0000000002007e30       0xc0 /home/halcyon/Desktop/src/mobile/devkit/devkitPro/devkitARM/bin/../lib/gcc/arm-eabi/4.5.0/../../../../arm-eabi/lib/thumb/libg.a(lib_a-fclose.o)
                0x0000000002007e30                _fclose_r
                0x0000000002007ed4                fclose
 .text          0x0000000002007ef0       0xa8 /home/halcyon/Desktop/src/mobile/devkit/devkitPro/devkitARM/bin/../lib/gcc/arm-eabi/4.5.0/../../../../arm-eabi/lib/thumb/libg.a(lib_a-getenv_r.o)
                0x0000000002007ef0                _findenv_r
                0x0000000002007f88                _getenv_r
 .text          0x0000000002007f98        0x0 /home/halcyon/Desktop/src/mobile/devkit/devkitPro/devkitARM/bin/../lib/gcc/arm-eabi/4.5.0/../../../../arm-eabi/lib/thumb/libg.a(lib_a-environ.o)
 .text          0x0000000002007f98        0x8 /home/halcyon/Desktop/src/mobile/devkit/devkitPro/devkitARM/bin/../lib/gcc/arm-eabi/4.5.0/../../../../arm-eabi/lib/thumb/libg.a(lib_a-envlock.o)
                0x0000000002007f98                __env_lock
                0x0000000002007f9c                __env_unlock
 .text          0x0000000002007fa0      0x144 /home/halcyon/Desktop/src/mobile/devkit/devkitPro/devkitARM/bin/../lib/gcc/arm-eabi/4.5.0/../../../../arm-eabi/lib/thumb/libsysbase.a(iosupport.o)
                0x0000000002007fa0                setDefaultDevice
                0x0000000002007fb4                FindDevice
                0x0000000002008024                RemoveDevice
                0x0000000002008048                AddDevice
                0x00000000020080c4                GetDeviceOpTab
 .text          0x00000000020080e4       0x54 /home/halcyon/Desktop/src/mobile/devkit/devkitPro/devkitARM/bin/../lib/gcc/arm-eabi/4.5.0/../../../../arm-eabi/lib/thumb/libsysbase.a(close.o)
                0x00000000020080e4                _close_r
 .text          0x0000000002008138       0x58 /home/halcyon/Desktop/src/mobile/devkit/devkitPro/devkitARM/bin/../lib/gcc/arm-eabi/4.5.0/../../../../arm-eabi/lib/thumb/libsysbase.a(fstat.o)
                0x0000000002008138                _fstat_r
 .text          0x0000000002008190        0x4 /home/halcyon/Desktop/src/mobile/devkit/devkitPro/devkitARM/bin/../lib/gcc/arm-eabi/4.5.0/../../../../arm-eabi/lib/thumb/libsysbase.a(isatty.o)
                0x0000000002008190                _isatty_r
 .text          0x0000000002008194       0x54 /home/halcyon/Desktop/src/mobile/devkit/devkitPro/devkitARM/bin/../lib/gcc/arm-eabi/4.5.0/../../../../arm-eabi/lib/thumb/libsysbase.a(lseek.o)
                0x0000000002008194                _lseek_r
 .text          0x00000000020081e8       0x54 /home/halcyon/Desktop/src/mobile/devkit/devkitPro/devkitARM/bin/../lib/gcc/arm-eabi/4.5.0/../../../../arm-eabi/lib/thumb/libsysbase.a(read.o)
                0x00000000020081e8                _read_r
 .text          0x000000000200823c       0x54 /home/halcyon/Desktop/src/mobile/devkit/devkitPro/devkitARM/bin/../lib/gcc/arm-eabi/4.5.0/../../../../arm-eabi/lib/thumb/libsysbase.a(sbrk.o)
                0x000000000200823c                _sbrk_r
 .text          0x0000000002008290       0x48 /home/halcyon/Desktop/src/mobile/devkit/devkitPro/devkitARM/bin/../lib/gcc/arm-eabi/4.5.0/../../../../arm-eabi/lib/thumb/libsysbase.a(times.o)
                0x0000000002008290                _times
                0x00000000020082a4                _times_r
                0x00000000020082ac                _gettimeofday_r
 .text          0x00000000020082d8       0x54 /home/halcyon/Desktop/src/mobile/devkit/devkitPro/devkitARM/bin/../lib/gcc/arm-eabi/4.5.0/../../../../arm-eabi/lib/thumb/libsysbase.a(write.o)
                0x00000000020082d8                _write_r
 .text          0x000000000200832c        0x0 /home/halcyon/Desktop/src/mobile/devkit/devkitPro/devkitARM/bin/../lib/gcc/arm-eabi/4.5.0/../../../../arm-eabi/lib/thumb/libsysbase.a(malloc_vars.o)
 .text          0x000000000200832c       0x4c /home/halcyon/Desktop/src/mobile/devkit/devkitPro/devkitARM/bin/../lib/gcc/arm-eabi/4.5.0/../../../../arm-eabi/lib/thumb/libsysbase.a(build_argv.o)
                0x000000000200832c                build_argv
 .text          0x0000000002008378        0x0 /home/halcyon/Desktop/src/mobile/devkit/devkitPro/devkitARM/bin/../lib/gcc/arm-eabi/4.5.0/../../../../arm-eabi/lib/thumb/libsysbase.a(syscall_support.o)
 .text          0x0000000002008378       0x80 /home/halcyon/Desktop/src/mobile/devkit/devkitPro/devkitARM/bin/../lib/gcc/arm-eabi/4.5.0/../../../../arm-eabi/lib/thumb/libsysbase.a(handle_manager.o)
                0x0000000002008378                __release_handle
                0x00000000020083a4                __alloc_handle
                0x00000000020083dc                __get_handle
 .text          0x00000000020083f8      0x11c /home/halcyon/Desktop/src/mobile/devkit/devkitPro/devkitARM/bin/../lib/gcc/arm-eabi/4.5.0/thumb/libgcc.a(_udivsi3.o)
                0x00000000020083f8                __udivsi3
                0x00000000020083f8                __aeabi_uidiv
                0x00000000020084f4                __aeabi_uidivmod
 .text          0x0000000002008514        0x4 /home/halcyon/Desktop/src/mobile/devkit/devkitPro/devkitARM/bin/../lib/gcc/arm-eabi/4.5.0/thumb/libgcc.a(_dvmd_tls.o)
                0x0000000002008514                __aeabi_ldiv0
                0x0000000002008514                __aeabi_idiv0
 .text          0x0000000002008518        0xc /home/halcyon/Desktop/src/mobile/devkit/devkitPro/devkitARM/bin/../lib/gcc/arm-eabi/4.5.0/../../../../arm-eabi/lib/thumb/libg.a(lib_a-errno.o)
                0x0000000002008518                __errno
 .text          0x0000000002008524        0x0 /home/halcyon/Desktop/src/mobile/devkit/devkitPro/devkitARM/bin/../lib/gcc/arm-eabi/4.5.0/thumb/crtend.o
 .text          0x0000000002008524        0x0 /home/halcyon/Desktop/src/mobile/devkit/devkitPro/devkitARM/bin/../lib/gcc/arm-eabi/4.5.0/thumb/crtn.o
 *fill*         0x0000000002008524        0x4 ff
 .text.stub     0x0000000002008528        0x8 linker stubs
 *(.text.*)
 *(.stub)
 *(.gnu.warning)
 *(.gnu.linkonce.t*)
 *(.glue_7)
 .glue_7        0x0000000000000000        0x0 linker stubs
 *(.glue_7t)
 .glue_7t       0x0000000000000000        0x0 linker stubs
                0x0000000002008530                . = ALIGN (0x4)

.vfp11_veneer   0x0000000000000000        0x0 load address 0x0000000002008530
 .vfp11_veneer  0x0000000000000000        0x0 linker stubs

.v4_bx          0x0000000000000000        0x0 load address 0x0000000002008530
 .v4_bx         0x0000000000000000        0x0 linker stubs

.fini           0x0000000002008530        0xc
 *(.fini)
 .fini          0x0000000002008530        0x4 /home/halcyon/Desktop/src/mobile/devkit/devkitPro/devkitARM/bin/../lib/gcc/arm-eabi/4.5.0/thumb/crti.o
                0x0000000002008530                _fini
 .fini          0x0000000002008534        0x8 /home/halcyon/Desktop/src/mobile/devkit/devkitPro/devkitARM/bin/../lib/gcc/arm-eabi/4.5.0/thumb/crtn.o
                0x000000000200853c                __text_end = .

.rodata         0x000000000200853c     0x60ac
 *(.rodata)
 .rodata        0x000000000200853c      0x200 /home/halcyon/Desktop/src/mobile/devkit/devkitPro/libnds/lib/libnds9.a(console.o)
 .rodata        0x000000000200873c     0x2004 /home/halcyon/Desktop/src/mobile/devkit/devkitPro/libnds/lib/libnds9.a(default_font.bin.o)
                0x000000000200873c                default_font_bin
                0x000000000200a73c                default_font_bin_end
                0x000000000200a73c                default_font_bin_size
 .rodata        0x000000000200a740        0x4 /home/halcyon/Desktop/src/mobile/devkit/devkitPro/devkitARM/bin/../lib/gcc/arm-eabi/4.5.0/../../../../arm-eabi/lib/thumb/libg.a(lib_a-impure.o)
                0x000000000200a740                _global_impure_ptr
 .rodata        0x000000000200a744      0x340 /home/halcyon/Desktop/src/mobile/devkit/devkitPro/devkitARM/bin/../lib/gcc/arm-eabi/4.5.0/../../../../arm-eabi/lib/thumb/libg.a(lib_a-svfiscanf.o)
 .rodata        0x000000000200aa84      0x184 /home/halcyon/Desktop/src/mobile/devkit/devkitPro/devkitARM/bin/../lib/gcc/arm-eabi/4.5.0/../../../../arm-eabi/lib/thumb/libg.a(lib_a-vfiprintf.o)
 .rodata        0x000000000200ac08      0x104 /home/halcyon/Desktop/src/mobile/devkit/devkitPro/devkitARM/bin/../lib/gcc/arm-eabi/4.5.0/../../../../arm-eabi/lib/thumb/libg.a(lib_a-ctype_.o)
                0x000000000200ac08                _ctype_
 .rodata        0x000000000200ad0c     0x34f0 /home/halcyon/Desktop/src/mobile/devkit/devkitPro/devkitARM/bin/../lib/gcc/arm-eabi/4.5.0/../../../../arm-eabi/lib/thumb/libg.a(lib_a-jp2uc.o)
 .rodata        0x000000000200e1fc      0x128 /home/halcyon/Desktop/src/mobile/devkit/devkitPro/devkitARM/bin/../lib/gcc/arm-eabi/4.5.0/../../../../arm-eabi/lib/thumb/libg.a(lib_a-locale.o)
 .rodata        0x000000000200e324       0xa8 /home/halcyon/Desktop/src/mobile/devkit/devkitPro/devkitARM/bin/../lib/gcc/arm-eabi/4.5.0/../../../../arm-eabi/lib/thumb/libg.a(lib_a-mbtowc_r.o)
 .rodata        0x000000000200e3cc       0x64 /home/halcyon/Desktop/src/mobile/devkit/devkitPro/devkitARM/bin/../lib/gcc/arm-eabi/4.5.0/../../../../arm-eabi/lib/thumb/libsysbase.a(iosupport.o)
                0x000000000200e3cc                dotab_stdnull
 *all.rodata*(*)
 *(.roda)
 *(.rodata.*)
 .rodata.str1.4
                0x000000000200e430       0x4c micrecord.o
 .rodata.str1.4
                0x000000000200e47c       0x49 /home/halcyon/Desktop/src/mobile/devkit/devkitPro/libnds/lib/libnds9.a(console.o)
                                         0x4c (size before relaxing)
 *fill*         0x000000000200e4c5        0x3 ff
 .rodata.str1.4
                0x000000000200e4c8        0x2 /home/halcyon/Desktop/src/mobile/devkit/devkitPro/devkitARM/bin/../lib/gcc/arm-eabi/4.5.0/../../../../arm-eabi/lib/thumb/libg.a(lib_a-impure.o)
                                          0x4 (size before relaxing)
 *fill*         0x000000000200e4ca        0x2 ff
 .rodata.str1.4
                0x000000000200e4cc       0x2f /home/halcyon/Desktop/src/mobile/devkit/devkitPro/devkitARM/bin/../lib/gcc/arm-eabi/4.5.0/../../../../arm-eabi/lib/thumb/libg.a(lib_a-vfiprintf.o)
                                         0x30 (size before relaxing)
 *fill*         0x000000000200e4fb        0x1 ff
 .rodata.str1.4
                0x000000000200e4fc       0x12 /home/halcyon/Desktop/src/mobile/devkit/devkitPro/devkitARM/bin/../lib/gcc/arm-eabi/4.5.0/../../../../arm-eabi/lib/thumb/libg.a(lib_a-jp2uc.o)
                                         0x14 (size before relaxing)
 *fill*         0x000000000200e50e        0x2 ff
 .rodata.str1.4
                0x000000000200e510       0xd0 /home/halcyon/Desktop/src/mobile/devkit/devkitPro/devkitARM/bin/../lib/gcc/arm-eabi/4.5.0/../../../../arm-eabi/lib/thumb/libg.a(lib_a-locale.o)
                                         0xf0 (size before relaxing)
 .rodata.str1.4
                0x0000000000000000        0x4 /home/halcyon/Desktop/src/mobile/devkit/devkitPro/devkitARM/bin/../lib/gcc/arm-eabi/4.5.0/../../../../arm-eabi/lib/thumb/libg.a(lib_a-mbrtowc.o)
 .rodata.str1.4
                0x000000000200e5e0        0x8 /home/halcyon/Desktop/src/mobile/devkit/devkitPro/devkitARM/bin/../lib/gcc/arm-eabi/4.5.0/../../../../arm-eabi/lib/thumb/libsysbase.a(iosupport.o)
 *(.gnu.linkonce.r*)
                0x000000000200e5e8                . = ALIGN (0x4)

.ARM.extab
 *(.ARM.extab* .gnu.linkonce.armextab.*)
                0x000000000200e5e8                __exidx_start = .

.ARM.exidx
 *(.ARM.exidx* .gnu.linkonce.armexidx.*)
                0x000000000200e5e8                __exidx_end = .
                0x000000000200e5e8                . = ALIGN (0x4)
                0x000000000200e5e8                PROVIDE (__preinit_array_start, .)

.preinit_array
 *(.preinit_array)
                0x000000000200e5e8                PROVIDE (__preinit_array_end, .)
                0x000000000200e5e8                PROVIDE (__init_array_start, .)

.init_array     0x000000000200e5e8        0x4
 *(SORT(.init_array.*))
 *(.init_array)
 .init_array    0x000000000200e5e8        0x4 /home/halcyon/Desktop/src/mobile/devkit/devkitPro/devkitARM/bin/../lib/gcc/arm-eabi/4.5.0/thumb/crtbegin.o
                0x000000000200e5ec                PROVIDE (__init_array_end, .)
                0x000000000200e5ec                PROVIDE (__fini_array_start, .)

.fini_array     0x000000000200e5ec        0x4
 *(.fini_array)
 .fini_array    0x000000000200e5ec        0x4 /home/halcyon/Desktop/src/mobile/devkit/devkitPro/devkitARM/bin/../lib/gcc/arm-eabi/4.5.0/thumb/crtbegin.o
 *(SORT(.fini_array.*))
                0x000000000200e5f0                PROVIDE (__fini_array_end, .)

.ctors          0x000000000200e5f0        0x0
 *crtbegin.o(.ctors)
 *(EXCLUDE_FILE(*crtend.o) .ctors)
 *(SORT(.ctors.*))
 *(.ctors)
                0x000000000200e5f0                . = ALIGN (0x4)

.dtors          0x000000000200e5f0        0x0
 *crtbegin.o(.dtors)
 *(EXCLUDE_FILE(*crtend.o) .dtors)
 *(SORT(.dtors.*))
 *(.dtors)
                0x000000000200e5f0                . = ALIGN (0x4)

.eh_frame       0x000000000200e5f0        0x4
 *(.eh_frame)
 .eh_frame      0x000000000200e5f0        0x0 /home/halcyon/Desktop/src/mobile/devkit/devkitPro/devkitARM/bin/../lib/gcc/arm-eabi/4.5.0/thumb/crtbegin.o
 .eh_frame      0x000000000200e5f0        0x4 /home/halcyon/Desktop/src/mobile/devkit/devkitPro/devkitARM/bin/../lib/gcc/arm-eabi/4.5.0/thumb/crtend.o
                0x000000000200e5f4                . = ALIGN (0x4)

.gcc_except_table
                0x000000000200e5f4        0x0
 *(.gcc_except_table)
                0x000000000200e5f4                . = ALIGN (0x4)

.jcr            0x000000000200e5f4        0x4
 *(.jcr)
 .jcr           0x000000000200e5f4        0x0 /home/halcyon/Desktop/src/mobile/devkit/devkitPro/devkitARM/bin/../lib/gcc/arm-eabi/4.5.0/thumb/crtbegin.o
 .jcr           0x000000000200e5f4        0x4 /home/halcyon/Desktop/src/mobile/devkit/devkitPro/devkitARM/bin/../lib/gcc/arm-eabi/4.5.0/thumb/crtend.o

.got
 *(.got.plt)
 *(.got)
 *(.rel.got)

.ewram          0x000000000200e5f8        0x0
                0x000000000200e5f8                __ewram_start = ABSOLUTE (.)
 *(.ewram)
 *ewram.*(.text)
                0x000000000200e5f8                . = ALIGN (0x4)

.data           0x000000000200e5f8      0xdc8
                0x000000000200e5f8                __data_start = ABSOLUTE (.)
 *(.data)
 .data          0x000000000200e5f8        0x0 /home/halcyon/Desktop/src/mobile/devkit/devkitPro/devkitARM/bin/../lib/gcc/arm-eabi/4.5.0/../../../../arm-eabi/lib/thumb/ds_arm9_crt0.o
 .data          0x000000000200e5f8        0x0 /home/halcyon/Desktop/src/mobile/devkit/devkitPro/devkitARM/bin/../lib/gcc/arm-eabi/4.5.0/thumb/crti.o
 .data          0x000000000200e5f8        0x4 /home/halcyon/Desktop/src/mobile/devkit/devkitPro/devkitARM/bin/../lib/gcc/arm-eabi/4.5.0/thumb/crtbegin.o
                0x000000000200e5f8                __dso_handle
 .data          0x000000000200e5fc        0x8 micrecord.o
                0x000000000200e5fc                sound_buffer_size
                0x000000000200e600                mic_buffer_size
 .data          0x000000000200e604       0x64 /home/halcyon/Desktop/src/mobile/devkit/devkitPro/libnds/lib/libnds9.a(console.o)
                0x000000000200e604                currentConsole
                0x000000000200e608                defaultConsole
 .data          0x000000000200e668        0x3 /home/halcyon/Desktop/src/mobile/devkit/devkitPro/libnds/lib/libnds9.a(keys.o)
 .data          0x000000000200e66b        0x0 /home/halcyon/Desktop/src/mobile/devkit/devkitPro/libnds/lib/libnds9.a(sound.o)
 .data          0x000000000200e66b        0x0 /home/halcyon/Desktop/src/mobile/devkit/devkitPro/libnds/lib/libnds9.a(initSystem.o)
 *fill*         0x000000000200e66b        0x1 ff
 .data          0x000000000200e66c       0x10 /home/halcyon/Desktop/src/mobile/devkit/devkitPro/libnds/lib/libnds9.a(fifosystem.o)
                0x000000000200e66c                fifo_freewords
                0x000000000200e670                fifo_send_queue
                0x000000000200e674                fifo_buffer_free
                0x000000000200e678                fifo_receive_queue
 .data          0x000000000200e67c        0x0 /home/halcyon/Desktop/src/mobile/devkit/devkitPro/libnds/lib/libnds9.a(interrupts.o)
 .data          0x000000000200e67c        0x0 /home/halcyon/Desktop/src/mobile/devkit/devkitPro/libnds/lib/libnds9.a(libnds_exit.o)
 .data          0x000000000200e67c        0x0 /home/halcyon/Desktop/src/mobile/devkit/devkitPro/libnds/lib/libnds9.a(dcache.o)
 .data          0x000000000200e67c        0x0 /home/halcyon/Desktop/src/mobile/devkit/devkitPro/libnds/lib/libnds9.a(mpu_setup.o)
 .data          0x000000000200e67c        0x0 /home/halcyon/Desktop/src/mobile/devkit/devkitPro/libnds/lib/libnds9.a(biosCalls.o)
 .data          0x000000000200e67c        0x0 /home/halcyon/Desktop/src/mobile/devkit/devkitPro/libnds/lib/libnds9.a(debugprint.o)
 .data          0x000000000200e67c        0x0 /home/halcyon/Desktop/src/mobile/devkit/devkitPro/libnds/lib/libnds9.a(interruptDispatcher.o)
 .data          0x000000000200e67c        0x0 /home/halcyon/Desktop/src/mobile/devkit/devkitPro/libnds/lib/libnds9.a(swiSoftReset.o)
 .data          0x000000000200e67c        0x0 /home/halcyon/Desktop/src/mobile/devkit/devkitPro/libnds/lib/libnds9.a(default_font.bin.o)
 .data          0x000000000200e67c       0x60 /home/halcyon/Desktop/src/mobile/devkit/devkitPro/libnds/lib/libnds9.a(background.o)
                0x000000000200e67c                bgScrollTable
                0x000000000200e69c                bgTransform
                0x000000000200e6bc                bgControl
 .data          0x000000000200e6dc        0x0 /home/halcyon/Desktop/src/mobile/devkit/devkitPro/libnds/lib/libnds9.a(system.o)
 .data          0x000000000200e6dc      0x308 /home/halcyon/Desktop/src/mobile/devkit/devkitPro/libnds/lib/libnds9.a(trig.o)
                0x000000000200e6dc                SIN_LUT
                0x000000000200e7e0                TAN_LUT
 .data          0x000000000200e9e4        0x0 /home/halcyon/Desktop/src/mobile/devkit/devkitPro/devkitARM/bin/../lib/gcc/arm-eabi/4.5.0/../../../../arm-eabi/lib/thumb/libg.a(lib_a-bsearch.o)
 *fill*         0x000000000200e9e4        0x4 ff
 .data          0x000000000200e9e8      0x430 /home/halcyon/Desktop/src/mobile/devkit/devkitPro/devkitARM/bin/../lib/gcc/arm-eabi/4.5.0/../../../../arm-eabi/lib/thumb/libg.a(lib_a-impure.o)
                0x000000000200e9e8                _impure_ptr
 .data          0x000000000200ee18        0x0 /home/halcyon/Desktop/src/mobile/devkit/devkitPro/devkitARM/bin/../lib/gcc/arm-eabi/4.5.0/../../../../arm-eabi/lib/thumb/libg.a(lib_a-init.o)
 .data          0x000000000200ee18        0x0 /home/halcyon/Desktop/src/mobile/devkit/devkitPro/devkitARM/bin/../lib/gcc/arm-eabi/4.5.0/../../../../arm-eabi/lib/thumb/libg.a(lib_a-iprintf.o)
 .data          0x000000000200ee18        0x0 /home/halcyon/Desktop/src/mobile/devkit/devkitPro/devkitARM/bin/../lib/gcc/arm-eabi/4.5.0/../../../../arm-eabi/lib/thumb/libg.a(lib_a-malloc.o)
 .data          0x000000000200ee18      0x410 /home/halcyon/Desktop/src/mobile/devkit/devkitPro/devkitARM/bin/../lib/gcc/arm-eabi/4.5.0/../../../../arm-eabi/lib/thumb/libg.a(lib_a-mallocr.o)
                0x000000000200ee18                __malloc_av_
                0x000000000200f220                __malloc_sbrk_base
                0x000000000200f224                __malloc_trim_threshold
 .data          0x000000000200f228        0x0 /home/halcyon/Desktop/src/mobile/devkit/devkitPro/devkitARM/bin/../lib/gcc/arm-eabi/4.5.0/../../../../arm-eabi/lib/thumb/libg.a(lib_a-memcpy.o)
 .data          0x000000000200f228        0x0 /home/halcyon/Desktop/src/mobile/devkit/devkitPro/devkitARM/bin/../lib/gcc/arm-eabi/4.5.0/../../../../arm-eabi/lib/thumb/libg.a(lib_a-memset.o)
 .data          0x000000000200f228        0x0 /home/halcyon/Desktop/src/mobile/devkit/devkitPro/devkitARM/bin/../lib/gcc/arm-eabi/4.5.0/../../../../arm-eabi/lib/thumb/libg.a(lib_a-mlock.o)
 .data          0x000000000200f228        0x0 /home/halcyon/Desktop/src/mobile/devkit/devkitPro/devkitARM/bin/../lib/gcc/arm-eabi/4.5.0/../../../../arm-eabi/lib/thumb/libg.a(lib_a-setvbuf.o)
 .data          0x000000000200f228        0x0 /home/halcyon/Desktop/src/mobile/devkit/devkitPro/devkitARM/bin/../lib/gcc/arm-eabi/4.5.0/../../../../arm-eabi/lib/thumb/libg.a(lib_a-siscanf.o)
 .data          0x000000000200f228        0x0 /home/halcyon/Desktop/src/mobile/devkit/devkitPro/devkitARM/bin/../lib/gcc/arm-eabi/4.5.0/../../../../arm-eabi/lib/thumb/libg.a(lib_a-stdio.o)
 .data          0x000000000200f228        0x0 /home/halcyon/Desktop/src/mobile/devkit/devkitPro/devkitARM/bin/../lib/gcc/arm-eabi/4.5.0/../../../../arm-eabi/lib/thumb/libg.a(lib_a-strlen.o)
 .data          0x000000000200f228        0x0 /home/halcyon/Desktop/src/mobile/devkit/devkitPro/devkitARM/bin/../lib/gcc/arm-eabi/4.5.0/../../../../arm-eabi/lib/thumb/libg.a(lib_a-svfiscanf.o)
 .data          0x000000000200f228        0x0 /home/halcyon/Desktop/src/mobile/devkit/devkitPro/devkitARM/bin/../lib/gcc/arm-eabi/4.5.0/../../../../arm-eabi/lib/thumb/libg.a(lib_a-ungetc.o)
 .data          0x000000000200f228        0x0 /home/halcyon/Desktop/src/mobile/devkit/devkitPro/devkitARM/bin/../lib/gcc/arm-eabi/4.5.0/../../../../arm-eabi/lib/thumb/libg.a(lib_a-vfiprintf.o)
 .data          0x000000000200f228        0x0 /home/halcyon/Desktop/src/mobile/devkit/devkitPro/devkitARM/bin/../lib/gcc/arm-eabi/4.5.0/../../../../arm-eabi/lib/thumb/libg.a(lib_a-wcrtomb.o)
 .data          0x000000000200f228        0x0 /home/halcyon/Desktop/src/mobile/devkit/devkitPro/devkitARM/bin/../lib/gcc/arm-eabi/4.5.0/../../../../arm-eabi/lib/thumb/libg.a(lib_a-wcsrtombs.o)
 .data          0x000000000200f228        0x4 /home/halcyon/Desktop/src/mobile/devkit/devkitPro/devkitARM/bin/../lib/gcc/arm-eabi/4.5.0/../../../../arm-eabi/lib/thumb/libg.a(lib_a-wctomb_r.o)
                0x000000000200f228                __wctomb
 .data          0x000000000200f22c        0x0 /home/halcyon/Desktop/src/mobile/devkit/devkitPro/devkitARM/bin/../lib/gcc/arm-eabi/4.5.0/../../../../arm-eabi/lib/thumb/libg.a(lib_a-wsetup.o)
 .data          0x000000000200f22c        0x4 /home/halcyon/Desktop/src/mobile/devkit/devkitPro/devkitARM/bin/../lib/gcc/arm-eabi/4.5.0/../../../../arm-eabi/lib/thumb/libg.a(lib_a-ctype_.o)
                0x000000000200f22c                __ctype_ptr__
 .data          0x000000000200f230        0x0 /home/halcyon/Desktop/src/mobile/devkit/devkitPro/devkitARM/bin/../lib/gcc/arm-eabi/4.5.0/../../../../arm-eabi/lib/thumb/libg.a(lib_a-fflush.o)
 .data          0x000000000200f230        0x0 /home/halcyon/Desktop/src/mobile/devkit/devkitPro/devkitARM/bin/../lib/gcc/arm-eabi/4.5.0/../../../../arm-eabi/lib/thumb/libg.a(lib_a-findfp.o)
 .data          0x000000000200f230        0x0 /home/halcyon/Desktop/src/mobile/devkit/devkitPro/devkitARM/bin/../lib/gcc/arm-eabi/4.5.0/../../../../arm-eabi/lib/thumb/libg.a(lib_a-fputwc.o)
 .data          0x000000000200f230        0x0 /home/halcyon/Desktop/src/mobile/devkit/devkitPro/devkitARM/bin/../lib/gcc/arm-eabi/4.5.0/../../../../arm-eabi/lib/thumb/libg.a(lib_a-freer.o)
 .data          0x000000000200f230        0x0 /home/halcyon/Desktop/src/mobile/devkit/devkitPro/devkitARM/bin/../lib/gcc/arm-eabi/4.5.0/../../../../arm-eabi/lib/thumb/libg.a(lib_a-fvwrite.o)
 .data          0x000000000200f230        0x0 /home/halcyon/Desktop/src/mobile/devkit/devkitPro/devkitARM/bin/../lib/gcc/arm-eabi/4.5.0/../../../../arm-eabi/lib/thumb/libg.a(lib_a-fwalk.o)
 .data          0x000000000200f230        0x0 /home/halcyon/Desktop/src/mobile/devkit/devkitPro/devkitARM/bin/../lib/gcc/arm-eabi/4.5.0/../../../../arm-eabi/lib/thumb/libg.a(lib_a-iswspace.o)
 .data          0x000000000200f230        0x0 /home/halcyon/Desktop/src/mobile/devkit/devkitPro/devkitARM/bin/../lib/gcc/arm-eabi/4.5.0/../../../../arm-eabi/lib/thumb/libg.a(lib_a-jp2uc.o)
 .data          0x000000000200f230      0x144 /home/halcyon/Desktop/src/mobile/devkit/devkitPro/devkitARM/bin/../lib/gcc/arm-eabi/4.5.0/../../../../arm-eabi/lib/thumb/libg.a(lib_a-locale.o)
                0x000000000200f230                __default_locale
                0x000000000200f270                __mb_cur_max
 .data          0x000000000200f374        0x0 /home/halcyon/Desktop/src/mobile/devkit/devkitPro/devkitARM/bin/../lib/gcc/arm-eabi/4.5.0/../../../../arm-eabi/lib/thumb/libg.a(lib_a-makebuf.o)
 .data          0x000000000200f374        0x0 /home/halcyon/Desktop/src/mobile/devkit/devkitPro/devkitARM/bin/../lib/gcc/arm-eabi/4.5.0/../../../../arm-eabi/lib/thumb/libg.a(lib_a-mbrtowc.o)
 .data          0x000000000200f374        0x4 /home/halcyon/Desktop/src/mobile/devkit/devkitPro/devkitARM/bin/../lib/gcc/arm-eabi/4.5.0/../../../../arm-eabi/lib/thumb/libg.a(lib_a-mbtowc_r.o)
                0x000000000200f374                __mbtowc
 .data          0x000000000200f378        0x0 /home/halcyon/Desktop/src/mobile/devkit/devkitPro/devkitARM/bin/../lib/gcc/arm-eabi/4.5.0/../../../../arm-eabi/lib/thumb/libg.a(lib_a-memchr.o)
 .data          0x000000000200f378        0x0 /home/halcyon/Desktop/src/mobile/devkit/devkitPro/devkitARM/bin/../lib/gcc/arm-eabi/4.5.0/../../../../arm-eabi/lib/thumb/libg.a(lib_a-memmove.o)
 .data          0x000000000200f378        0x0 /home/halcyon/Desktop/src/mobile/devkit/devkitPro/devkitARM/bin/../lib/gcc/arm-eabi/4.5.0/../../../../arm-eabi/lib/thumb/libg.a(lib_a-reallocr.o)
 .data          0x000000000200f378        0x0 /home/halcyon/Desktop/src/mobile/devkit/devkitPro/devkitARM/bin/../lib/gcc/arm-eabi/4.5.0/../../../../arm-eabi/lib/thumb/libg.a(lib_a-sccl.o)
 .data          0x000000000200f378        0x0 /home/halcyon/Desktop/src/mobile/devkit/devkitPro/devkitARM/bin/../lib/gcc/arm-eabi/4.5.0/../../../../arm-eabi/lib/thumb/libg.a(lib_a-strcasecmp.o)
 .data          0x000000000200f378        0x0 /home/halcyon/Desktop/src/mobile/devkit/devkitPro/devkitARM/bin/../lib/gcc/arm-eabi/4.5.0/../../../../arm-eabi/lib/thumb/libg.a(lib_a-strcat.o)
 .data          0x000000000200f378        0x0 /home/halcyon/Desktop/src/mobile/devkit/devkitPro/devkitARM/bin/../lib/gcc/arm-eabi/4.5.0/../../../../arm-eabi/lib/thumb/libg.a(lib_a-strchr.o)
 .data          0x000000000200f378        0x0 /home/halcyon/Desktop/src/mobile/devkit/devkitPro/devkitARM/bin/../lib/gcc/arm-eabi/4.5.0/../../../../arm-eabi/lib/thumb/libg.a(lib_a-strcmp.o)
 .data          0x000000000200f378        0x0 /home/halcyon/Desktop/src/mobile/devkit/devkitPro/devkitARM/bin/../lib/gcc/arm-eabi/4.5.0/../../../../arm-eabi/lib/thumb/libg.a(lib_a-strcpy.o)
 .data          0x000000000200f378        0x0 /home/halcyon/Desktop/src/mobile/devkit/devkitPro/devkitARM/bin/../lib/gcc/arm-eabi/4.5.0/../../../../arm-eabi/lib/thumb/libg.a(lib_a-strlcpy.o)
 .data          0x000000000200f378        0x0 /home/halcyon/Desktop/src/mobile/devkit/devkitPro/devkitARM/bin/../lib/gcc/arm-eabi/4.5.0/../../../../arm-eabi/lib/thumb/libg.a(lib_a-strncasecmp.o)
 .data          0x000000000200f378        0x0 /home/halcyon/Desktop/src/mobile/devkit/devkitPro/devkitARM/bin/../lib/gcc/arm-eabi/4.5.0/../../../../arm-eabi/lib/thumb/libg.a(lib_a-strncmp.o)
 .data          0x000000000200f378        0x0 /home/halcyon/Desktop/src/mobile/devkit/devkitPro/devkitARM/bin/../lib/gcc/arm-eabi/4.5.0/../../../../arm-eabi/lib/thumb/libg.a(lib_a-strncpy.o)
 .data          0x000000000200f378        0x0 /home/halcyon/Desktop/src/mobile/devkit/devkitPro/devkitARM/bin/../lib/gcc/arm-eabi/4.5.0/../../../../arm-eabi/lib/thumb/libg.a(lib_a-strtol.o)
 .data          0x000000000200f378        0x0 /home/halcyon/Desktop/src/mobile/devkit/devkitPro/devkitARM/bin/../lib/gcc/arm-eabi/4.5.0/../../../../arm-eabi/lib/thumb/libg.a(lib_a-strtoul.o)
 .data          0x000000000200f378        0x0 /home/halcyon/Desktop/src/mobile/devkit/devkitPro/devkitARM/bin/../lib/gcc/arm-eabi/4.5.0/../../../../arm-eabi/lib/thumb/libg.a(lib_a-wbuf.o)
 .data          0x000000000200f378        0x0 /home/halcyon/Desktop/src/mobile/devkit/devkitPro/devkitARM/bin/../lib/gcc/arm-eabi/4.5.0/../../../../arm-eabi/lib/thumb/libg.a(lib_a-wcsnrtombs.o)
 .data          0x000000000200f378        0x0 /home/halcyon/Desktop/src/mobile/devkit/devkitPro/devkitARM/bin/../lib/gcc/arm-eabi/4.5.0/../../../../arm-eabi/lib/thumb/libg.a(lib_a-fclose.o)
 .data          0x000000000200f378        0x0 /home/halcyon/Desktop/src/mobile/devkit/devkitPro/devkitARM/bin/../lib/gcc/arm-eabi/4.5.0/../../../../arm-eabi/lib/thumb/libg.a(lib_a-getenv_r.o)
 .data          0x000000000200f378        0x4 /home/halcyon/Desktop/src/mobile/devkit/devkitPro/devkitARM/bin/../lib/gcc/arm-eabi/4.5.0/../../../../arm-eabi/lib/thumb/libg.a(lib_a-environ.o)
                0x000000000200f378                environ
 .data          0x000000000200f37c        0x0 /home/halcyon/Desktop/src/mobile/devkit/devkitPro/devkitARM/bin/../lib/gcc/arm-eabi/4.5.0/../../../../arm-eabi/lib/thumb/libg.a(lib_a-envlock.o)
 .data          0x000000000200f37c       0x44 /home/halcyon/Desktop/src/mobile/devkit/devkitPro/devkitARM/bin/../lib/gcc/arm-eabi/4.5.0/../../../../arm-eabi/lib/thumb/libsysbase.a(iosupport.o)
                0x000000000200f380                devoptab_list
 .data          0x000000000200f3c0        0x0 /home/halcyon/Desktop/src/mobile/devkit/devkitPro/devkitARM/bin/../lib/gcc/arm-eabi/4.5.0/../../../../arm-eabi/lib/thumb/libsysbase.a(close.o)
 .data          0x000000000200f3c0        0x0 /home/halcyon/Desktop/src/mobile/devkit/devkitPro/devkitARM/bin/../lib/gcc/arm-eabi/4.5.0/../../../../arm-eabi/lib/thumb/libsysbase.a(fstat.o)
 .data          0x000000000200f3c0        0x0 /home/halcyon/Desktop/src/mobile/devkit/devkitPro/devkitARM/bin/../lib/gcc/arm-eabi/4.5.0/../../../../arm-eabi/lib/thumb/libsysbase.a(isatty.o)
 .data          0x000000000200f3c0        0x0 /home/halcyon/Desktop/src/mobile/devkit/devkitPro/devkitARM/bin/../lib/gcc/arm-eabi/4.5.0/../../../../arm-eabi/lib/thumb/libsysbase.a(lseek.o)
 .data          0x000000000200f3c0        0x0 /home/halcyon/Desktop/src/mobile/devkit/devkitPro/devkitARM/bin/../lib/gcc/arm-eabi/4.5.0/../../../../arm-eabi/lib/thumb/libsysbase.a(read.o)
 .data          0x000000000200f3c0        0x0 /home/halcyon/Desktop/src/mobile/devkit/devkitPro/devkitARM/bin/../lib/gcc/arm-eabi/4.5.0/../../../../arm-eabi/lib/thumb/libsysbase.a(sbrk.o)
 .data          0x000000000200f3c0        0x0 /home/halcyon/Desktop/src/mobile/devkit/devkitPro/devkitARM/bin/../lib/gcc/arm-eabi/4.5.0/../../../../arm-eabi/lib/thumb/libsysbase.a(times.o)
 .data          0x000000000200f3c0        0x0 /home/halcyon/Desktop/src/mobile/devkit/devkitPro/devkitARM/bin/../lib/gcc/arm-eabi/4.5.0/../../../../arm-eabi/lib/thumb/libsysbase.a(write.o)
 .data          0x000000000200f3c0        0x0 /home/halcyon/Desktop/src/mobile/devkit/devkitPro/devkitARM/bin/../lib/gcc/arm-eabi/4.5.0/../../../../arm-eabi/lib/thumb/libsysbase.a(malloc_vars.o)
 .data          0x000000000200f3c0        0x0 /home/halcyon/Desktop/src/mobile/devkit/devkitPro/devkitARM/bin/../lib/gcc/arm-eabi/4.5.0/../../../../arm-eabi/lib/thumb/libsysbase.a(build_argv.o)
 .data          0x000000000200f3c0        0x0 /home/halcyon/Desktop/src/mobile/devkit/devkitPro/devkitARM/bin/../lib/gcc/arm-eabi/4.5.0/../../../../arm-eabi/lib/thumb/libsysbase.a(syscall_support.o)
 .data          0x000000000200f3c0        0x0 /home/halcyon/Desktop/src/mobile/devkit/devkitPro/devkitARM/bin/../lib/gcc/arm-eabi/4.5.0/../../../../arm-eabi/lib/thumb/libsysbase.a(handle_manager.o)
 .data          0x000000000200f3c0        0x0 /home/halcyon/Desktop/src/mobile/devkit/devkitPro/devkitARM/bin/../lib/gcc/arm-eabi/4.5.0/thumb/libgcc.a(_udivsi3.o)
 .data          0x000000000200f3c0        0x0 /home/halcyon/Desktop/src/mobile/devkit/devkitPro/devkitARM/bin/../lib/gcc/arm-eabi/4.5.0/thumb/libgcc.a(_dvmd_tls.o)
 .data          0x000000000200f3c0        0x0 /home/halcyon/Desktop/src/mobile/devkit/devkitPro/devkitARM/bin/../lib/gcc/arm-eabi/4.5.0/../../../../arm-eabi/lib/thumb/libg.a(lib_a-errno.o)
 .data          0x000000000200f3c0        0x0 /home/halcyon/Desktop/src/mobile/devkit/devkitPro/devkitARM/bin/../lib/gcc/arm-eabi/4.5.0/thumb/crtend.o
 .data          0x000000000200f3c0        0x0 /home/halcyon/Desktop/src/mobile/devkit/devkitPro/devkitARM/bin/../lib/gcc/arm-eabi/4.5.0/thumb/crtn.o
 *(.data.*)
 *(.gnu.linkonce.d*)
                0x000000000200f3c0                . = ALIGN (0x4)
                0x000000000200f3c0                __data_end = ABSOLUTE (.)
                0x000000000200f3c0                __dtcm_lma = .
                0x000000000200f3c0                __bss_vma = .

.dtcm           0x000000000b000000        0x0 load address 0x000000000200f3c0
 *(.dtcm)
 *(.dtcm.*)
                0x000000000b000000                . = ALIGN (0x4)
                0x000000000b000000                __dtcm_end = ABSOLUTE (.)
                0x000000000200f3c0                __itcm_lma = (__dtcm_lma + SIZEOF (.dtcm))

.itcm           0x0000000001000100      0x194 load address 0x000000000200f3c0
 *(.itcm)
 .itcm          0x0000000001000100       0xc8 /home/halcyon/Desktop/src/mobile/devkit/devkitPro/libnds/lib/libnds9.a(interrupts.o)
                0x0000000001000100                irqTable
 .itcm          0x00000000010001c8       0xcc /home/halcyon/Desktop/src/mobile/devkit/devkitPro/libnds/lib/libnds9.a(interruptDispatcher.o)
                0x00000000010001c8                IntrMain
 *itcm.*(.text)
                0x0000000001000294                . = ALIGN (0x4)
                0x0000000001000294                __itcm_end = ABSOLUTE (.)
                0x000000000200f554                __vectors_lma = (__itcm_lma + SIZEOF (.itcm))

.vectors        0x0000000001000000        0x0 load address 0x000000000200f554
 *(.vectors)
 *vectors.*(.text)
                0x0000000001000000                . = ALIGN (0x4)
                0x0000000001000000                __vectors_end = ABSOLUTE (.)

.sbss           0x000000000b000000        0x0
                0x000000000b000000                __sbss_start = ABSOLUTE (.)
                0x000000000b000000                __sbss_start__ = ABSOLUTE (.)
 *(.sbss)
                0x000000000b000000                . = ALIGN (0x4)
                0x000000000b000000                __sbss_end = ABSOLUTE (.)

.bss            0x000000000200f3c0     0x1f28
                0x000000000200f3c0                __bss_start = ABSOLUTE (.)
                0x000000000200f3c0                __bss_start__ = ABSOLUTE (.)
 *(.dynbss)
 *(.gnu.linkonce.b*)
 *(.bss*)
 .bss           0x000000000200f3c0        0x0 /home/halcyon/Desktop/src/mobile/devkit/devkitPro/devkitARM/bin/../lib/gcc/arm-eabi/4.5.0/../../../../arm-eabi/lib/thumb/ds_arm9_crt0.o
 .bss           0x000000000200f3c0        0x0 /home/halcyon/Desktop/src/mobile/devkit/devkitPro/devkitARM/bin/../lib/gcc/arm-eabi/4.5.0/thumb/crti.o
 .bss           0x000000000200f3c0       0x1c /home/halcyon/Desktop/src/mobile/devkit/devkitPro/devkitARM/bin/../lib/gcc/arm-eabi/4.5.0/thumb/crtbegin.o
 .bss           0x000000000200f3dc        0xc micrecord.o
                0x000000000200f3dc                sound_buffer
                0x000000000200f3e0                data_length
                0x000000000200f3e4                mic_buffer
 .bss           0x000000000200f3e8        0x0 /home/halcyon/Desktop/src/mobile/devkit/devkitPro/libnds/lib/libnds9.a(console.o)
 .bss           0x000000000200f3e8        0x6 /home/halcyon/Desktop/src/mobile/devkit/devkitPro/libnds/lib/libnds9.a(keys.o)
 *fill*         0x000000000200f3ee        0x2 00
 .bss           0x000000000200f3f0        0x4 /home/halcyon/Desktop/src/mobile/devkit/devkitPro/libnds/lib/libnds9.a(sound.o)
                0x000000000200f3f0                micCallback
 .bss           0x000000000200f3f4        0x0 /home/halcyon/Desktop/src/mobile/devkit/devkitPro/libnds/lib/libnds9.a(initSystem.o)
 .bss           0x000000000200f3f4        0x8 /home/halcyon/Desktop/src/mobile/devkit/devkitPro/libnds/lib/libnds9.a(fifosystem.o)
                0x000000000200f3f8                processing
 .bss           0x000000000200f3fc        0x0 /home/halcyon/Desktop/src/mobile/devkit/devkitPro/libnds/lib/libnds9.a(interrupts.o)
 .bss           0x000000000200f3fc        0x0 /home/halcyon/Desktop/src/mobile/devkit/devkitPro/libnds/lib/libnds9.a(libnds_exit.o)
 .bss           0x000000000200f3fc        0x0 /home/halcyon/Desktop/src/mobile/devkit/devkitPro/libnds/lib/libnds9.a(dcache.o)
 .bss           0x000000000200f3fc        0x0 /home/halcyon/Desktop/src/mobile/devkit/devkitPro/libnds/lib/libnds9.a(mpu_setup.o)
 .bss           0x000000000200f3fc        0x0 /home/halcyon/Desktop/src/mobile/devkit/devkitPro/libnds/lib/libnds9.a(biosCalls.o)
 .bss           0x000000000200f3fc        0x0 /home/halcyon/Desktop/src/mobile/devkit/devkitPro/libnds/lib/libnds9.a(debugprint.o)
 .bss           0x000000000200f3fc        0x0 /home/halcyon/Desktop/src/mobile/devkit/devkitPro/libnds/lib/libnds9.a(interruptDispatcher.o)
 .bss           0x000000000200f3fc        0x0 /home/halcyon/Desktop/src/mobile/devkit/devkitPro/libnds/lib/libnds9.a(swiSoftReset.o)
 .bss           0x000000000200f3fc        0x0 /home/halcyon/Desktop/src/mobile/devkit/devkitPro/libnds/lib/libnds9.a(default_font.bin.o)
 .bss           0x000000000200f3fc        0x0 /home/halcyon/Desktop/src/mobile/devkit/devkitPro/libnds/lib/libnds9.a(background.o)
 .bss           0x000000000200f3fc        0x0 /home/halcyon/Desktop/src/mobile/devkit/devkitPro/libnds/lib/libnds9.a(system.o)
 .bss           0x000000000200f3fc        0x0 /home/halcyon/Desktop/src/mobile/devkit/devkitPro/libnds/lib/libnds9.a(trig.o)
 .bss           0x000000000200f3fc        0x0 /home/halcyon/Desktop/src/mobile/devkit/devkitPro/devkitARM/bin/../lib/gcc/arm-eabi/4.5.0/../../../../arm-eabi/lib/thumb/libg.a(lib_a-bsearch.o)
 .bss           0x000000000200f3fc        0x0 /home/halcyon/Desktop/src/mobile/devkit/devkitPro/devkitARM/bin/../lib/gcc/arm-eabi/4.5.0/../../../../arm-eabi/lib/thumb/libg.a(lib_a-impure.o)
 .bss           0x000000000200f3fc        0x0 /home/halcyon/Desktop/src/mobile/devkit/devkitPro/devkitARM/bin/../lib/gcc/arm-eabi/4.5.0/../../../../arm-eabi/lib/thumb/libg.a(lib_a-init.o)
 .bss           0x000000000200f3fc        0x0 /home/halcyon/Desktop/src/mobile/devkit/devkitPro/devkitARM/bin/../lib/gcc/arm-eabi/4.5.0/../../../../arm-eabi/lib/thumb/libg.a(lib_a-iprintf.o)
 .bss           0x000000000200f3fc        0x0 /home/halcyon/Desktop/src/mobile/devkit/devkitPro/devkitARM/bin/../lib/gcc/arm-eabi/4.5.0/../../../../arm-eabi/lib/thumb/libg.a(lib_a-malloc.o)
 .bss           0x000000000200f3fc       0x34 /home/halcyon/Desktop/src/mobile/devkit/devkitPro/devkitARM/bin/../lib/gcc/arm-eabi/4.5.0/../../../../arm-eabi/lib/thumb/libg.a(lib_a-mallocr.o)
                0x000000000200f3fc                __malloc_top_pad
                0x000000000200f400                __malloc_current_mallinfo
                0x000000000200f428                __malloc_max_sbrked_mem
                0x000000000200f42c                __malloc_max_total_mem
 .bss           0x000000000200f430        0x0 /home/halcyon/Desktop/src/mobile/devkit/devkitPro/devkitARM/bin/../lib/gcc/arm-eabi/4.5.0/../../../../arm-eabi/lib/thumb/libg.a(lib_a-memcpy.o)
 .bss           0x000000000200f430        0x0 /home/halcyon/Desktop/src/mobile/devkit/devkitPro/devkitARM/bin/../lib/gcc/arm-eabi/4.5.0/../../../../arm-eabi/lib/thumb/libg.a(lib_a-memset.o)
 .bss           0x000000000200f430        0x0 /home/halcyon/Desktop/src/mobile/devkit/devkitPro/devkitARM/bin/../lib/gcc/arm-eabi/4.5.0/../../../../arm-eabi/lib/thumb/libg.a(lib_a-mlock.o)
 .bss           0x000000000200f430        0x0 /home/halcyon/Desktop/src/mobile/devkit/devkitPro/devkitARM/bin/../lib/gcc/arm-eabi/4.5.0/../../../../arm-eabi/lib/thumb/libg.a(lib_a-setvbuf.o)
 .bss           0x000000000200f430        0x0 /home/halcyon/Desktop/src/mobile/devkit/devkitPro/devkitARM/bin/../lib/gcc/arm-eabi/4.5.0/../../../../arm-eabi/lib/thumb/libg.a(lib_a-siscanf.o)
 .bss           0x000000000200f430        0x0 /home/halcyon/Desktop/src/mobile/devkit/devkitPro/devkitARM/bin/../lib/gcc/arm-eabi/4.5.0/../../../../arm-eabi/lib/thumb/libg.a(lib_a-stdio.o)
 .bss           0x000000000200f430        0x0 /home/halcyon/Desktop/src/mobile/devkit/devkitPro/devkitARM/bin/../lib/gcc/arm-eabi/4.5.0/../../../../arm-eabi/lib/thumb/libg.a(lib_a-strlen.o)
 .bss           0x000000000200f430        0x0 /home/halcyon/Desktop/src/mobile/devkit/devkitPro/devkitARM/bin/../lib/gcc/arm-eabi/4.5.0/../../../../arm-eabi/lib/thumb/libg.a(lib_a-svfiscanf.o)
 .bss           0x000000000200f430        0x0 /home/halcyon/Desktop/src/mobile/devkit/devkitPro/devkitARM/bin/../lib/gcc/arm-eabi/4.5.0/../../../../arm-eabi/lib/thumb/libg.a(lib_a-ungetc.o)
 .bss           0x000000000200f430        0x0 /home/halcyon/Desktop/src/mobile/devkit/devkitPro/devkitARM/bin/../lib/gcc/arm-eabi/4.5.0/../../../../arm-eabi/lib/thumb/libg.a(lib_a-vfiprintf.o)
 .bss           0x000000000200f430        0x0 /home/halcyon/Desktop/src/mobile/devkit/devkitPro/devkitARM/bin/../lib/gcc/arm-eabi/4.5.0/../../../../arm-eabi/lib/thumb/libg.a(lib_a-wcrtomb.o)
 .bss           0x000000000200f430        0x0 /home/halcyon/Desktop/src/mobile/devkit/devkitPro/devkitARM/bin/../lib/gcc/arm-eabi/4.5.0/../../../../arm-eabi/lib/thumb/libg.a(lib_a-wcsrtombs.o)
 .bss           0x000000000200f430        0x0 /home/halcyon/Desktop/src/mobile/devkit/devkitPro/devkitARM/bin/../lib/gcc/arm-eabi/4.5.0/../../../../arm-eabi/lib/thumb/libg.a(lib_a-wctomb_r.o)
 .bss           0x000000000200f430        0x0 /home/halcyon/Desktop/src/mobile/devkit/devkitPro/devkitARM/bin/../lib/gcc/arm-eabi/4.5.0/../../../../arm-eabi/lib/thumb/libg.a(lib_a-wsetup.o)
 .bss           0x000000000200f430        0x0 /home/halcyon/Desktop/src/mobile/devkit/devkitPro/devkitARM/bin/../lib/gcc/arm-eabi/4.5.0/../../../../arm-eabi/lib/thumb/libg.a(lib_a-ctype_.o)
 .bss           0x000000000200f430        0x0 /home/halcyon/Desktop/src/mobile/devkit/devkitPro/devkitARM/bin/../lib/gcc/arm-eabi/4.5.0/../../../../arm-eabi/lib/thumb/libg.a(lib_a-fflush.o)
 .bss           0x000000000200f430        0x0 /home/halcyon/Desktop/src/mobile/devkit/devkitPro/devkitARM/bin/../lib/gcc/arm-eabi/4.5.0/../../../../arm-eabi/lib/thumb/libg.a(lib_a-findfp.o)
 .bss           0x000000000200f430        0x0 /home/halcyon/Desktop/src/mobile/devkit/devkitPro/devkitARM/bin/../lib/gcc/arm-eabi/4.5.0/../../../../arm-eabi/lib/thumb/libg.a(lib_a-fputwc.o)
 .bss           0x000000000200f430        0x0 /home/halcyon/Desktop/src/mobile/devkit/devkitPro/devkitARM/bin/../lib/gcc/arm-eabi/4.5.0/../../../../arm-eabi/lib/thumb/libg.a(lib_a-freer.o)
 .bss           0x000000000200f430        0x0 /home/halcyon/Desktop/src/mobile/devkit/devkitPro/devkitARM/bin/../lib/gcc/arm-eabi/4.5.0/../../../../arm-eabi/lib/thumb/libg.a(lib_a-fvwrite.o)
 .bss           0x000000000200f430        0x0 /home/halcyon/Desktop/src/mobile/devkit/devkitPro/devkitARM/bin/../lib/gcc/arm-eabi/4.5.0/../../../../arm-eabi/lib/thumb/libg.a(lib_a-fwalk.o)
 .bss           0x000000000200f430        0x0 /home/halcyon/Desktop/src/mobile/devkit/devkitPro/devkitARM/bin/../lib/gcc/arm-eabi/4.5.0/../../../../arm-eabi/lib/thumb/libg.a(lib_a-iswspace.o)
 .bss           0x000000000200f430        0x0 /home/halcyon/Desktop/src/mobile/devkit/devkitPro/devkitARM/bin/../lib/gcc/arm-eabi/4.5.0/../../../../arm-eabi/lib/thumb/libg.a(lib_a-jp2uc.o)
 .bss           0x000000000200f430      0x2b8 /home/halcyon/Desktop/src/mobile/devkit/devkitPro/devkitARM/bin/../lib/gcc/arm-eabi/4.5.0/../../../../arm-eabi/lib/thumb/libg.a(lib_a-locale.o)
                0x000000000200f6dc                __nlocale_changed
                0x000000000200f6e0                __mlocale_changed
                0x000000000200f6e4                _PathLocale
 .bss           0x000000000200f6e8        0x0 /home/halcyon/Desktop/src/mobile/devkit/devkitPro/devkitARM/bin/../lib/gcc/arm-eabi/4.5.0/../../../../arm-eabi/lib/thumb/libg.a(lib_a-makebuf.o)
 .bss           0x000000000200f6e8        0x0 /home/halcyon/Desktop/src/mobile/devkit/devkitPro/devkitARM/bin/../lib/gcc/arm-eabi/4.5.0/../../../../arm-eabi/lib/thumb/libg.a(lib_a-mbrtowc.o)
 .bss           0x000000000200f6e8        0x0 /home/halcyon/Desktop/src/mobile/devkit/devkitPro/devkitARM/bin/../lib/gcc/arm-eabi/4.5.0/../../../../arm-eabi/lib/thumb/libg.a(lib_a-mbtowc_r.o)
 .bss           0x000000000200f6e8        0x0 /home/halcyon/Desktop/src/mobile/devkit/devkitPro/devkitARM/bin/../lib/gcc/arm-eabi/4.5.0/../../../../arm-eabi/lib/thumb/libg.a(lib_a-memchr.o)
 .bss           0x000000000200f6e8        0x0 /home/halcyon/Desktop/src/mobile/devkit/devkitPro/devkitARM/bin/../lib/gcc/arm-eabi/4.5.0/../../../../arm-eabi/lib/thumb/libg.a(lib_a-memmove.o)
 .bss           0x000000000200f6e8        0x0 /home/halcyon/Desktop/src/mobile/devkit/devkitPro/devkitARM/bin/../lib/gcc/arm-eabi/4.5.0/../../../../arm-eabi/lib/thumb/libg.a(lib_a-reallocr.o)
 .bss           0x000000000200f6e8        0x0 /home/halcyon/Desktop/src/mobile/devkit/devkitPro/devkitARM/bin/../lib/gcc/arm-eabi/4.5.0/../../../../arm-eabi/lib/thumb/libg.a(lib_a-sccl.o)
 .bss           0x000000000200f6e8        0x0 /home/halcyon/Desktop/src/mobile/devkit/devkitPro/devkitARM/bin/../lib/gcc/arm-eabi/4.5.0/../../../../arm-eabi/lib/thumb/libg.a(lib_a-strcasecmp.o)
 .bss           0x000000000200f6e8        0x0 /home/halcyon/Desktop/src/mobile/devkit/devkitPro/devkitARM/bin/../lib/gcc/arm-eabi/4.5.0/../../../../arm-eabi/lib/thumb/libg.a(lib_a-strcat.o)
 .bss           0x000000000200f6e8        0x0 /home/halcyon/Desktop/src/mobile/devkit/devkitPro/devkitARM/bin/../lib/gcc/arm-eabi/4.5.0/../../../../arm-eabi/lib/thumb/libg.a(lib_a-strchr.o)
 .bss           0x000000000200f6e8        0x0 /home/halcyon/Desktop/src/mobile/devkit/devkitPro/devkitARM/bin/../lib/gcc/arm-eabi/4.5.0/../../../../arm-eabi/lib/thumb/libg.a(lib_a-strcmp.o)
 .bss           0x000000000200f6e8        0x0 /home/halcyon/Desktop/src/mobile/devkit/devkitPro/devkitARM/bin/../lib/gcc/arm-eabi/4.5.0/../../../../arm-eabi/lib/thumb/libg.a(lib_a-strcpy.o)
 .bss           0x000000000200f6e8        0x0 /home/halcyon/Desktop/src/mobile/devkit/devkitPro/devkitARM/bin/../lib/gcc/arm-eabi/4.5.0/../../../../arm-eabi/lib/thumb/libg.a(lib_a-strlcpy.o)
 .bss           0x000000000200f6e8        0x0 /home/halcyon/Desktop/src/mobile/devkit/devkitPro/devkitARM/bin/../lib/gcc/arm-eabi/4.5.0/../../../../arm-eabi/lib/thumb/libg.a(lib_a-strncasecmp.o)
 .bss           0x000000000200f6e8        0x0 /home/halcyon/Desktop/src/mobile/devkit/devkitPro/devkitARM/bin/../lib/gcc/arm-eabi/4.5.0/../../../../arm-eabi/lib/thumb/libg.a(lib_a-strncmp.o)
 .bss           0x000000000200f6e8        0x0 /home/halcyon/Desktop/src/mobile/devkit/devkitPro/devkitARM/bin/../lib/gcc/arm-eabi/4.5.0/../../../../arm-eabi/lib/thumb/libg.a(lib_a-strncpy.o)
 .bss           0x000000000200f6e8        0x0 /home/halcyon/Desktop/src/mobile/devkit/devkitPro/devkitARM/bin/../lib/gcc/arm-eabi/4.5.0/../../../../arm-eabi/lib/thumb/libg.a(lib_a-strtol.o)
 .bss           0x000000000200f6e8        0x0 /home/halcyon/Desktop/src/mobile/devkit/devkitPro/devkitARM/bin/../lib/gcc/arm-eabi/4.5.0/../../../../arm-eabi/lib/thumb/libg.a(lib_a-strtoul.o)
 .bss           0x000000000200f6e8        0x0 /home/halcyon/Desktop/src/mobile/devkit/devkitPro/devkitARM/bin/../lib/gcc/arm-eabi/4.5.0/../../../../arm-eabi/lib/thumb/libg.a(lib_a-wbuf.o)
 .bss           0x000000000200f6e8        0x0 /home/halcyon/Desktop/src/mobile/devkit/devkitPro/devkitARM/bin/../lib/gcc/arm-eabi/4.5.0/../../../../arm-eabi/lib/thumb/libg.a(lib_a-wcsnrtombs.o)
 .bss           0x000000000200f6e8        0x0 /home/halcyon/Desktop/src/mobile/devkit/devkitPro/devkitARM/bin/../lib/gcc/arm-eabi/4.5.0/../../../../arm-eabi/lib/thumb/libg.a(lib_a-fclose.o)
 .bss           0x000000000200f6e8        0x0 /home/halcyon/Desktop/src/mobile/devkit/devkitPro/devkitARM/bin/../lib/gcc/arm-eabi/4.5.0/../../../../arm-eabi/lib/thumb/libg.a(lib_a-getenv_r.o)
 .bss           0x000000000200f6e8        0x4 /home/halcyon/Desktop/src/mobile/devkit/devkitPro/devkitARM/bin/../lib/gcc/arm-eabi/4.5.0/../../../../arm-eabi/lib/thumb/libg.a(lib_a-environ.o)
 .bss           0x000000000200f6ec        0x0 /home/halcyon/Desktop/src/mobile/devkit/devkitPro/devkitARM/bin/../lib/gcc/arm-eabi/4.5.0/../../../../arm-eabi/lib/thumb/libg.a(lib_a-envlock.o)
 .bss           0x000000000200f6ec        0x0 /home/halcyon/Desktop/src/mobile/devkit/devkitPro/devkitARM/bin/../lib/gcc/arm-eabi/4.5.0/../../../../arm-eabi/lib/thumb/libsysbase.a(iosupport.o)
 .bss           0x000000000200f6ec        0x0 /home/halcyon/Desktop/src/mobile/devkit/devkitPro/devkitARM/bin/../lib/gcc/arm-eabi/4.5.0/../../../../arm-eabi/lib/thumb/libsysbase.a(close.o)
 .bss           0x000000000200f6ec        0x0 /home/halcyon/Desktop/src/mobile/devkit/devkitPro/devkitARM/bin/../lib/gcc/arm-eabi/4.5.0/../../../../arm-eabi/lib/thumb/libsysbase.a(fstat.o)
 .bss           0x000000000200f6ec        0x0 /home/halcyon/Desktop/src/mobile/devkit/devkitPro/devkitARM/bin/../lib/gcc/arm-eabi/4.5.0/../../../../arm-eabi/lib/thumb/libsysbase.a(isatty.o)
 .bss           0x000000000200f6ec        0x0 /home/halcyon/Desktop/src/mobile/devkit/devkitPro/devkitARM/bin/../lib/gcc/arm-eabi/4.5.0/../../../../arm-eabi/lib/thumb/libsysbase.a(lseek.o)
 .bss           0x000000000200f6ec        0x0 /home/halcyon/Desktop/src/mobile/devkit/devkitPro/devkitARM/bin/../lib/gcc/arm-eabi/4.5.0/../../../../arm-eabi/lib/thumb/libsysbase.a(read.o)
 .bss           0x000000000200f6ec        0x4 /home/halcyon/Desktop/src/mobile/devkit/devkitPro/devkitARM/bin/../lib/gcc/arm-eabi/4.5.0/../../../../arm-eabi/lib/thumb/libsysbase.a(sbrk.o)
 .bss           0x000000000200f6f0        0x0 /home/halcyon/Desktop/src/mobile/devkit/devkitPro/devkitARM/bin/../lib/gcc/arm-eabi/4.5.0/../../../../arm-eabi/lib/thumb/libsysbase.a(times.o)
 .bss           0x000000000200f6f0        0x0 /home/halcyon/Desktop/src/mobile/devkit/devkitPro/devkitARM/bin/../lib/gcc/arm-eabi/4.5.0/../../../../arm-eabi/lib/thumb/libsysbase.a(write.o)
 .bss           0x000000000200f6f0        0x8 /home/halcyon/Desktop/src/mobile/devkit/devkitPro/devkitARM/bin/../lib/gcc/arm-eabi/4.5.0/../../../../arm-eabi/lib/thumb/libsysbase.a(malloc_vars.o)
                0x000000000200f6f0                fake_heap_end
                0x000000000200f6f4                fake_heap_start
 .bss           0x000000000200f6f8        0x0 /home/halcyon/Desktop/src/mobile/devkit/devkitPro/devkitARM/bin/../lib/gcc/arm-eabi/4.5.0/../../../../arm-eabi/lib/thumb/libsysbase.a(build_argv.o)
 .bss           0x000000000200f6f8        0x8 /home/halcyon/Desktop/src/mobile/devkit/devkitPro/devkitARM/bin/../lib/gcc/arm-eabi/4.5.0/../../../../arm-eabi/lib/thumb/libsysbase.a(syscall_support.o)
                0x000000000200f6f8                __syscalls
 .bss           0x000000000200f700     0x1000 /home/halcyon/Desktop/src/mobile/devkit/devkitPro/devkitARM/bin/../lib/gcc/arm-eabi/4.5.0/../../../../arm-eabi/lib/thumb/libsysbase.a(handle_manager.o)
 .bss           0x0000000002010700        0x0 /home/halcyon/Desktop/src/mobile/devkit/devkitPro/devkitARM/bin/../lib/gcc/arm-eabi/4.5.0/thumb/libgcc.a(_udivsi3.o)
 .bss           0x0000000002010700        0x0 /home/halcyon/Desktop/src/mobile/devkit/devkitPro/devkitARM/bin/../lib/gcc/arm-eabi/4.5.0/thumb/libgcc.a(_dvmd_tls.o)
 .bss           0x0000000002010700        0x0 /home/halcyon/Desktop/src/mobile/devkit/devkitPro/devkitARM/bin/../lib/gcc/arm-eabi/4.5.0/../../../../arm-eabi/lib/thumb/libg.a(lib_a-errno.o)
 .bss           0x0000000002010700        0x0 /home/halcyon/Desktop/src/mobile/devkit/devkitPro/devkitARM/bin/../lib/gcc/arm-eabi/4.5.0/thumb/crtend.o
 .bss           0x0000000002010700        0x0 /home/halcyon/Desktop/src/mobile/devkit/devkitPro/devkitARM/bin/../lib/gcc/arm-eabi/4.5.0/thumb/crtn.o
 *(COMMON)
 COMMON         0x0000000002010700       0x5c /home/halcyon/Desktop/src/mobile/devkit/devkitPro/libnds/lib/libnds9.a(console.o)
                0x0000000002010700                currentCopy
 COMMON         0x000000000201075c      0xa40 /home/halcyon/Desktop/src/mobile/devkit/devkitPro/libnds/lib/libnds9.a(fifosystem.o)
                0x000000000201075c                fifo_datamsg_data
                0x000000000201079c                fifo_buffer
                0x0000000002010f9c                fifo_value32_func
                0x0000000002010fdc                fifo_address_func
                0x000000000201101c                fifo_value32_data
                0x000000000201105c                fifo_value32_queue
                0x000000000201109c                fifo_data_queue
                0x00000000020110dc                fifo_address_data
                0x000000000201111c                fifo_datamsg_func
                0x000000000201115c                fifo_address_queue
 COMMON         0x000000000201119c      0x148 /home/halcyon/Desktop/src/mobile/devkit/devkitPro/libnds/lib/libnds9.a(background.o)
                0x000000000201119c                bgState
                0x00000000020112dc                bgIsTextLut
 COMMON         0x00000000020112e4        0x4 /home/halcyon/Desktop/src/mobile/devkit/devkitPro/devkitARM/bin/../lib/gcc/arm-eabi/4.5.0/../../../../arm-eabi/lib/thumb/libsysbase.a(times.o)
                0x00000000020112e4                punixTime
                0x00000000020112e8                . = ALIGN (0x4)
                0x00000000020112e8                __bss_end = ABSOLUTE (.)
                0x00000000020112e8                __bss_end__ = __bss_end
                0x00000000020112e8                _end = __bss_end__
                0x00000000020112e8                __end__ = __bss_end__

.stab
 *(.stab)

.stabstr
 *(.stabstr)

.stab.excl
 *(.stab.excl)

.stab.exclstr
 *(.stab.exclstr)

.stab.index
 *(.stab.index)

.stab.indexstr
 *(.stab.indexstr)

.ARM.attributes
                0x0000000000000000       0x2d load address 0x000000000200f3c0
 .ARM.attributes
                0x0000000000000000       0x21 /home/halcyon/Desktop/src/mobile/devkit/devkitPro/devkitARM/bin/../lib/gcc/arm-eabi/4.5.0/../../../../arm-eabi/lib/thumb/ds_arm9_crt0.o
 .ARM.attributes
                0x0000000000000021       0x20 /home/halcyon/Desktop/src/mobile/devkit/devkitPro/devkitARM/bin/../lib/gcc/arm-eabi/4.5.0/thumb/crti.o
 .ARM.attributes
                0x0000000000000041       0x30 /home/halcyon/Desktop/src/mobile/devkit/devkitPro/devkitARM/bin/../lib/gcc/arm-eabi/4.5.0/thumb/crtbegin.o
 .ARM.attributes
                0x0000000000000071       0x27 micrecord.o
 .ARM.attributes
                0x0000000000000098       0x27 /home/halcyon/Desktop/src/mobile/devkit/devkitPro/libnds/lib/libnds9.a(console.o)
 .ARM.attributes
                0x00000000000000bf       0x27 /home/halcyon/Desktop/src/mobile/devkit/devkitPro/libnds/lib/libnds9.a(keys.o)
 .ARM.attributes
                0x00000000000000e6       0x27 /home/halcyon/Desktop/src/mobile/devkit/devkitPro/libnds/lib/libnds9.a(sound.o)
 .ARM.attributes
                0x000000000000010d       0x27 /home/halcyon/Desktop/src/mobile/devkit/devkitPro/libnds/lib/libnds9.a(initSystem.o)
 .ARM.attributes
                0x0000000000000134       0x27 /home/halcyon/Desktop/src/mobile/devkit/devkitPro/libnds/lib/libnds9.a(fifosystem.o)
 .ARM.attributes
                0x000000000000015b       0x27 /home/halcyon/Desktop/src/mobile/devkit/devkitPro/libnds/lib/libnds9.a(interrupts.o)
 .ARM.attributes
                0x0000000000000182       0x27 /home/halcyon/Desktop/src/mobile/devkit/devkitPro/libnds/lib/libnds9.a(libnds_exit.o)
 .ARM.attributes
                0x00000000000001a9       0x1b /home/halcyon/Desktop/src/mobile/devkit/devkitPro/libnds/lib/libnds9.a(dcache.o)
 .ARM.attributes
                0x00000000000001c4       0x21 /home/halcyon/Desktop/src/mobile/devkit/devkitPro/libnds/lib/libnds9.a(mpu_setup.o)
 .ARM.attributes
                0x00000000000001e5       0x1b /home/halcyon/Desktop/src/mobile/devkit/devkitPro/libnds/lib/libnds9.a(biosCalls.o)
 .ARM.attributes
                0x0000000000000200       0x1b /home/halcyon/Desktop/src/mobile/devkit/devkitPro/libnds/lib/libnds9.a(debugprint.o)
 .ARM.attributes
                0x000000000000021b       0x1b /home/halcyon/Desktop/src/mobile/devkit/devkitPro/libnds/lib/libnds9.a(interruptDispatcher.o)
 .ARM.attributes
                0x0000000000000236       0x21 /home/halcyon/Desktop/src/mobile/devkit/devkitPro/libnds/lib/libnds9.a(swiSoftReset.o)
 .ARM.attributes
                0x0000000000000257       0x14 /home/halcyon/Desktop/src/mobile/devkit/devkitPro/libnds/lib/libnds9.a(default_font.bin.o)
 .ARM.attributes
                0x000000000000026b       0x27 /home/halcyon/Desktop/src/mobile/devkit/devkitPro/libnds/lib/libnds9.a(background.o)
 .ARM.attributes
                0x0000000000000292       0x27 /home/halcyon/Desktop/src/mobile/devkit/devkitPro/libnds/lib/libnds9.a(system.o)
 .ARM.attributes
                0x00000000000002b9       0x27 /home/halcyon/Desktop/src/mobile/devkit/devkitPro/libnds/lib/libnds9.a(trig.o)
 .ARM.attributes
                0x00000000000002e0       0x30 /home/halcyon/Desktop/src/mobile/devkit/devkitPro/devkitARM/bin/../lib/gcc/arm-eabi/4.5.0/../../../../arm-eabi/lib/thumb/libg.a(lib_a-bsearch.o)
 .ARM.attributes
                0x0000000000000310       0x30 /home/halcyon/Desktop/src/mobile/devkit/devkitPro/devkitARM/bin/../lib/gcc/arm-eabi/4.5.0/../../../../arm-eabi/lib/thumb/libg.a(lib_a-impure.o)
 .ARM.attributes
                0x0000000000000340       0x30 /home/halcyon/Desktop/src/mobile/devkit/devkitPro/devkitARM/bin/../lib/gcc/arm-eabi/4.5.0/../../../../arm-eabi/lib/thumb/libg.a(lib_a-init.o)
 .ARM.attributes
                0x0000000000000370       0x30 /home/halcyon/Desktop/src/mobile/devkit/devkitPro/devkitARM/bin/../lib/gcc/arm-eabi/4.5.0/../../../../arm-eabi/lib/thumb/libg.a(lib_a-iprintf.o)
 .ARM.attributes
                0x00000000000003a0       0x30 /home/halcyon/Desktop/src/mobile/devkit/devkitPro/devkitARM/bin/../lib/gcc/arm-eabi/4.5.0/../../../../arm-eabi/lib/thumb/libg.a(lib_a-malloc.o)
 .ARM.attributes
                0x00000000000003d0       0x30 /home/halcyon/Desktop/src/mobile/devkit/devkitPro/devkitARM/bin/../lib/gcc/arm-eabi/4.5.0/../../../../arm-eabi/lib/thumb/libg.a(lib_a-mallocr.o)
 .ARM.attributes
                0x0000000000000400       0x30 /home/halcyon/Desktop/src/mobile/devkit/devkitPro/devkitARM/bin/../lib/gcc/arm-eabi/4.5.0/../../../../arm-eabi/lib/thumb/libg.a(lib_a-memcpy.o)
 .ARM.attributes
                0x0000000000000430       0x30 /home/halcyon/Desktop/src/mobile/devkit/devkitPro/devkitARM/bin/../lib/gcc/arm-eabi/4.5.0/../../../../arm-eabi/lib/thumb/libg.a(lib_a-memset.o)
 .ARM.attributes
                0x0000000000000460       0x30 /home/halcyon/Desktop/src/mobile/devkit/devkitPro/devkitARM/bin/../lib/gcc/arm-eabi/4.5.0/../../../../arm-eabi/lib/thumb/libg.a(lib_a-mlock.o)
 .ARM.attributes
                0x0000000000000490       0x30 /home/halcyon/Desktop/src/mobile/devkit/devkitPro/devkitARM/bin/../lib/gcc/arm-eabi/4.5.0/../../../../arm-eabi/lib/thumb/libg.a(lib_a-setvbuf.o)
 .ARM.attributes
                0x00000000000004c0       0x30 /home/halcyon/Desktop/src/mobile/devkit/devkitPro/devkitARM/bin/../lib/gcc/arm-eabi/4.5.0/../../../../arm-eabi/lib/thumb/libg.a(lib_a-siscanf.o)
 .ARM.attributes
                0x00000000000004f0       0x30 /home/halcyon/Desktop/src/mobile/devkit/devkitPro/devkitARM/bin/../lib/gcc/arm-eabi/4.5.0/../../../../arm-eabi/lib/thumb/libg.a(lib_a-stdio.o)
 .ARM.attributes
                0x0000000000000520       0x30 /home/halcyon/Desktop/src/mobile/devkit/devkitPro/devkitARM/bin/../lib/gcc/arm-eabi/4.5.0/../../../../arm-eabi/lib/thumb/libg.a(lib_a-strlen.o)
 .ARM.attributes
                0x0000000000000550       0x30 /home/halcyon/Desktop/src/mobile/devkit/devkitPro/devkitARM/bin/../lib/gcc/arm-eabi/4.5.0/../../../../arm-eabi/lib/thumb/libg.a(lib_a-svfiscanf.o)
 .ARM.attributes
                0x0000000000000580       0x30 /home/halcyon/Desktop/src/mobile/devkit/devkitPro/devkitARM/bin/../lib/gcc/arm-eabi/4.5.0/../../../../arm-eabi/lib/thumb/libg.a(lib_a-ungetc.o)
 .ARM.attributes
                0x00000000000005b0       0x30 /home/halcyon/Desktop/src/mobile/devkit/devkitPro/devkitARM/bin/../lib/gcc/arm-eabi/4.5.0/../../../../arm-eabi/lib/thumb/libg.a(lib_a-vfiprintf.o)
 .ARM.attributes
                0x00000000000005e0       0x30 /home/halcyon/Desktop/src/mobile/devkit/devkitPro/devkitARM/bin/../lib/gcc/arm-eabi/4.5.0/../../../../arm-eabi/lib/thumb/libg.a(lib_a-wcrtomb.o)
 .ARM.attributes
                0x0000000000000610       0x30 /home/halcyon/Desktop/src/mobile/devkit/devkitPro/devkitARM/bin/../lib/gcc/arm-eabi/4.5.0/../../../../arm-eabi/lib/thumb/libg.a(lib_a-wcsrtombs.o)
 .ARM.attributes
                0x0000000000000640       0x30 /home/halcyon/Desktop/src/mobile/devkit/devkitPro/devkitARM/bin/../lib/gcc/arm-eabi/4.5.0/../../../../arm-eabi/lib/thumb/libg.a(lib_a-wctomb_r.o)
 .ARM.attributes
                0x0000000000000670       0x30 /home/halcyon/Desktop/src/mobile/devkit/devkitPro/devkitARM/bin/../lib/gcc/arm-eabi/4.5.0/../../../../arm-eabi/lib/thumb/libg.a(lib_a-wsetup.o)
 .ARM.attributes
                0x00000000000006a0       0x30 /home/halcyon/Desktop/src/mobile/devkit/devkitPro/devkitARM/bin/../lib/gcc/arm-eabi/4.5.0/../../../../arm-eabi/lib/thumb/libg.a(lib_a-ctype_.o)
 .ARM.attributes
                0x00000000000006d0       0x30 /home/halcyon/Desktop/src/mobile/devkit/devkitPro/devkitARM/bin/../lib/gcc/arm-eabi/4.5.0/../../../../arm-eabi/lib/thumb/libg.a(lib_a-fflush.o)
 .ARM.attributes
                0x0000000000000700       0x30 /home/halcyon/Desktop/src/mobile/devkit/devkitPro/devkitARM/bin/../lib/gcc/arm-eabi/4.5.0/../../../../arm-eabi/lib/thumb/libg.a(lib_a-findfp.o)
 .ARM.attributes
                0x0000000000000730       0x30 /home/halcyon/Desktop/src/mobile/devkit/devkitPro/devkitARM/bin/../lib/gcc/arm-eabi/4.5.0/../../../../arm-eabi/lib/thumb/libg.a(lib_a-fputwc.o)
 .ARM.attributes
                0x0000000000000760       0x30 /home/halcyon/Desktop/src/mobile/devkit/devkitPro/devkitARM/bin/../lib/gcc/arm-eabi/4.5.0/../../../../arm-eabi/lib/thumb/libg.a(lib_a-freer.o)
 .ARM.attributes
                0x0000000000000790       0x30 /home/halcyon/Desktop/src/mobile/devkit/devkitPro/devkitARM/bin/../lib/gcc/arm-eabi/4.5.0/../../../../arm-eabi/lib/thumb/libg.a(lib_a-fvwrite.o)
 .ARM.attributes
                0x00000000000007c0       0x30 /home/halcyon/Desktop/src/mobile/devkit/devkitPro/devkitARM/bin/../lib/gcc/arm-eabi/4.5.0/../../../../arm-eabi/lib/thumb/libg.a(lib_a-fwalk.o)
 .ARM.attributes
                0x00000000000007f0       0x30 /home/halcyon/Desktop/src/mobile/devkit/devkitPro/devkitARM/bin/../lib/gcc/arm-eabi/4.5.0/../../../../arm-eabi/lib/thumb/libg.a(lib_a-iswspace.o)
 .ARM.attributes
                0x0000000000000820       0x30 /home/halcyon/Desktop/src/mobile/devkit/devkitPro/devkitARM/bin/../lib/gcc/arm-eabi/4.5.0/../../../../arm-eabi/lib/thumb/libg.a(lib_a-jp2uc.o)
 .ARM.attributes
                0x0000000000000850       0x30 /home/halcyon/Desktop/src/mobile/devkit/devkitPro/devkitARM/bin/../lib/gcc/arm-eabi/4.5.0/../../../../arm-eabi/lib/thumb/libg.a(lib_a-locale.o)
 .ARM.attributes
                0x0000000000000880       0x30 /home/halcyon/Desktop/src/mobile/devkit/devkitPro/devkitARM/bin/../lib/gcc/arm-eabi/4.5.0/../../../../arm-eabi/lib/thumb/libg.a(lib_a-makebuf.o)
 .ARM.attributes
                0x00000000000008b0       0x30 /home/halcyon/Desktop/src/mobile/devkit/devkitPro/devkitARM/bin/../lib/gcc/arm-eabi/4.5.0/../../../../arm-eabi/lib/thumb/libg.a(lib_a-mbrtowc.o)
 .ARM.attributes
                0x00000000000008e0       0x30 /home/halcyon/Desktop/src/mobile/devkit/devkitPro/devkitARM/bin/../lib/gcc/arm-eabi/4.5.0/../../../../arm-eabi/lib/thumb/libg.a(lib_a-mbtowc_r.o)
 .ARM.attributes
                0x0000000000000910       0x30 /home/halcyon/Desktop/src/mobile/devkit/devkitPro/devkitARM/bin/../lib/gcc/arm-eabi/4.5.0/../../../../arm-eabi/lib/thumb/libg.a(lib_a-memchr.o)
 .ARM.attributes
                0x0000000000000940       0x30 /home/halcyon/Desktop/src/mobile/devkit/devkitPro/devkitARM/bin/../lib/gcc/arm-eabi/4.5.0/../../../../arm-eabi/lib/thumb/libg.a(lib_a-memmove.o)
 .ARM.attributes
                0x0000000000000970       0x30 /home/halcyon/Desktop/src/mobile/devkit/devkitPro/devkitARM/bin/../lib/gcc/arm-eabi/4.5.0/../../../../arm-eabi/lib/thumb/libg.a(lib_a-reallocr.o)
 .ARM.attributes
                0x00000000000009a0       0x30 /home/halcyon/Desktop/src/mobile/devkit/devkitPro/devkitARM/bin/../lib/gcc/arm-eabi/4.5.0/../../../../arm-eabi/lib/thumb/libg.a(lib_a-sccl.o)
 .ARM.attributes
                0x00000000000009d0       0x30 /home/halcyon/Desktop/src/mobile/devkit/devkitPro/devkitARM/bin/../lib/gcc/arm-eabi/4.5.0/../../../../arm-eabi/lib/thumb/libg.a(lib_a-strcasecmp.o)
 .ARM.attributes
                0x0000000000000a00       0x30 /home/halcyon/Desktop/src/mobile/devkit/devkitPro/devkitARM/bin/../lib/gcc/arm-eabi/4.5.0/../../../../arm-eabi/lib/thumb/libg.a(lib_a-strcat.o)
 .ARM.attributes
                0x0000000000000a30       0x30 /home/halcyon/Desktop/src/mobile/devkit/devkitPro/devkitARM/bin/../lib/gcc/arm-eabi/4.5.0/../../../../arm-eabi/lib/thumb/libg.a(lib_a-strchr.o)
 .ARM.attributes
                0x0000000000000a60       0x30 /home/halcyon/Desktop/src/mobile/devkit/devkitPro/devkitARM/bin/../lib/gcc/arm-eabi/4.5.0/../../../../arm-eabi/lib/thumb/libg.a(lib_a-strcmp.o)
 .ARM.attributes
                0x0000000000000a90       0x30 /home/halcyon/Desktop/src/mobile/devkit/devkitPro/devkitARM/bin/../lib/gcc/arm-eabi/4.5.0/../../../../arm-eabi/lib/thumb/libg.a(lib_a-strcpy.o)
 .ARM.attributes
                0x0000000000000ac0       0x30 /home/halcyon/Desktop/src/mobile/devkit/devkitPro/devkitARM/bin/../lib/gcc/arm-eabi/4.5.0/../../../../arm-eabi/lib/thumb/libg.a(lib_a-strlcpy.o)
 .ARM.attributes
                0x0000000000000af0       0x30 /home/halcyon/Desktop/src/mobile/devkit/devkitPro/devkitARM/bin/../lib/gcc/arm-eabi/4.5.0/../../../../arm-eabi/lib/thumb/libg.a(lib_a-strncasecmp.o)
 .ARM.attributes
                0x0000000000000b20       0x30 /home/halcyon/Desktop/src/mobile/devkit/devkitPro/devkitARM/bin/../lib/gcc/arm-eabi/4.5.0/../../../../arm-eabi/lib/thumb/libg.a(lib_a-strncmp.o)
 .ARM.attributes
                0x0000000000000b50       0x30 /home/halcyon/Desktop/src/mobile/devkit/devkitPro/devkitARM/bin/../lib/gcc/arm-eabi/4.5.0/../../../../arm-eabi/lib/thumb/libg.a(lib_a-strncpy.o)
 .ARM.attributes