Archive member included because of file (symbol)

/home/halcyon/Desktop/src/mobile/devkit/devkitPro/libnds/lib/libdswifi9.a(sgIP_DNS.o)
                              autoconnect.o (inet_ntoa)
/home/halcyon/Desktop/src/mobile/devkit/devkitPro/libnds/lib/libdswifi9.a(sgIP_Hub.o)
                              /home/halcyon/Desktop/src/mobile/devkit/devkitPro/libnds/lib/libdswifi9.a(sgIP_DNS.o) (sgIP_Hub_GetDefaultInterface)
/home/halcyon/Desktop/src/mobile/devkit/devkitPro/libnds/lib/libdswifi9.a(sgIP_memblock.o)
                              /home/halcyon/Desktop/src/mobile/devkit/devkitPro/libnds/lib/libdswifi9.a(sgIP_Hub.o) (sgIP_memblock_exposeheader)
/home/halcyon/Desktop/src/mobile/devkit/devkitPro/libnds/lib/libdswifi9.a(sgIP_sockets.o)
                              /home/halcyon/Desktop/src/mobile/devkit/devkitPro/libnds/lib/libdswifi9.a(sgIP_DNS.o) (ioctl)
/home/halcyon/Desktop/src/mobile/devkit/devkitPro/libnds/lib/libdswifi9.a(wifi_arm9.o)
                              /home/halcyon/Desktop/src/mobile/devkit/devkitPro/libnds/lib/libdswifi9.a(sgIP_DNS.o) (sgIP_IntrWaitEvent)
/home/halcyon/Desktop/src/mobile/devkit/devkitPro/libnds/lib/libdswifi9.a(spinlock.o)
                              /home/halcyon/Desktop/src/mobile/devkit/devkitPro/libnds/lib/libdswifi9.a(wifi_arm9.o) (SLasm_Acquire)
/home/halcyon/Desktop/src/mobile/devkit/devkitPro/libnds/lib/libdswifi9.a(sgIP.o)
                              /home/halcyon/Desktop/src/mobile/devkit/devkitPro/libnds/lib/libdswifi9.a(wifi_arm9.o) (sgIP_Timer)
/home/halcyon/Desktop/src/mobile/devkit/devkitPro/libnds/lib/libdswifi9.a(sgIP_ARP.o)
                              /home/halcyon/Desktop/src/mobile/devkit/devkitPro/libnds/lib/libdswifi9.a(sgIP.o) (sgIP_ARP_Init)
/home/halcyon/Desktop/src/mobile/devkit/devkitPro/libnds/lib/libdswifi9.a(sgIP_DHCP.o)
                              /home/halcyon/Desktop/src/mobile/devkit/devkitPro/libnds/lib/libdswifi9.a(wifi_arm9.o) (gethostname)
/home/halcyon/Desktop/src/mobile/devkit/devkitPro/libnds/lib/libdswifi9.a(sgIP_IP.o)
                              /home/halcyon/Desktop/src/mobile/devkit/devkitPro/libnds/lib/libdswifi9.a(sgIP.o) (sgIP_IP_ReceivePacket)
/home/halcyon/Desktop/src/mobile/devkit/devkitPro/libnds/lib/libdswifi9.a(sgIP_TCP.o)
                              /home/halcyon/Desktop/src/mobile/devkit/devkitPro/libnds/lib/libdswifi9.a(sgIP.o) (sgIP_TCP_Init)
/home/halcyon/Desktop/src/mobile/devkit/devkitPro/libnds/lib/libdswifi9.a(sgIP_UDP.o)
                              /home/halcyon/Desktop/src/mobile/devkit/devkitPro/libnds/lib/libdswifi9.a(sgIP.o) (sgIP_UDP_Init)
/home/halcyon/Desktop/src/mobile/devkit/devkitPro/libnds/lib/libdswifi9.a(sgIP_ICMP.o)
                              /home/halcyon/Desktop/src/mobile/devkit/devkitPro/libnds/lib/libdswifi9.a(sgIP_IP.o) (sgIP_ICMP_ReceivePacket)
/home/halcyon/Desktop/src/mobile/devkit/devkitPro/libnds/lib/libnds9.a(console.o)
                              autoconnect.o (consoleDemoInit)
/home/halcyon/Desktop/src/mobile/devkit/devkitPro/libnds/lib/libnds9.a(initSystem.o)
                              /home/halcyon/Desktop/src/mobile/devkit/devkitPro/devkitARM/bin/../lib/gcc/arm-eabi/4.5.0/../../../../arm-eabi/lib/thumb/ds_arm9_crt0.o (initSystem)
/home/halcyon/Desktop/src/mobile/devkit/devkitPro/libnds/lib/libnds9.a(fifosystem.o)
                              /home/halcyon/Desktop/src/mobile/devkit/devkitPro/libnds/lib/libdswifi9.a(wifi_arm9.o) (fifoSendAddress)
/home/halcyon/Desktop/src/mobile/devkit/devkitPro/libnds/lib/libnds9.a(interrupts.o)
                              /home/halcyon/Desktop/src/mobile/devkit/devkitPro/libnds/lib/libdswifi9.a(wifi_arm9.o) (irqSet)
/home/halcyon/Desktop/src/mobile/devkit/devkitPro/libnds/lib/libnds9.a(libnds_exit.o)
                              /home/halcyon/Desktop/src/mobile/devkit/devkitPro/devkitARM/bin/../lib/gcc/arm-eabi/4.5.0/../../../../arm-eabi/lib/thumb/ds_arm9_crt0.o (__libnds_exit)
/home/halcyon/Desktop/src/mobile/devkit/devkitPro/libnds/lib/libnds9.a(dcache.o)
                              /home/halcyon/Desktop/src/mobile/devkit/devkitPro/libnds/lib/libdswifi9.a(wifi_arm9.o) (DC_FlushAll)
/home/halcyon/Desktop/src/mobile/devkit/devkitPro/libnds/lib/libnds9.a(mpu_setup.o)
                              /home/halcyon/Desktop/src/mobile/devkit/devkitPro/devkitARM/bin/../lib/gcc/arm-eabi/4.5.0/../../../../arm-eabi/lib/thumb/ds_arm9_crt0.o (__libnds_mpu_setup)
/home/halcyon/Desktop/src/mobile/devkit/devkitPro/libnds/lib/libnds9.a(biosCalls.o)
                              /home/halcyon/Desktop/src/mobile/devkit/devkitPro/libnds/lib/libnds9.a(fifosystem.o) (swiIntrWait)
/home/halcyon/Desktop/src/mobile/devkit/devkitPro/libnds/lib/libnds9.a(debugprint.o)
                              /home/halcyon/Desktop/src/mobile/devkit/devkitPro/libnds/lib/libnds9.a(console.o) (nocashMessage)
/home/halcyon/Desktop/src/mobile/devkit/devkitPro/libnds/lib/libnds9.a(interruptDispatcher.o)
[...]
Memory Configuration

Name             Origin             Length             Attributes
rom              0x0000000008000000 0x0000000002000000
ewram            0x0000000002000000 0x00000000003ff000
dtcm             0x000000000b000000 0x0000000000004000
vectors          0x0000000001000000 0x0000000000000100
itcm             0x0000000001000100 0x0000000000007f00
*default*        0x0000000000000000 0xffffffffffffffff

Linker script and memory map

                0x0000000001000000                __vectors_start = 0x1000000
                0x0000000001000100                __itcm_start = 0x1000100
                0x00000000023ff000                __ewram_end = 0x23ff000
                0x00000000023ff000                __eheap_end = 0x23ff000
                0x000000000b000000                __dtcm_start = 0xb000000
                0x000000000b004000                __dtcm_top = 0xb004000
                0x000000000b003ff8                __irq_flags = (__dtcm_top - 0x8)
                0x000000000b003ffc                __irq_vector = (__dtcm_top - 0x4)
                0x000000000b003f00                __sp_svc = (__dtcm_top - 0x100)
                0x000000000b003e00                __sp_irq = (__sp_svc - 0x100)
                0x000000000b003d00                __sp_usr = (__sp_irq - 0x100)

.init           0x0000000002000000      0x23c
                0x0000000002000000                __text_start = .
 *(.init)
 .init          0x0000000002000000      0x230 /home/halcyon/Desktop/src/mobile/devkit/devkitPro/devkitARM/bin/../lib/gcc/arm-eabi/4.5.0/../../../../arm-eabi/lib/thumb/ds_arm9_crt0.o
                0x0000000002000000                _start
 .init          0x0000000002000230        0x4 /home/halcyon/Desktop/src/mobile/devkit/devkitPro/devkitARM/bin/../lib/gcc/arm-eabi/4.5.0/thumb/crti.o
                0x0000000002000230                _init
 .init          0x0000000002000234        0x8 /home/halcyon/Desktop/src/mobile/devkit/devkitPro/devkitARM/bin/../lib/gcc/arm-eabi/4.5.0/thumb/crtn.o
                0x000000000200023c                . = ALIGN (0x4)

.plt
 *(.plt)

.text           0x0000000002000240     0xdb10
 *(EXCLUDE_FILE(*.itcm*) .text)
 .text          0x0000000002000240        0x0 /home/halcyon/Desktop/src/mobile/devkit/devkitPro/devkitARM/bin/../lib/gcc/arm-eabi/4.5.0/../../../../arm-eabi/lib/thumb/ds_arm9_crt0.o
 .text          0x0000000002000240        0x0 /home/halcyon/Desktop/src/mobile/devkit/devkitPro/devkitARM/bin/../lib/gcc/arm-eabi/4.5.0/thumb/crti.o
 .text          0x0000000002000240       0x6c /home/halcyon/Desktop/src/mobile/devkit/devkitPro/devkitARM/bin/../lib/gcc/arm-eabi/4.5.0/thumb/crtbegin.o
 .text          0x00000000020002ac       0xa8 autoconnect.o
                0x00000000020002ac                main
 .text          0x0000000002000354      0xaac /home/halcyon/Desktop/src/mobile/devkit/devkitPro/libnds/lib/libdswifi9.a(sgIP_DNS.o)
                0x0000000002000354                sgIP_DNS_Init
                0x000000000200038c                sgIP_DNS_Timer1000ms
                0x00000000020003d8                sgIP_DNS_FindDNSRecord
                0x000000000200050c                sgIP_DNS_GetUnusedRecord
                0x0000000002000648                sgIP_DNS_GenerateHostent
                0x0000000002000724                sgIP_DNS_CopyAliasAt
                0x0000000002000788                inet_ntoa
                0x0000000002000798                sgIP_DNS_isipaddress
                0x00000000020009ac                inet_aton
                0x00000000020009c8                inet_addr
                0x00000000020009e4                sgIP_DNS_gethostbyname
 .text          0x0000000002000e00      0x1f4 /home/halcyon/Desktop/src/mobile/devkit/devkitPro/libnds/lib/libdswifi9.a(sgIP_Hub.o)
                0x0000000002000e00                sgIP_Hub_Init
                0x0000000002000e14                sgIP_Hub_AddProtocolInterface
                0x0000000002000e50                sgIP_Hub_AddHardwareInterface
                0x0000000002000e8c                sgIP_Hub_RemoveProtocolInterface
                0x0000000002000eac                sgIP_Hub_RemoveHardwareInterface
                0x0000000002000ecc                sgIP_Hub_IPMaxMessageSize
                0x0000000002000ed4                sgIP_Hub_GetCompatibleIP
                0x0000000002000eec                sgIP_Hub_GetDefaultInterface
                0x0000000002000f00                htons
                0x0000000002000f0c                htonl
                0x0000000002000f2c                sgIP_Hub_SendRawPacket
                0x0000000002000f50                sgIP_Hub_SendProtocolPacket
                0x0000000002000f98                sgIP_Hub_ReceiveHardwarePacket
 .text          0x0000000002000ff4      0x2d8 /home/halcyon/Desktop/src/mobile/devkit/devkitPro/libnds/lib/libdswifi9.a(sgIP_memblock.o)
                0x0000000002000ff4                sgIP_memblock_Init
                0x0000000002000ff8                sgIP_memblock_exposeheader
                0x0000000002001028                sgIP_memblock_IPChecksum
                0x0000000002001148                sgIP_memblock_CopyBlock
                0x000000000200114c                sgIP_memblock_CopyFromLinear
                0x00000000020011c0                sgIP_memblock_CopyToLinear
                0x0000000002001234                sgIP_memblock_free
                0x0000000002001260                sgIP_memblock_trimsize
                0x000000000200129c                sgIP_memblock_allocHW
                0x00000000020012c0                sgIP_memblock_alloc
 .text          0x00000000020012cc      0xbb4 /home/halcyon/Desktop/src/mobile/devkit/devkitPro/libnds/lib/libdswifi9.a(sgIP_sockets.o)
                0x00000000020012cc                sgIP_sockets_Init
                0x00000000020012ec                setsockopt
                0x00000000020012f0                getsockopt
                0x00000000020012f4                select
                0x00000000020015b8                gethostbyname
                0x00000000020015c0                getsockname
                0x0000000002001660                getpeername
                0x00000000020016ec                ioctl
                0x0000000002001790                kill_socket
                0x00000000020017c8                spawn_socket
                0x000000000200181c                shutdown
                0x0000000002001868                accept
                0x0000000002001948                listen
                0x0000000002001998                recvfrom
                0x0000000002001a70                sendto
                0x0000000002001ae0                recv
                0x0000000002001b88                send
                0x0000000002001c30                connect
                0x0000000002001d40                bind
                0x0000000002001da0                closesocket
                0x0000000002001df8                socket
 .text          0x0000000002001e80     0x1560 /home/halcyon/Desktop/src/mobile/devkit/devkitPro/libnds/lib/libdswifi9.a(wifi_arm9.o)
                0x0000000002001e80                sgIP_IntrWaitEvent
                0x0000000002001e84                wHeapAlloc
                0x0000000002001f4c                wHeapFree
                0x0000000002001f6c                sgIP_malloc
                0x0000000002001f74                sgIP_free
                0x0000000002001f94                ethhdr_print
                0x0000000002001f98                erasemem
                0x0000000002001fac                Wifi_CopyMacAddr
                0x0000000002001fbc                Wifi_CmpMacAddr
                0x0000000002001fe0                Wifi_TxBufferWordsAvailable
                0x0000000002002004                Wifi_TxBufferWrite
                0x0000000002002068                Wifi_RxRawReadPacket
                0x00000000020020d8                Wifi_RxReadOffset
                0x0000000002002104                Wifi_RawTxFrame
                0x000000000200226c                Wifi_RawSetPacketHandler
                0x0000000002002278                Wifi_SetSyncHandler
                0x0000000002002284                Wifi_DisableWifi
                0x00000000020022a0                Wifi_EnableWifi
                0x00000000020022bc                Wifi_SetPromiscuousMode
                0x00000000020022ec                Wifi_ScanMode
                0x0000000002002308                Wifi_SetChannel
                0x0000000002002330                Wifi_GetNumAP
                0x0000000002002368                Wifi_AutoConnect
                0x0000000002002390                Wifi_DisconnectAP
                0x00000000020023bc                Wifi_Interface_Init
                0x0000000002002404                Wifi_CheckInit
                0x0000000002002428                Wifi_GetIP
                0x0000000002002440                Wifi_GetIPInfo
                0x0000000002002478                Wifi_SetDHCP
                0x000000000200247c                Wifi_GetStats
                0x00000000020024a0                arm9_synctoarm7
                0x00000000020024ac                Wifi_GetData
                0x0000000002002518                Wifi_SetIP
                0x000000000200253c                Wifi_Update
                0x0000000002002820                Wifi_Sync
                0x000000000200283c                wifiValue32Handler
                0x0000000002002848                Wifi_Timer
                0x0000000002002858                Timer_50ms
                0x0000000002002864                Wifi_TransmitFunction
                0x0000000002002bc0                Wifi_GetAPData
                0x0000000002002c74                Wifi_FindMatchingAP
                0x0000000002002db4                Wifi_AssocStatus
                0x0000000002003140                Wifi_ConnectAP
                0x0000000002003258                wHeapAllocInit
                0x0000000002003280                Wifi_Init
                0x0000000002003318                Wifi_InitDefault
 .text          0x00000000020033e0       0x5c /home/halcyon/Desktop/src/mobile/devkit/devkitPro/libnds/lib/libdswifi9.a(spinlock.o)
                0x00000000020033e0                SLasm_Acquire
                0x0000000002003414                SLasm_Release
 .text          0x000000000200343c       0xa0 /home/halcyon/Desktop/src/mobile/devkit/devkitPro/libnds/lib/libdswifi9.a(sgIP.o)
                0x000000000200343c                sgIP_Timer
                0x00000000020034a4                sgIP_Init
 .text          0x00000000020034dc      0x668 /home/halcyon/Desktop/src/mobile/devkit/devkitPro/libnds/lib/libdswifi9.a(sgIP_ARP.o)
                0x00000000020034dc                sgIP_FindArpSlot
                0x0000000002003510                sgIP_is_broadcast_address
                0x000000000200351c                sgIP_ARP_Check_isok
                0x0000000002003520                sgIP_ARP_Init
                0x0000000002003540                sgIP_ARP_FlushInterface
                0x0000000002003574                sgIP_ARP_ProcessIPFrame
                0x0000000002003578                sgIP_ARP_SendARPRequest
                0x0000000002003660                sgIP_ARP_SendGratARP
                0x0000000002003748                sgIP_ARP_SendARPResponse
                0x0000000002003828                sgIP_ARP_Timer100ms
                0x000000000200389c                sgIP_GetArpSlot
                0x00000000020038f4                sgIP_ARP_SendProtocolFrame
                0x0000000002003a2c                sgIP_ARP_ProcessARPFrame
 .text          0x0000000002003b44      0x9f8 /home/halcyon/Desktop/src/mobile/devkit/devkitPro/libnds/lib/libdswifi9.a(sgIP_DHCP.o)
                0x0000000002003b44                sgIP_DHCP_IsDhcpIp
                0x0000000002003b54                sethostname
                0x0000000002003bd0                gethostname
                0x0000000002003c10                sgIP_DHCP_SetHostName
                0x0000000002003c2c                sgIP_DHCP_Terminate
                0x0000000002003c64                sgIP_DHCP_BeginDgram
                0x0000000002003efc                sgIP_DHCP_SendDgram
                0x0000000002003f70                sgIP_DHCP_Update
                0x0000000002004400                sgIP_DHCP_Release
                0x0000000002004434                sgIP_DHCP_Start
                0x00000000020044f4                sgIP_DHCP_Init
 .text          0x000000000200453c      0x140 /home/halcyon/Desktop/src/mobile/devkit/devkitPro/libnds/lib/libdswifi9.a(sgIP_IP.o)
                0x000000000200453c                sgIP_IP_RequiredHeaderSize
                0x0000000002004540                sgIP_IP_GetLocalBindAddr
                0x0000000002004550                sgIP_IP_SendViaIP
                0x00000000020045dc                sgIP_IP_MaxContentsSize
                0x00000000020045e8                sgIP_IP_ReceivePacket
 .text          0x000000000200467c     0x1278 /home/halcyon/Desktop/src/mobile/devkit/devkitPro/libnds/lib/libdswifi9.a(sgIP_TCP.o)
                0x000000000200467c                sgIP_TCP_Init
                0x00000000020046b0                sgIP_TCP_support_seqhash
                0x0000000002004708                sgIP_TCP_GetUnusedOutgoingPort
                0x0000000002004770                sgIP_TCP_Bind
                0x000000000200479c                sgIP_TCP_Close
                0x00000000020047d0                sgIP_TCP_Accept
                0x0000000002004850                sgIP_TCP_Listen
                0x00000000020048ac                sgIP_TCP_AllocRecord
                0x00000000020048f8                sgIP_TCP_FreeRecord
                0x00000000020049f8                sgIP_TCP_GenHeader
                0x0000000002004ab0                sgIP_TCP_FixChecksum
                0x0000000002004b20                sgIP_TCP_SendSynReply
                0x0000000002004bcc                sgIP_TCP_SendPacket
                0x0000000002004cbc                sgIP_TCP_Recv
                0x0000000002004da8                sgIP_TCP_Send
                0x0000000002004eb4                sgIP_TCP_Connect
                0x0000000002004fa4                sgIP_TCP_Timer
                0x0000000002005204                sgIP_TCP_CalcChecksum
                0x0000000002005260                sgIP_TCP_ReceivePacket
 .text          0x00000000020058f4      0x460 /home/halcyon/Desktop/src/mobile/devkit/devkitPro/libnds/lib/libdswifi9.a(sgIP_UDP.o)
                0x00000000020058f4                sgIP_UDP_Init
                0x0000000002005910                sgIP_UDP_GetUnusedOutgoingPort
                0x0000000002005974                sgIP_UDP_Bind
                0x00000000020059b0                sgIP_UDP_RecvFrom
                0x0000000002005aa8                sgIP_UDP_FreeRecord
                0x0000000002005b08                sgIP_UDP_AllocRecord
                0x0000000002005b40                sgIP_UDP_CalcChecksum
                0x0000000002005ba4                sgIP_UDP_SendPacket
                0x0000000002005c98                sgIP_UDP_SendTo
                0x0000000002005cac                sgIP_UDP_ReceivePacket
 .text          0x0000000002005d54       0x68 /home/halcyon/Desktop/src/mobile/devkit/devkitPro/libnds/lib/libdswifi9.a(sgIP_ICMP.o)
                0x0000000002005d54                sgIP_ICMP_Init
                0x0000000002005d58                sgIP_ICMP_ReceivePacket
 .text          0x0000000002005dbc      0x9d4 /home/halcyon/Desktop/src/mobile/devkit/devkitPro/libnds/lib/libnds9.a(console.o)
                0x0000000002005e50                nocash_write
                0x0000000002005e7c                consoleGetDefault
                0x0000000002005e88                consoleSelect
                0x0000000002005e94                consoleDebugInit
                0x0000000002005ee0                consolePrintChar
                0x0000000002006080                consoleLoadFont
                0x0000000002006300                consoleSetFont
                0x0000000002006320                consoleInit
                0x0000000002006468                consoleDemoInit
                0x00000000020064ac                con_write
                0x000000000200675c                consoleClear
                0x000000000200676c                consoleSetWindow
 .text          0x0000000002006790      0x130 /home/halcyon/Desktop/src/mobile/devkit/devkitPro/libnds/lib/libnds9.a(initSystem.o)
                0x0000000002006790                initSystem
 .text          0x00000000020068c0      0xc8c /home/halcyon/Desktop/src/mobile/devkit/devkitPro/libnds/lib/libnds9.a(fifosystem.o)
                0x0000000002006b24                fifoSendAddress
                0x0000000002006b50                fifoSendValue32
                0x0000000002006b90                fifoSendDatamsg
                0x0000000002006bfc                fifoGetAddress
                0x0000000002006c6c                fifoSetAddressHandler
                0x0000000002006ce0                fifoGetValue32
                0x0000000002006d4c                fifoSetValue32Handler
                0x0000000002006dc0                fifoGetDatamsg
                0x0000000002007274                fifoSetDatamsgHandler
                0x000000000200730c                fifoCheckAddress
                0x0000000002007330                fifoCheckDatamsg
                0x0000000002007354                fifoCheckValue32
                0x0000000002007378                fifoInit
 .text          0x000000000200754c      0x1cc /home/halcyon/Desktop/src/mobile/devkit/devkitPro/libnds/lib/libnds9.a(interrupts.o)
                0x000000000200754c                irqDummy
                0x0000000002007550                irqSet
                0x00000000020075bc                irqInit
                0x0000000002007608                irqInitHandler
                0x0000000002007638                irqEnable
                0x0000000002007698                irqDisable
                0x00000000020076ec                irqClear
 .text          0x0000000002007718       0x40 /home/halcyon/Desktop/src/mobile/devkit/devkitPro/libnds/lib/libnds9.a(libnds_exit.o)
                0x0000000002007718                systemErrorExit
                0x000000000200771c                __libnds_exit
 .text          0x0000000002007758       0x70 /home/halcyon/Desktop/src/mobile/devkit/devkitPro/libnds/lib/libnds9.a(dcache.o)
                0x0000000002007758                DC_FlushAll
                0x0000000002007784                DC_FlushRange
                0x00000000020077a0                DC_InvalidateAll
                0x00000000020077ac                DC_InvalidateRange
 .text          0x00000000020077c8      0x1b4 /home/halcyon/Desktop/src/mobile/devkit/devkitPro/libnds/lib/libnds9.a(mpu_setup.o)
                0x00000000020077c8                __libnds_mpu_setup
                0x0000000002007908                memCached
                0x0000000002007920                memUncached
 *fill*         0x000000000200797c        0x4 ff
 .text          0x0000000002007980       0x70 /home/halcyon/Desktop/src/mobile/devkit/devkitPro/libnds/lib/libnds9.a(biosCalls.o)
                0x0000000002007980                swiDelay
                0x0000000002007984                swiIntrWait
                0x0000000002007988                swiWaitForVBlank
                0x000000000200798c                swiSleep
                0x0000000002007990                swiChangeSoundBias
                0x0000000002007994                swiDivide
                0x0000000002007998                swiRemainder
                0x000000000200799e                swiDivMod
                0x00000000020079aa                swiCopy
                0x00000000020079ae                swiFastCopy
                0x00000000020079b2                swiSqrt
                0x00000000020079b6                swiCRC16
                0x00000000020079ba                swiIsDebugger
                0x00000000020079be                swiUnpackBits
                0x00000000020079c2                swiDecompressLZSSWram
                0x00000000020079c6                swiDecompressLZSSVram
                0x00000000020079ca                swiDecompressHuffman
                0x00000000020079ce                swiDecompressRLEWram
                0x00000000020079d2                swiDecompressRLEVram
                0x00000000020079d6                swiWaitForIRQ
                0x00000000020079da                swiDecodeDelta8
                0x00000000020079de                swiDecodeDelta16
                0x00000000020079e2                swiSetHaltCR
 .text          0x00000000020079f0       0x98 /home/halcyon/Desktop/src/mobile/devkit/devkitPro/libnds/lib/libnds9.a(debugprint.o)
                0x00000000020079f0                nocashMessage
 .text          0x0000000002007a88        0x0 /home/halcyon/Desktop/src/mobile/devkit/devkitPro/libnds/lib/libnds9.a(interruptDispatcher.o)
 *fill*         0x0000000002007a88        0x8 ff
 .text          0x0000000002007a90       0x30 /home/halcyon/Desktop/src/mobile/devkit/devkitPro/libnds/lib/libnds9.a(swiSoftReset.o)
                0x0000000002007a90                swiSoftReset
 .text          0x0000000002007ac0        0x0 /home/halcyon/Desktop/src/mobile/devkit/devkitPro/libnds/lib/libnds9.a(default_font.bin.o)
 .text          0x0000000002007ac0      0x318 /home/halcyon/Desktop/src/mobile/devkit/devkitPro/libnds/lib/libnds9.a(background.o)
                0x0000000002007ac0                bgIsText
                0x0000000002007acc                checkIfText
                0x0000000002007b2c                bgUpdate
                0x0000000002007c4c                bgInit_call
                0x0000000002007d10                bgInitSub_call
 .text          0x0000000002007dd8       0xd4 /home/halcyon/Desktop/src/mobile/devkit/devkitPro/libnds/lib/libnds9.a(system.o)
                0x0000000002007dd8                systemMsgHandler
                0x0000000002007e1c                systemSleep
                0x0000000002007e34                powerValueHandler
                0x0000000002007e44                powerOn
                0x0000000002007e70                powerOff
                0x0000000002007e98                ledBlink
 .text          0x0000000002007eac      0x214 /home/halcyon/Desktop/src/mobile/devkit/devkitPro/libnds/lib/libnds9.a(trig.o)
                0x0000000002007eac                arcSinComp
                0x0000000002007ed8                sinLutLookup
                0x0000000002007f14                sinLerp
                0x0000000002007f3c                cosLerp
                0x0000000002007f54                tanLutLookup
                0x0000000002007f8c                tanLerp
                0x0000000002008028                asinLerp
                0x00000000020080a8                acosLerp
 .text          0x00000000020080c0      0x11c /home/halcyon/Desktop/src/mobile/devkit/devkitPro/devkitARM/bin/../lib/gcc/arm-eabi/4.5.0/thumb/libgcc.a(_udivsi3.o)
                0x00000000020080c0                __udivsi3
                0x00000000020080c0                __aeabi_uidiv
                0x00000000020081bc                __aeabi_uidivmod
 .text          0x00000000020081dc      0x150 /home/halcyon/Desktop/src/mobile/devkit/devkitPro/devkitARM/bin/../lib/gcc/arm-eabi/4.5.0/thumb/libgcc.a(_divsi3.o)
                0x00000000020081dc                __aeabi_idiv
                0x00000000020081dc                __divsi3
                0x000000000200830c                __aeabi_idivmod
 .text          0x000000000200832c        0x4 /home/halcyon/Desktop/src/mobile/devkit/devkitPro/devkitARM/bin/../lib/gcc/arm-eabi/4.5.0/thumb/libgcc.a(_dvmd_tls.o)
                0x000000000200832c                __aeabi_ldiv0
                0x000000000200832c                __aeabi_idiv0
 .text          0x0000000002008330       0x60 /home/halcyon/Desktop/src/mobile/devkit/devkitPro/devkitARM/bin/../lib/gcc/arm-eabi/4.5.0/../../../../arm-eabi/lib/thumb/libg.a(lib_a-bsearch.o)
                0x0000000002008330                bsearch
 .text          0x0000000002008390        0xc /home/halcyon/Desktop/src/mobile/devkit/devkitPro/devkitARM/bin/../lib/gcc/arm-eabi/4.5.0/../../../../arm-eabi/lib/thumb/libg.a(lib_a-errno.o)
                0x0000000002008390                __errno
 .text          0x000000000200839c        0x0 /home/halcyon/Desktop/src/mobile/devkit/devkitPro/devkitARM/bin/../lib/gcc/arm-eabi/4.5.0/../../../../arm-eabi/lib/thumb/libg.a(lib_a-impure.o)
 .text          0x000000000200839c       0x88 /home/halcyon/Desktop/src/mobile/devkit/devkitPro/devkitARM/bin/../lib/gcc/arm-eabi/4.5.0/../../../../arm-eabi/lib/thumb/libg.a(lib_a-init.o)
                0x000000000200839c                __libc_init_array
                0x00000000020083ec                __libc_fini_array
 .text          0x0000000002008424       0x40 /home/halcyon/Desktop/src/mobile/devkit/devkitPro/devkitARM/bin/../lib/gcc/arm-eabi/4.5.0/../../../../arm-eabi/lib/thumb/libg.a(lib_a-iprintf.o)
                0x0000000002008424                iprintf
                0x0000000002008448                _iprintf_r
 .text          0x0000000002008464       0x30 /home/halcyon/Desktop/src/mobile/devkit/devkitPro/devkitARM/bin/../lib/gcc/arm-eabi/4.5.0/../../../../arm-eabi/lib/thumb/libg.a(lib_a-malloc.o)
                0x0000000002008464                malloc
                0x000000000200847c                free
 .text          0x0000000002008494      0x518 /home/halcyon/Desktop/src/mobile/devkit/devkitPro/devkitARM/bin/../lib/gcc/arm-eabi/4.5.0/../../../../arm-eabi/lib/thumb/libg.a(lib_a-mallocr.o)
                0x0000000002008494                _malloc_r
 .text          0x00000000020089ac       0x84 /home/halcyon/Desktop/src/mobile/devkit/devkitPro/devkitARM/bin/../lib/gcc/arm-eabi/4.5.0/../../../../arm-eabi/lib/thumb/libg.a(lib_a-memcpy.o)
                0x00000000020089ac                memcpy
 .text          0x0000000002008a30       0x94 /home/halcyon/Desktop/src/mobile/devkit/devkitPro/devkitARM/bin/../lib/gcc/arm-eabi/4.5.0/../../../../arm-eabi/lib/thumb/libg.a(lib_a-memset.o)
                0x0000000002008a30                memset
 .text          0x0000000002008ac4        0x8 /home/halcyon/Desktop/src/mobile/devkit/devkitPro/devkitARM/bin/../lib/gcc/arm-eabi/4.5.0/../../../../arm-eabi/lib/thumb/libg.a(lib_a-mlock.o)
                0x0000000002008ac4                __malloc_lock
                0x0000000002008ac8                __malloc_unlock
 .text          0x0000000002008acc      0x114 /home/halcyon/Desktop/src/mobile/devkit/devkitPro/devkitARM/bin/../lib/gcc/arm-eabi/4.5.0/../../../../arm-eabi/lib/thumb/libg.a(lib_a-setvbuf.o)
                0x0000000002008acc                setvbuf
 .text          0x0000000002008be0       0xa0 /home/halcyon/Desktop/src/mobile/devkit/devkitPro/devkitARM/bin/../lib/gcc/arm-eabi/4.5.0/../../../../arm-eabi/lib/thumb/libg.a(lib_a-siscanf.o)
                0x0000000002008be0                siscanf
                0x0000000002008c30                _siscanf_r
 .text          0x0000000002008c80       0xac /home/halcyon/Desktop/src/mobile/devkit/devkitPro/devkitARM/bin/../lib/gcc/arm-eabi/4.5.0/../../../../arm-eabi/lib/thumb/libg.a(lib_a-stdio.o)
                0x0000000002008c80                __sread
                0x0000000002008cac                __seofread
                0x0000000002008cb0                __swrite
                0x0000000002008cec                __sseek
                0x0000000002008d1c                __sclose
 .text          0x0000000002008d2c       0x10 /home/halcyon/Desktop/src/mobile/devkit/devkitPro/devkitARM/bin/../lib/gcc/arm-eabi/4.5.0/../../../../arm-eabi/lib/thumb/libg.a(lib_a-strlen.o)
                0x0000000002008d2c                strlen
 .text          0x0000000002008d3c       0x6c /home/halcyon/Desktop/src/mobile/devkit/devkitPro/devkitARM/bin/../lib/gcc/arm-eabi/4.5.0/../../../../arm-eabi/lib/thumb/libg.a(lib_a-strncpy.o)
                0x0000000002008d3c                strncpy
 .text          0x0000000002008da8      0xae0 /home/halcyon/Desktop/src/mobile/devkit/devkitPro/devkitARM/bin/../lib/gcc/arm-eabi/4.5.0/../../../../arm-eabi/lib/thumb/libg.a(lib_a-svfiscanf.o)
                0x0000000002008da8                _sungetc_r
                0x0000000002008e34                __ssrefill_r
                0x0000000002008e78                _sfread_r
                0x0000000002008f0c                __ssvfiscanf_r
 .text          0x0000000002009888      0x188 /home/halcyon/Desktop/src/mobile/devkit/devkitPro/devkitARM/bin/../lib/gcc/arm-eabi/4.5.0/../../../../arm-eabi/lib/thumb/libg.a(lib_a-ungetc.o)
                0x0000000002009888                __submore
                0x0000000002009904                _ungetc_r
                0x00000000020099f4                ungetc
 .text          0x0000000002009a10      0xd7c /home/halcyon/Desktop/src/mobile/devkit/devkitPro/devkitARM/bin/../lib/gcc/arm-eabi/4.5.0/../../../../arm-eabi/lib/thumb/libg.a(lib_a-vfiprintf.o)
                0x0000000002009a10                __sprint_r
                0x0000000002009a98                _vfiprintf_r
                0x000000000200a768                vfiprintf
 .text          0x000000000200a78c       0xf0 /home/halcyon/Desktop/src/mobile/devkit/devkitPro/devkitARM/bin/../lib/gcc/arm-eabi/4.5.0/../../../../arm-eabi/lib/thumb/libg.a(lib_a-wcrtomb.o)
                0x000000000200a78c                _wcrtomb_r
                0x000000000200a7f8                wcrtomb
 .text          0x000000000200a87c       0x48 /home/halcyon/Desktop/src/mobile/devkit/devkitPro/devkitARM/bin/../lib/gcc/arm-eabi/4.5.0/../../../../arm-eabi/lib/thumb/libg.a(lib_a-wcsrtombs.o)
                0x000000000200a87c                _wcsrtombs_r
                0x000000000200a898                wcsrtombs
 .text          0x000000000200a8c4      0x294 /home/halcyon/Desktop/src/mobile/devkit/devkitPro/devkitARM/bin/../lib/gcc/arm-eabi/4.5.0/../../../../arm-eabi/lib/thumb/libg.a(lib_a-wctomb_r.o)
                0x000000000200a8c4                __utf8_wctomb
                0x000000000200a988                _wctomb_r
                0x000000000200a9c0                __ascii_wctomb
                0x000000000200a9e0                __sjis_wctomb
                0x000000000200aa50                __eucjp_wctomb
                0x000000000200aad4                __jis_wctomb
 .text          0x000000000200ab58       0xc4 /home/halcyon/Desktop/src/mobile/devkit/devkitPro/devkitARM/bin/../lib/gcc/arm-eabi/4.5.0/../../../../arm-eabi/lib/thumb/libg.a(lib_a-wsetup.o)
                0x000000000200ab58                __swsetup_r
 .text          0x000000000200ac1c       0x10 /home/halcyon/Desktop/src/mobile/devkit/devkitPro/devkitARM/bin/../lib/gcc/arm-eabi/4.5.0/../../../../arm-eabi/lib/thumb/libg.a(lib_a-ctype_.o)
                0x000000000200ac1c                __set_ctype
 .text          0x000000000200ac2c      0x18c /home/halcyon/Desktop/src/mobile/devkit/devkitPro/devkitARM/bin/../lib/gcc/arm-eabi/4.5.0/../../../../arm-eabi/lib/thumb/libg.a(lib_a-fflush.o)
                0x000000000200ac2c                _fflush_r
                0x000000000200ad88                fflush
 .text          0x000000000200adb8      0x238 /home/halcyon/Desktop/src/mobile/devkit/devkitPro/devkitARM/bin/../lib/gcc/arm-eabi/4.5.0/../../../../arm-eabi/lib/thumb/libg.a(lib_a-findfp.o)
                0x000000000200adc0                _cleanup_r
                0x000000000200add4                __sfmoreglue
                0x000000000200ae04                _cleanup
                0x000000000200ae18                __sinit
                0x000000000200af18                __sfp
                0x000000000200afa8                __sfp_lock_acquire
                0x000000000200afac                __sfp_lock_release
                0x000000000200afb0                __sinit_lock_acquire
                0x000000000200afb4                __sinit_lock_release
                0x000000000200afb8                __fp_lock_all
                0x000000000200afd4                __fp_unlock_all
 .text          0x000000000200aff0      0x10c /home/halcyon/Desktop/src/mobile/devkit/devkitPro/devkitARM/bin/../lib/gcc/arm-eabi/4.5.0/../../../../arm-eabi/lib/thumb/libg.a(lib_a-fputwc.o)
                0x000000000200aff0                _fputwc_r
                0x000000000200b0d0                fputwc
 .text          0x000000000200b0fc      0x244 /home/halcyon/Desktop/src/mobile/devkit/devkitPro/devkitARM/bin/../lib/gcc/arm-eabi/4.5.0/../../../../arm-eabi/lib/thumb/libg.a(lib_a-freer.o)
                0x000000000200b0fc                _malloc_trim_r
                0x000000000200b1a0                _free_r
 .text          0x000000000200b340      0x33c /home/halcyon/Desktop/src/mobile/devkit/devkitPro/devkitARM/bin/../lib/gcc/arm-eabi/4.5.0/../../../../arm-eabi/lib/thumb/libg.a(lib_a-fvwrite.o)
                0x000000000200b340                __sfvwrite_r
 .text          0x000000000200b67c       0xbc /home/halcyon/Desktop/src/mobile/devkit/devkitPro/devkitARM/bin/../lib/gcc/arm-eabi/4.5.0/../../../../arm-eabi/lib/thumb/libg.a(lib_a-fwalk.o)
                0x000000000200b67c                _fwalk
                0x000000000200b6d4                _fwalk_reent
 .text          0x000000000200b738       0x70 /home/halcyon/Desktop/src/mobile/devkit/devkitPro/devkitARM/bin/../lib/gcc/arm-eabi/4.5.0/../../../../arm-eabi/lib/thumb/libg.a(lib_a-iswspace.o)
                0x000000000200b738                iswspace
 .text          0x000000000200b7a8      0x1f4 /home/halcyon/Desktop/src/mobile/devkit/devkitPro/devkitARM/bin/../lib/gcc/arm-eabi/4.5.0/../../../../arm-eabi/lib/thumb/libg.a(lib_a-jp2uc.o)
                0x000000000200b938                _jp2uc
 .text          0x000000000200b99c      0x7dc /home/halcyon/Desktop/src/mobile/devkit/devkitPro/devkitARM/bin/../lib/gcc/arm-eabi/4.5.0/../../../../arm-eabi/lib/thumb/libg.a(lib_a-locale.o)
                0x000000000200bf0c                _setlocale_r
                0x000000000200c128                __locale_charset
                0x000000000200c134                __locale_msgcharset
                0x000000000200c140                __locale_cjk_lang
                0x000000000200c14c                _localeconv_r
                0x000000000200c154                setlocale
                0x000000000200c170                localeconv
 .text          0x000000000200c178       0xe8 /home/halcyon/Desktop/src/mobile/devkit/devkitPro/devkitARM/bin/../lib/gcc/arm-eabi/4.5.0/../../../../arm-eabi/lib/thumb/libg.a(lib_a-makebuf.o)
                0x000000000200c178                __smakebuf_r
 .text          0x000000000200c260      0x108 /home/halcyon/Desktop/src/mobile/devkit/devkitPro/devkitARM/bin/../lib/gcc/arm-eabi/4.5.0/../../../../arm-eabi/lib/thumb/libg.a(lib_a-mbrtowc.o)
                0x000000000200c260                _mbrtowc_r
                0x000000000200c2d8                mbrtowc
 .text          0x000000000200c368      0x5e0 /home/halcyon/Desktop/src/mobile/devkit/devkitPro/devkitARM/bin/../lib/gcc/arm-eabi/4.5.0/../../../../arm-eabi/lib/thumb/libg.a(lib_a-mbtowc_r.o)
                0x000000000200c368                __utf8_mbtowc
                0x000000000200c60c                _mbtowc_r
                0x000000000200c648                __ascii_mbtowc
                0x000000000200c678                __sjis_mbtowc
                0x000000000200c73c                __eucjp_mbtowc
                0x000000000200c82c                __jis_mbtowc
 .text          0x000000000200c948       0x98 /home/halcyon/Desktop/src/mobile/devkit/devkitPro/devkitARM/bin/../lib/gcc/arm-eabi/4.5.0/../../../../arm-eabi/lib/thumb/libg.a(lib_a-memchr.o)
                0x000000000200c948                memchr
 .text          0x000000000200c9e0       0xa4 /home/halcyon/Desktop/src/mobile/devkit/devkitPro/devkitARM/bin/../lib/gcc/arm-eabi/4.5.0/../../../../arm-eabi/lib/thumb/libg.a(lib_a-memmove.o)
                0x000000000200c9e0                memmove
 .text          0x000000000200ca84      0x41c /home/halcyon/Desktop/src/mobile/devkit/devkitPro/devkitARM/bin/../lib/gcc/arm-eabi/4.5.0/../../../../arm-eabi/lib/thumb/libg.a(lib_a-reallocr.o)
                0x000000000200ca84                _realloc_r
 .text          0x000000000200cea0       0x84 /home/halcyon/Desktop/src/mobile/devkit/devkitPro/devkitARM/bin/../lib/gcc/arm-eabi/4.5.0/../../../../arm-eabi/lib/thumb/libg.a(lib_a-sccl.o)
                0x000000000200cea0                __sccl
 .text          0x000000000200cf24       0x54 /home/halcyon/Desktop/src/mobile/devkit/devkitPro/devkitARM/bin/../lib/gcc/arm-eabi/4.5.0/../../../../arm-eabi/lib/thumb/libg.a(lib_a-strcasecmp.o)
                0x000000000200cf24                strcasecmp
 .text          0x000000000200cf78       0x48 /home/halcyon/Desktop/src/mobile/devkit/devkitPro/devkitARM/bin/../lib/gcc/arm-eabi/4.5.0/../../../../arm-eabi/lib/thumb/libg.a(lib_a-strcat.o)
                0x000000000200cf78                strcat
 .text          0x000000000200cfc0       0xe8 /home/halcyon/Desktop/src/mobile/devkit/devkitPro/devkitARM/bin/../lib/gcc/arm-eabi/4.5.0/../../../../arm-eabi/lib/thumb/libg.a(lib_a-strchr.o)
                0x000000000200cfc0                strchr
 .text          0x000000000200d0a8       0x14 /home/halcyon/Desktop/src/mobile/devkit/devkitPro/devkitARM/bin/../lib/gcc/arm-eabi/4.5.0/../../../../arm-eabi/lib/thumb/libg.a(lib_a-strcmp.o)
                0x000000000200d0a8                strcmp
 .text          0x000000000200d0bc       0x10 /home/halcyon/Desktop/src/mobile/devkit/devkitPro/devkitARM/bin/../lib/gcc/arm-eabi/4.5.0/../../../../arm-eabi/lib/thumb/libg.a(lib_a-strcpy.o)
                0x000000000200d0bc                strcpy
 .text          0x000000000200d0cc       0x4c /home/halcyon/Desktop/src/mobile/devkit/devkitPro/devkitARM/bin/../lib/gcc/arm-eabi/4.5.0/../../../../arm-eabi/lib/thumb/libg.a(lib_a-strlcpy.o)
                0x000000000200d0cc                strlcpy
 .text          0x000000000200d118       0x60 /home/halcyon/Desktop/src/mobile/devkit/devkitPro/devkitARM/bin/../lib/gcc/arm-eabi/4.5.0/../../../../arm-eabi/lib/thumb/libg.a(lib_a-strncasecmp.o)
                0x000000000200d118                strncasecmp
 .text          0x000000000200d178       0xc0 /home/halcyon/Desktop/src/mobile/devkit/devkitPro/devkitARM/bin/../lib/gcc/arm-eabi/4.5.0/../../../../arm-eabi/lib/thumb/libg.a(lib_a-strncmp.o)
                0x000000000200d178                strncmp
 .text          0x000000000200d238      0x188 /home/halcyon/Desktop/src/mobile/devkit/devkitPro/devkitARM/bin/../lib/gcc/arm-eabi/4.5.0/../../../../arm-eabi/lib/thumb/libg.a(lib_a-strtol.o)
                0x000000000200d238                _strtol_r
                0x000000000200d3a0                strtol
 .text          0x000000000200d3c0      0x194 /home/halcyon/Desktop/src/mobile/devkit/devkitPro/devkitARM/bin/../lib/gcc/arm-eabi/4.5.0/../../../../arm-eabi/lib/thumb/libg.a(lib_a-strtoul.o)
                0x000000000200d3c0                _strtoul_r
                0x000000000200d534                strtoul
 .text          0x000000000200d554       0xe0 /home/halcyon/Desktop/src/mobile/devkit/devkitPro/devkitARM/bin/../lib/gcc/arm-eabi/4.5.0/../../../../arm-eabi/lib/thumb/libg.a(lib_a-wbuf.o)
                0x000000000200d554                __swbuf_r
                0x000000000200d618                __swbuf
 .text          0x000000000200d634      0x148 /home/halcyon/Desktop/src/mobile/devkit/devkitPro/devkitARM/bin/../lib/gcc/arm-eabi/4.5.0/../../../../arm-eabi/lib/thumb/libg.a(lib_a-wcsnrtombs.o)
                0x000000000200d634                _wcsnrtombs_r
                0x000000000200d74c                wcsnrtombs
 .text          0x000000000200d77c       0xc0 /home/halcyon/Desktop/src/mobile/devkit/devkitPro/devkitARM/bin/../lib/gcc/arm-eabi/4.5.0/../../../../arm-eabi/lib/thumb/libg.a(lib_a-fclose.o)
                0x000000000200d77c                _fclose_r
                0x000000000200d820                fclose
 .text          0x000000000200d83c       0xa8 /home/halcyon/Desktop/src/mobile/devkit/devkitPro/devkitARM/bin/../lib/gcc/arm-eabi/4.5.0/../../../../arm-eabi/lib/thumb/libg.a(lib_a-getenv_r.o)
                0x000000000200d83c                _findenv_r
                0x000000000200d8d4                _getenv_r
 .text          0x000000000200d8e4        0x0 /home/halcyon/Desktop/src/mobile/devkit/devkitPro/devkitARM/bin/../lib/gcc/arm-eabi/4.5.0/../../../../arm-eabi/lib/thumb/libg.a(lib_a-environ.o)
 .text          0x000000000200d8e4        0x8 /home/halcyon/Desktop/src/mobile/devkit/devkitPro/devkitARM/bin/../lib/gcc/arm-eabi/4.5.0/../../../../arm-eabi/lib/thumb/libg.a(lib_a-envlock.o)
                0x000000000200d8e4                __env_lock
                0x000000000200d8e8                __env_unlock
 .text          0x000000000200d8ec      0x144 /home/halcyon/Desktop/src/mobile/devkit/devkitPro/devkitARM/bin/../lib/gcc/arm-eabi/4.5.0/../../../../arm-eabi/lib/thumb/libsysbase.a(iosupport.o)
                0x000000000200d8ec                setDefaultDevice
                0x000000000200d900                FindDevice
                0x000000000200d970                RemoveDevice
                0x000000000200d994                AddDevice
                0x000000000200da10                GetDeviceOpTab
 .text          0x000000000200da30       0x54 /home/halcyon/Desktop/src/mobile/devkit/devkitPro/devkitARM/bin/../lib/gcc/arm-eabi/4.5.0/../../../../arm-eabi/lib/thumb/libsysbase.a(close.o)
                0x000000000200da30                _close_r
 .text          0x000000000200da84       0x58 /home/halcyon/Desktop/src/mobile/devkit/devkitPro/devkitARM/bin/../lib/gcc/arm-eabi/4.5.0/../../../../arm-eabi/lib/thumb/libsysbase.a(fstat.o)
                0x000000000200da84                _fstat_r
 .text          0x000000000200dadc        0x4 /home/halcyon/Desktop/src/mobile/devkit/devkitPro/devkitARM/bin/../lib/gcc/arm-eabi/4.5.0/../../../../arm-eabi/lib/thumb/libsysbase.a(isatty.o)
                0x000000000200dadc                _isatty_r
 .text          0x000000000200dae0       0x54 /home/halcyon/Desktop/src/mobile/devkit/devkitPro/devkitARM/bin/../lib/gcc/arm-eabi/4.5.0/../../../../arm-eabi/lib/thumb/libsysbase.a(lseek.o)
                0x000000000200dae0                _lseek_r
 .text          0x000000000200db34       0x54 /home/halcyon/Desktop/src/mobile/devkit/devkitPro/devkitARM/bin/../lib/gcc/arm-eabi/4.5.0/../../../../arm-eabi/lib/thumb/libsysbase.a(read.o)
                0x000000000200db34                _read_r
 .text          0x000000000200db88       0x54 /home/halcyon/Desktop/src/mobile/devkit/devkitPro/devkitARM/bin/../lib/gcc/arm-eabi/4.5.0/../../../../arm-eabi/lib/thumb/libsysbase.a(sbrk.o)
                0x000000000200db88                _sbrk_r
 .text          0x000000000200dbdc       0x48 /home/halcyon/Desktop/src/mobile/devkit/devkitPro/devkitARM/bin/../lib/gcc/arm-eabi/4.5.0/../../../../arm-eabi/lib/thumb/libsysbase.a(times.o)
                0x000000000200dbdc                _times
                0x000000000200dbf0                _times_r
                0x000000000200dbf8                _gettimeofday_r
 .text          0x000000000200dc24       0x54 /home/halcyon/Desktop/src/mobile/devkit/devkitPro/devkitARM/bin/../lib/gcc/arm-eabi/4.5.0/../../../../arm-eabi/lib/thumb/libsysbase.a(write.o)
                0x000000000200dc24                _write_r
 .text          0x000000000200dc78        0x0 /home/halcyon/Desktop/src/mobile/devkit/devkitPro/devkitARM/bin/../lib/gcc/arm-eabi/4.5.0/../../../../arm-eabi/lib/thumb/libsysbase.a(malloc_vars.o)
 .text          0x000000000200dc78       0x4c /home/halcyon/Desktop/src/mobile/devkit/devkitPro/devkitARM/bin/../lib/gcc/arm-eabi/4.5.0/../../../../arm-eabi/lib/thumb/libsysbase.a(build_argv.o)
                0x000000000200dc78                build_argv
 .text          0x000000000200dcc4        0x0 /home/halcyon/Desktop/src/mobile/devkit/devkitPro/devkitARM/bin/../lib/gcc/arm-eabi/4.5.0/../../../../arm-eabi/lib/thumb/libsysbase.a(syscall_support.o)
 .text          0x000000000200dcc4       0x80 /home/halcyon/Desktop/src/mobile/devkit/devkitPro/devkitARM/bin/../lib/gcc/arm-eabi/4.5.0/../../../../arm-eabi/lib/thumb/libsysbase.a(handle_manager.o)
                0x000000000200dcc4                __release_handle
                0x000000000200dcf0                __alloc_handle
                0x000000000200dd28                __get_handle
 .text          0x000000000200dd44        0x0 /home/halcyon/Desktop/src/mobile/devkit/devkitPro/devkitARM/bin/../lib/gcc/arm-eabi/4.5.0/thumb/crtend.o
 .text          0x000000000200dd44        0x0 /home/halcyon/Desktop/src/mobile/devkit/devkitPro/devkitARM/bin/../lib/gcc/arm-eabi/4.5.0/thumb/crtn.o
 *fill*         0x000000000200dd44        0x4 ff
 .text.stub     0x000000000200dd48        0x8 linker stubs
 *(.text.*)
 *(.stub)
 *(.gnu.warning)
 *(.gnu.linkonce.t*)
 *(.glue_7)
 .glue_7        0x0000000000000000        0x0 linker stubs
 *(.glue_7t)
 .glue_7t       0x0000000000000000        0x0 linker stubs
                0x000000000200dd50                . = ALIGN (0x4)

.vfp11_veneer   0x0000000000000000        0x0 load address 0x000000000200dd50
 .vfp11_veneer  0x0000000000000000        0x0 linker stubs

.v4_bx          0x0000000000000000        0x0 load address 0x000000000200dd50
 .v4_bx         0x0000000000000000        0x0 linker stubs

.fini           0x000000000200dd50        0xc
 *(.fini)
 .fini          0x000000000200dd50        0x4 /home/halcyon/Desktop/src/mobile/devkit/devkitPro/devkitARM/bin/../lib/gcc/arm-eabi/4.5.0/thumb/crti.o
                0x000000000200dd50                _fini
 .fini          0x000000000200dd54        0x8 /home/halcyon/Desktop/src/mobile/devkit/devkitPro/devkitARM/bin/../lib/gcc/arm-eabi/4.5.0/thumb/crtn.o
                0x000000000200dd5c                __text_end = .

.rodata         0x000000000200dd5c     0x6250
 *(.rodata)
 .rodata        0x000000000200dd5c       0x14 /home/halcyon/Desktop/src/mobile/devkit/devkitPro/libnds/lib/libdswifi9.a(wifi_arm9.o)
 .rodata        0x000000000200dd70       0x54 /home/halcyon/Desktop/src/mobile/devkit/devkitPro/libnds/lib/libdswifi9.a(sgIP_TCP.o)
 .rodata        0x000000000200ddc4      0x200 /home/halcyon/Desktop/src/mobile/devkit/devkitPro/libnds/lib/libnds9.a(console.o)
 .rodata        0x000000000200dfc4     0x2004 /home/halcyon/Desktop/src/mobile/devkit/devkitPro/libnds/lib/libnds9.a(default_font.bin.o)
                0x000000000200dfc4                default_font_bin
                0x000000000200ffc4                default_font_bin_end
                0x000000000200ffc4                default_font_bin_size
 .rodata        0x000000000200ffc8        0x4 /home/halcyon/Desktop/src/mobile/devkit/devkitPro/devkitARM/bin/../lib/gcc/arm-eabi/4.5.0/../../../../arm-eabi/lib/thumb/libg.a(lib_a-impure.o)
                0x000000000200ffc8                _global_impure_ptr
 .rodata        0x000000000200ffcc      0x340 /home/halcyon/Desktop/src/mobile/devkit/devkitPro/devkitARM/bin/../lib/gcc/arm-eabi/4.5.0/../../../../arm-eabi/lib/thumb/libg.a(lib_a-svfiscanf.o)
 .rodata        0x000000000201030c      0x184 /home/halcyon/Desktop/src/mobile/devkit/devkitPro/devkitARM/bin/../lib/gcc/arm-eabi/4.5.0/../../../../arm-eabi/lib/thumb/libg.a(lib_a-vfiprintf.o)
 .rodata        0x0000000002010490      0x104 /home/halcyon/Desktop/src/mobile/devkit/devkitPro/devkitARM/bin/../lib/gcc/arm-eabi/4.5.0/../../../../arm-eabi/lib/thumb/libg.a(lib_a-ctype_.o)
                0x0000000002010490                _ctype_
 .rodata        0x0000000002010594     0x34f0 /home/halcyon/Desktop/src/mobile/devkit/devkitPro/devkitARM/bin/../lib/gcc/arm-eabi/4.5.0/../../../../arm-eabi/lib/thumb/libg.a(lib_a-jp2uc.o)
 .rodata        0x0000000002013a84      0x128 /home/halcyon/Desktop/src/mobile/devkit/devkitPro/devkitARM/bin/../lib/gcc/arm-eabi/4.5.0/../../../../arm-eabi/lib/thumb/libg.a(lib_a-locale.o)
 .rodata        0x0000000002013bac       0xa8 /home/halcyon/Desktop/src/mobile/devkit/devkitPro/devkitARM/bin/../lib/gcc/arm-eabi/4.5.0/../../../../arm-eabi/lib/thumb/libg.a(lib_a-mbtowc_r.o)
 .rodata        0x0000000002013c54       0x64 /home/halcyon/Desktop/src/mobile/devkit/devkitPro/devkitARM/bin/../lib/gcc/arm-eabi/4.5.0/../../../../arm-eabi/lib/thumb/libsysbase.a(iosupport.o)
                0x0000000002013c54                dotab_stdnull
 *all.rodata*(*)
 *(.roda)
 *(.rodata.*)
 .rodata.str1.4
                0x0000000002013cb8       0xb1 autoconnect.o
                                         0xb4 (size before relaxing)
 *fill*         0x0000000002013d69        0x3 ff
 .rodata.str1.4
                0x0000000002013d6c       0xb6 /home/halcyon/Desktop/src/mobile/devkit/devkitPro/libnds/lib/libdswifi9.a(wifi_arm9.o)
                                         0xb8 (size before relaxing)
 *fill*         0x0000000002013e22        0x2 ff
 .rodata.str1.4
                0x0000000002013e24       0x17 /home/halcyon/Desktop/src/mobile/devkit/devkitPro/libnds/lib/libdswifi9.a(sgIP_DHCP.o)
                                         0x18 (size before relaxing)
 *fill*         0x0000000002013e3b        0x1 ff
 .rodata.str1.4
                0x0000000002013e3c       0x49 /home/halcyon/Desktop/src/mobile/devkit/devkitPro/libnds/lib/libnds9.a(console.o)
                                         0x4c (size before relaxing)
 *fill*         0x0000000002013e85        0x3 ff
 .rodata.str1.4
                0x0000000002013e88        0x2 /home/halcyon/Desktop/src/mobile/devkit/devkitPro/devkitARM/bin/../lib/gcc/arm-eabi/4.5.0/../../../../arm-eabi/lib/thumb/libg.a(lib_a-impure.o)
                                          0x4 (size before relaxing)
 *fill*         0x0000000002013e8a        0x2 ff
 .rodata.str1.4
                0x0000000002013e8c       0x2f /home/halcyon/Desktop/src/mobile/devkit/devkitPro/devkitARM/bin/../lib/gcc/arm-eabi/4.5.0/../../../../arm-eabi/lib/thumb/libg.a(lib_a-vfiprintf.o)
                                         0x30 (size before relaxing)
 *fill*         0x0000000002013ebb        0x1 ff
 .rodata.str1.4
                0x0000000002013ebc       0x12 /home/halcyon/Desktop/src/mobile/devkit/devkitPro/devkitARM/bin/../lib/gcc/arm-eabi/4.5.0/../../../../arm-eabi/lib/thumb/libg.a(lib_a-jp2uc.o)
                                         0x14 (size before relaxing)
 *fill*         0x0000000002013ece        0x2 ff
 .rodata.str1.4
                0x0000000002013ed0       0xd4 /home/halcyon/Desktop/src/mobile/devkit/devkitPro/devkitARM/bin/../lib/gcc/arm-eabi/4.5.0/../../../../arm-eabi/lib/thumb/libg.a(lib_a-locale.o)
                                         0xf0 (size before relaxing)
 .rodata.str1.4
                0x0000000000000000        0x4 /home/halcyon/Desktop/src/mobile/devkit/devkitPro/devkitARM/bin/../lib/gcc/arm-eabi/4.5.0/../../../../arm-eabi/lib/thumb/libg.a(lib_a-mbrtowc.o)
 .rodata.str1.4
                0x0000000002013fa4        0x8 /home/halcyon/Desktop/src/mobile/devkit/devkitPro/devkitARM/bin/../lib/gcc/arm-eabi/4.5.0/../../../../arm-eabi/lib/thumb/libsysbase.a(iosupport.o)
 *(.gnu.linkonce.r*)
                0x0000000002013fac                . = ALIGN (0x4)

.ARM.extab
 *(.ARM.extab* .gnu.linkonce.armextab.*)
                0x0000000002013fac                __exidx_start = .

.ARM.exidx
 *(.ARM.exidx* .gnu.linkonce.armexidx.*)
                0x0000000002013fac                __exidx_end = .
                0x0000000002013fac                . = ALIGN (0x4)
                0x0000000002013fac                PROVIDE (__preinit_array_start, .)

.preinit_array
 *(.preinit_array)
                0x0000000002013fac                PROVIDE (__preinit_array_end, .)
                0x0000000002013fac                PROVIDE (__init_array_start, .)

.init_array     0x0000000002013fac        0x4
 *(SORT(.init_array.*))
 *(.init_array)
 .init_array    0x0000000002013fac        0x4 /home/halcyon/Desktop/src/mobile/devkit/devkitPro/devkitARM/bin/../lib/gcc/arm-eabi/4.5.0/thumb/crtbegin.o
                0x0000000002013fb0                PROVIDE (__init_array_end, .)
                0x0000000002013fb0                PROVIDE (__fini_array_start, .)

.fini_array     0x0000000002013fb0        0x4
 *(.fini_array)
 .fini_array    0x0000000002013fb0        0x4 /home/halcyon/Desktop/src/mobile/devkit/devkitPro/devkitARM/bin/../lib/gcc/arm-eabi/4.5.0/thumb/crtbegin.o
 *(SORT(.fini_array.*))
                0x0000000002013fb4                PROVIDE (__fini_array_end, .)

.ctors          0x0000000002013fb4        0x0
 *crtbegin.o(.ctors)
 *(EXCLUDE_FILE(*crtend.o) .ctors)
 *(SORT(.ctors.*))
 *(.ctors)
                0x0000000002013fb4                . = ALIGN (0x4)

.dtors          0x0000000002013fb4        0x0
 *crtbegin.o(.dtors)
 *(EXCLUDE_FILE(*crtend.o) .dtors)
 *(SORT(.dtors.*))
 *(.dtors)
                0x0000000002013fb4                . = ALIGN (0x4)

.eh_frame       0x0000000002013fb4        0x4
 *(.eh_frame)
 .eh_frame      0x0000000002013fb4        0x0 /home/halcyon/Desktop/src/mobile/devkit/devkitPro/devkitARM/bin/../lib/gcc/arm-eabi/4.5.0/thumb/crtbegin.o
 .eh_frame      0x0000000002013fb4        0x4 /home/halcyon/Desktop/src/mobile/devkit/devkitPro/devkitARM/bin/../lib/gcc/arm-eabi/4.5.0/thumb/crtend.o
                0x0000000002013fb8                . = ALIGN (0x4)

.gcc_except_table
                0x0000000002013fb8        0x0
 *(.gcc_except_table)
                0x0000000002013fb8                . = ALIGN (0x4)

.jcr            0x0000000002013fb8        0x4
 *(.jcr)
 .jcr           0x0000000002013fb8        0x0 /home/halcyon/Desktop/src/mobile/devkit/devkitPro/devkitARM/bin/../lib/gcc/arm-eabi/4.5.0/thumb/crtbegin.o
 .jcr           0x0000000002013fb8        0x4 /home/halcyon/Desktop/src/mobile/devkit/devkitPro/devkitARM/bin/../lib/gcc/arm-eabi/4.5.0/thumb/crtend.o

.got
 *(.got.plt)
 *(.got)
 *(.rel.got)

.ewram          0x0000000002013fbc        0x0
                0x0000000002013fbc                __ewram_start = ABSOLUTE (.)
 *(.ewram)
 *ewram.*(.text)
                0x0000000002013fbc                . = ALIGN (0x4)

.data           0x0000000002013fbc      0xdd4
                0x0000000002013fbc                __data_start = ABSOLUTE (.)
 *(.data)
 .data          0x0000000002013fbc        0x0 /home/halcyon/Desktop/src/mobile/devkit/devkitPro/devkitARM/bin/../lib/gcc/arm-eabi/4.5.0/../../../../arm-eabi/lib/thumb/ds_arm9_crt0.o
 .data          0x0000000002013fbc        0x0 /home/halcyon/Desktop/src/mobile/devkit/devkitPro/devkitARM/bin/../lib/gcc/arm-eabi/4.5.0/thumb/crti.o
 .data          0x0000000002013fbc        0x4 /home/halcyon/Desktop/src/mobile/devkit/devkitPro/devkitARM/bin/../lib/gcc/arm-eabi/4.5.0/thumb/crtbegin.o
                0x0000000002013fbc                __dso_handle
 .data          0x0000000002013fc0        0x0 autoconnect.o
 .data          0x0000000002013fc0        0x0 /home/halcyon/Desktop/src/mobile/devkit/devkitPro/libnds/lib/libdswifi9.a(sgIP_DNS.o)
 .data          0x0000000002013fc0        0x0 /home/halcyon/Desktop/src/mobile/devkit/devkitPro/libnds/lib/libdswifi9.a(sgIP_Hub.o)
 .data          0x0000000002013fc0        0x0 /home/halcyon/Desktop/src/mobile/devkit/devkitPro/libnds/lib/libdswifi9.a(sgIP_memblock.o)
 .data          0x0000000002013fc0        0x0 /home/halcyon/Desktop/src/mobile/devkit/devkitPro/libnds/lib/libdswifi9.a(sgIP_sockets.o)
 .data          0x0000000002013fc0       0x1c /home/halcyon/Desktop/src/mobile/devkit/devkitPro/libnds/lib/libdswifi9.a(wifi_arm9.o)
                0x0000000002013fc0                ASSOCSTATUS_STRINGS
 .data          0x0000000002013fdc        0x0 /home/halcyon/Desktop/src/mobile/devkit/devkitPro/libnds/lib/libdswifi9.a(spinlock.o)
 .data          0x0000000002013fdc        0x0 /home/halcyon/Desktop/src/mobile/devkit/devkitPro/libnds/lib/libdswifi9.a(sgIP.o)
 .data          0x0000000002013fdc        0x0 /home/halcyon/Desktop/src/mobile/devkit/devkitPro/libnds/lib/libdswifi9.a(sgIP_ARP.o)
 .data          0x0000000002013fdc        0x0 /home/halcyon/Desktop/src/mobile/devkit/devkitPro/libnds/lib/libdswifi9.a(sgIP_DHCP.o)
 .data          0x0000000002013fdc        0x0 /home/halcyon/Desktop/src/mobile/devkit/devkitPro/libnds/lib/libdswifi9.a(sgIP_IP.o)
 .data          0x0000000002013fdc        0x0 /home/halcyon/Desktop/src/mobile/devkit/devkitPro/libnds/lib/libdswifi9.a(sgIP_TCP.o)
 .data          0x0000000002013fdc        0x0 /home/halcyon/Desktop/src/mobile/devkit/devkitPro/libnds/lib/libdswifi9.a(sgIP_UDP.o)
 .data          0x0000000002013fdc        0x0 /home/halcyon/Desktop/src/mobile/devkit/devkitPro/libnds/lib/libdswifi9.a(sgIP_ICMP.o)
 .data          0x0000000002013fdc       0x64 /home/halcyon/Desktop/src/mobile/devkit/devkitPro/libnds/lib/libnds9.a(console.o)
                0x0000000002013fdc                currentConsole
                0x0000000002013fe0                defaultConsole
 .data          0x0000000002014040        0x0 /home/halcyon/Desktop/src/mobile/devkit/devkitPro/libnds/lib/libnds9.a(initSystem.o)
 .data          0x0000000002014040       0x10 /home/halcyon/Desktop/src/mobile/devkit/devkitPro/libnds/lib/libnds9.a(fifosystem.o)
                0x0000000002014040                fifo_freewords
                0x0000000002014044                fifo_send_queue
                0x0000000002014048                fifo_buffer_free
                0x000000000201404c                fifo_receive_queue
 .data          0x0000000002014050        0x0 /home/halcyon/Desktop/src/mobile/devkit/devkitPro/libnds/lib/libnds9.a(interrupts.o)
 .data          0x0000000002014050        0x0 /home/halcyon/Desktop/src/mobile/devkit/devkitPro/libnds/lib/libnds9.a(libnds_exit.o)
 .data          0x0000000002014050        0x0 /home/halcyon/Desktop/src/mobile/devkit/devkitPro/libnds/lib/libnds9.a(dcache.o)
 .data          0x0000000002014050        0x0 /home/halcyon/Desktop/src/mobile/devkit/devkitPro/libnds/lib/libnds9.a(mpu_setup.o)
 .data          0x0000000002014050        0x0 /home/halcyon/Desktop/src/mobile/devkit/devkitPro/libnds/lib/libnds9.a(biosCalls.o)
 .data          0x0000000002014050        0x0 /home/halcyon/Desktop/src/mobile/devkit/devkitPro/libnds/lib/libnds9.a(debugprint.o)
 .data          0x0000000002014050        0x0 /home/halcyon/Desktop/src/mobile/devkit/devkitPro/libnds/lib/libnds9.a(interruptDispatcher.o)
 .data          0x0000000002014050        0x0 /home/halcyon/Desktop/src/mobile/devkit/devkitPro/libnds/lib/libnds9.a(swiSoftReset.o)
 .data          0x0000000002014050        0x0 /home/halcyon/Desktop/src/mobile/devkit/devkitPro/libnds/lib/libnds9.a(default_font.bin.o)
 .data          0x0000000002014050       0x60 /home/halcyon/Desktop/src/mobile/devkit/devkitPro/libnds/lib/libnds9.a(background.o)
                0x0000000002014050                bgScrollTable
                0x0000000002014070                bgTransform
                0x0000000002014090                bgControl
 .data          0x00000000020140b0        0x0 /home/halcyon/Desktop/src/mobile/devkit/devkitPro/libnds/lib/libnds9.a(system.o)
 .data          0x00000000020140b0      0x308 /home/halcyon/Desktop/src/mobile/devkit/devkitPro/libnds/lib/libnds9.a(trig.o)
                0x00000000020140b0                SIN_LUT
                0x00000000020141b4                TAN_LUT
 .data          0x00000000020143b8        0x0 /home/halcyon/Desktop/src/mobile/devkit/devkitPro/devkitARM/bin/../lib/gcc/arm-eabi/4.5.0/thumb/libgcc.a(_udivsi3.o)
 .data          0x00000000020143b8        0x0 /home/halcyon/Desktop/src/mobile/devkit/devkitPro/devkitARM/bin/../lib/gcc/arm-eabi/4.5.0/thumb/libgcc.a(_divsi3.o)
 .data          0x00000000020143b8        0x0 /home/halcyon/Desktop/src/mobile/devkit/devkitPro/devkitARM/bin/../lib/gcc/arm-eabi/4.5.0/thumb/libgcc.a(_dvmd_tls.o)
 .data          0x00000000020143b8        0x0 /home/halcyon/Desktop/src/mobile/devkit/devkitPro/devkitARM/bin/../lib/gcc/arm-eabi/4.5.0/../../../../arm-eabi/lib/thumb/libg.a(lib_a-bsearch.o)
 .data          0x00000000020143b8        0x0 /home/halcyon/Desktop/src/mobile/devkit/devkitPro/devkitARM/bin/../lib/gcc/arm-eabi/4.5.0/../../../../arm-eabi/lib/thumb/libg.a(lib_a-errno.o)
 *fill*         0x00000000020143b8        0x0 ff
 .data          0x00000000020143b8      0x430 /home/halcyon/Desktop/src/mobile/devkit/devkitPro/devkitARM/bin/../lib/gcc/arm-eabi/4.5.0/../../../../arm-eabi/lib/thumb/libg.a(lib_a-impure.o)
                0x00000000020143b8                _impure_ptr
 .data          0x00000000020147e8        0x0 /home/halcyon/Desktop/src/mobile/devkit/devkitPro/devkitARM/bin/../lib/gcc/arm-eabi/4.5.0/../../../../arm-eabi/lib/thumb/libg.a(lib_a-init.o)
 .data          0x00000000020147e8        0x0 /home/halcyon/Desktop/src/mobile/devkit/devkitPro/devkitARM/bin/../lib/gcc/arm-eabi/4.5.0/../../../../arm-eabi/lib/thumb/libg.a(lib_a-iprintf.o)
 .data          0x00000000020147e8        0x0 /home/halcyon/Desktop/src/mobile/devkit/devkitPro/devkitARM/bin/../lib/gcc/arm-eabi/4.5.0/../../../../arm-eabi/lib/thumb/libg.a(lib_a-malloc.o)
 .data          0x00000000020147e8      0x410 /home/halcyon/Desktop/src/mobile/devkit/devkitPro/devkitARM/bin/../lib/gcc/arm-eabi/4.5.0/../../../../arm-eabi/lib/thumb/libg.a(lib_a-mallocr.o)
                0x00000000020147e8                __malloc_av_
                0x0000000002014bf0                __malloc_sbrk_base
                0x0000000002014bf4                __malloc_trim_threshold
 .data          0x0000000002014bf8        0x0 /home/halcyon/Desktop/src/mobile/devkit/devkitPro/devkitARM/bin/../lib/gcc/arm-eabi/4.5.0/../../../../arm-eabi/lib/thumb/libg.a(lib_a-memcpy.o)
 .data          0x0000000002014bf8        0x0 /home/halcyon/Desktop/src/mobile/devkit/devkitPro/devkitARM/bin/../lib/gcc/arm-eabi/4.5.0/../../../../arm-eabi/lib/thumb/libg.a(lib_a-memset.o)
 .data          0x0000000002014bf8        0x0 /home/halcyon/Desktop/src/mobile/devkit/devkitPro/devkitARM/bin/../lib/gcc/arm-eabi/4.5.0/../../../../arm-eabi/lib/thumb/libg.a(lib_a-mlock.o)
 .data          0x0000000002014bf8        0x0 /home/halcyon/Desktop/src/mobile/devkit/devkitPro/devkitARM/bin/../lib/gcc/arm-eabi/4.5.0/../../../../arm-eabi/lib/thumb/libg.a(lib_a-setvbuf.o)
 .data          0x0000000002014bf8        0x0 /home/halcyon/Desktop/src/mobile/devkit/devkitPro/devkitARM/bin/../lib/gcc/arm-eabi/4.5.0/../../../../arm-eabi/lib/thumb/libg.a(lib_a-siscanf.o)
 .data          0x0000000002014bf8        0x0 /home/halcyon/Desktop/src/mobile/devkit/devkitPro/devkitARM/bin/../lib/gcc/arm-eabi/4.5.0/../../../../arm-eabi/lib/thumb/libg.a(lib_a-stdio.o)
 .data          0x0000000002014bf8        0x0 /home/halcyon/Desktop/src/mobile/devkit/devkitPro/devkitARM/bin/../lib/gcc/arm-eabi/4.5.0/../../../../arm-eabi/lib/thumb/libg.a(lib_a-strlen.o)
 .data          0x0000000002014bf8        0x0 /home/halcyon/Desktop/src/mobile/devkit/devkitPro/devkitARM/bin/../lib/gcc/arm-eabi/4.5.0/../../../../arm-eabi/lib/thumb/libg.a(lib_a-strncpy.o)
 .data          0x0000000002014bf8        0x0 /home/halcyon/Desktop/src/mobile/devkit/devkitPro/devkitARM/bin/../lib/gcc/arm-eabi/4.5.0/../../../../arm-eabi/lib/thumb/libg.a(lib_a-svfiscanf.o)
 .data          0x0000000002014bf8        0x0 /home/halcyon/Desktop/src/mobile/devkit/devkitPro/devkitARM/bin/../lib/gcc/arm-eabi/4.5.0/../../../../arm-eabi/lib/thumb/libg.a(lib_a-ungetc.o)
 .data          0x0000000002014bf8        0x0 /home/halcyon/Desktop/src/mobile/devkit/devkitPro/devkitARM/bin/../lib/gcc/arm-eabi/4.5.0/../../../../arm-eabi/lib/thumb/libg.a(lib_a-vfiprintf.o)
 .data          0x0000000002014bf8        0x0 /home/halcyon/Desktop/src/mobile/devkit/devkitPro/devkitARM/bin/../lib/gcc/arm-eabi/4.5.0/../../../../arm-eabi/lib/thumb/libg.a(lib_a-wcrtomb.o)
 .data          0x0000000002014bf8        0x0 /home/halcyon/Desktop/src/mobile/devkit/devkitPro/devkitARM/bin/../lib/gcc/arm-eabi/4.5.0/../../../../arm-eabi/lib/thumb/libg.a(lib_a-wcsrtombs.o)
 .data          0x0000000002014bf8        0x4 /home/halcyon/Desktop/src/mobile/devkit/devkitPro/devkitARM/bin/../lib/gcc/arm-eabi/4.5.0/../../../../arm-eabi/lib/thumb/libg.a(lib_a-wctomb_r.o)
                0x0000000002014bf8                __wctomb
 .data          0x0000000002014bfc        0x0 /home/halcyon/Desktop/src/mobile/devkit/devkitPro/devkitARM/bin/../lib/gcc/arm-eabi/4.5.0/../../../../arm-eabi/lib/thumb/libg.a(lib_a-wsetup.o)
 .data          0x0000000002014bfc        0x4 /home/halcyon/Desktop/src/mobile/devkit/devkitPro/devkitARM/bin/../lib/gcc/arm-eabi/4.5.0/../../../../arm-eabi/lib/thumb/libg.a(lib_a-ctype_.o)
                0x0000000002014bfc                __ctype_ptr__
 .data          0x0000000002014c00        0x0 /home/halcyon/Desktop/src/mobile/devkit/devkitPro/devkitARM/bin/../lib/gcc/arm-eabi/4.5.0/../../../../arm-eabi/lib/thumb/libg.a(lib_a-fflush.o)
 .data          0x0000000002014c00        0x0 /home/halcyon/Desktop/src/mobile/devkit/devkitPro/devkitARM/bin/../lib/gcc/arm-eabi/4.5.0/../../../../arm-eabi/lib/thumb/libg.a(lib_a-findfp.o)
 .data          0x0000000002014c00        0x0 /home/halcyon/Desktop/src/mobile/devkit/devkitPro/devkitARM/bin/../lib/gcc/arm-eabi/4.5.0/../../../../arm-eabi/lib/thumb/libg.a(lib_a-fputwc.o)
 .data          0x0000000002014c00        0x0 /home/halcyon/Desktop/src/mobile/devkit/devkitPro/devkitARM/bin/../lib/gcc/arm-eabi/4.5.0/../../../../arm-eabi/lib/thumb/libg.a(lib_a-freer.o)
 .data          0x0000000002014c00        0x0 /home/halcyon/Desktop/src/mobile/devkit/devkitPro/devkitARM/bin/../lib/gcc/arm-eabi/4.5.0/../../../../arm-eabi/lib/thumb/libg.a(lib_a-fvwrite.o)
 .data          0x0000000002014c00        0x0 /home/halcyon/Desktop/src/mobile/devkit/devkitPro/devkitARM/bin/../lib/gcc/arm-eabi/4.5.0/../../../../arm-eabi/lib/thumb/libg.a(lib_a-fwalk.o)
 .data          0x0000000002014c00        0x0 /home/halcyon/Desktop/src/mobile/devkit/devkitPro/devkitARM/bin/../lib/gcc/arm-eabi/4.5.0/../../../../arm-eabi/lib/thumb/libg.a(lib_a-iswspace.o)
 .data          0x0000000002014c00        0x0 /home/halcyon/Desktop/src/mobile/devkit/devkitPro/devkitARM/bin/../lib/gcc/arm-eabi/4.5.0/../../../../arm-eabi/lib/thumb/libg.a(lib_a-jp2uc.o)
 .data          0x0000000002014c00      0x144 /home/halcyon/Desktop/src/mobile/devkit/devkitPro/devkitARM/bin/../lib/gcc/arm-eabi/4.5.0/../../../../arm-eabi/lib/thumb/libg.a(lib_a-locale.o)
                0x0000000002014c00                __default_locale
                0x0000000002014c40                __mb_cur_max
 .data          0x0000000002014d44        0x0 /home/halcyon/Desktop/src/mobile/devkit/devkitPro/devkitARM/bin/../lib/gcc/arm-eabi/4.5.0/../../../../arm-eabi/lib/thumb/libg.a(lib_a-makebuf.o)
 .data          0x0000000002014d44        0x0 /home/halcyon/Desktop/src/mobile/devkit/devkitPro/devkitARM/bin/../lib/gcc/arm-eabi/4.5.0/../../../../arm-eabi/lib/thumb/libg.a(lib_a-mbrtowc.o)
 .data          0x0000000002014d44        0x4 /home/halcyon/Desktop/src/mobile/devkit/devkitPro/devkitARM/bin/../lib/gcc/arm-eabi/4.5.0/../../../../arm-eabi/lib/thumb/libg.a(lib_a-mbtowc_r.o)
                0x0000000002014d44                __mbtowc
 .data          0x0000000002014d48        0x0 /home/halcyon/Desktop/src/mobile/devkit/devkitPro/devkitARM/bin/../lib/gcc/arm-eabi/4.5.0/../../../../arm-eabi/lib/thumb/libg.a(lib_a-memchr.o)
 .data          0x0000000002014d48        0x0 /home/halcyon/Desktop/src/mobile/devkit/devkitPro/devkitARM/bin/../lib/gcc/arm-eabi/4.5.0/../../../../arm-eabi/lib/thumb/libg.a(lib_a-memmove.o)
 .data          0x0000000002014d48        0x0 /home/halcyon/Desktop/src/mobile/devkit/devkitPro/devkitARM/bin/../lib/gcc/arm-eabi/4.5.0/../../../../arm-eabi/lib/thumb/libg.a(lib_a-reallocr.o)
 .data          0x0000000002014d48        0x0 /home/halcyon/Desktop/src/mobile/devkit/devkitPro/devkitARM/bin/../lib/gcc/arm-eabi/4.5.0/../../../../arm-eabi/lib/thumb/libg.a(lib_a-sccl.o)
 .data          0x0000000002014d48        0x0 /home/halcyon/Desktop/src/mobile/devkit/devkitPro/devkitARM/bin/../lib/gcc/arm-eabi/4.5.0/../../../../arm-eabi/lib/thumb/libg.a(lib_a-strcasecmp.o)
 .data          0x0000000002014d48        0x0 /home/halcyon/Desktop/src/mobile/devkit/devkitPro/devkitARM/bin/../lib/gcc/arm-eabi/4.5.0/../../../../arm-eabi/lib/thumb/libg.a(lib_a-strcat.o)
 .data          0x0000000002014d48        0x0 /home/halcyon/Desktop/src/mobile/devkit/devkitPro/devkitARM/bin/../lib/gcc/arm-eabi/4.5.0/../../../../arm-eabi/lib/thumb/libg.a(lib_a-strchr.o)
 .data          0x0000000002014d48        0x0 /home/halcyon/Desktop/src/mobile/devkit/devkitPro/devkitARM/bin/../lib/gcc/arm-eabi/4.5.0/../../../../arm-eabi/lib/thumb/libg.a(lib_a-strcmp.o)
 .data          0x0000000002014d48        0x0 /home/halcyon/Desktop/src/mobile/devkit/devkitPro/devkitARM/bin/../lib/gcc/arm-eabi/4.5.0/../../../../arm-eabi/lib/thumb/libg.a(lib_a-strcpy.o)
 .data          0x0000000002014d48        0x0 /home/halcyon/Desktop/src/mobile/devkit/devkitPro/devkitARM/bin/../lib/gcc/arm-eabi/4.5.0/../../../../arm-eabi/lib/thumb/libg.a(lib_a-strlcpy.o)
 .data          0x0000000002014d48        0x0 /home/halcyon/Desktop/src/mobile/devkit/devkitPro/devkitARM/bin/../lib/gcc/arm-eabi/4.5.0/../../../../arm-eabi/lib/thumb/libg.a(lib_a-strncasecmp.o)
 .data          0x0000000002014d48        0x0 /home/halcyon/Desktop/src/mobile/devkit/devkitPro/devkitARM/bin/../lib/gcc/arm-eabi/4.5.0/../../../../arm-eabi/lib/thumb/libg.a(lib_a-strncmp.o)
 .data          0x0000000002014d48        0x0 /home/halcyon/Desktop/src/mobile/devkit/devkitPro/devkitARM/bin/../lib/gcc/arm-eabi/4.5.0/../../../../arm-eabi/lib/thumb/libg.a(lib_a-strtol.o)
 .data          0x0000000002014d48        0x0 /home/halcyon/Desktop/src/mobile/devkit/devkitPro/devkitARM/bin/../lib/gcc/arm-eabi/4.5.0/../../../../arm-eabi/lib/thumb/libg.a(lib_a-strtoul.o)
 .data          0x0000000002014d48        0x0 /home/halcyon/Desktop/src/mobile/devkit/devkitPro/devkitARM/bin/../lib/gcc/arm-eabi/4.5.0/../../../../arm-eabi/lib/thumb/libg.a(lib_a-wbuf.o)
 .data          0x0000000002014d48        0x0 /home/halcyon/Desktop/src/mobile/devkit/devkitPro/devkitARM/bin/../lib/gcc/arm-eabi/4.5.0/../../../../arm-eabi/lib/thumb/libg.a(lib_a-wcsnrtombs.o)
 .data          0x0000000002014d48        0x0 /home/halcyon/Desktop/src/mobile/devkit/devkitPro/devkitARM/bin/../lib/gcc/arm-eabi/4.5.0/../../../../arm-eabi/lib/thumb/libg.a(lib_a-fclose.o)
 .data          0x0000000002014d48        0x0 /home/halcyon/Desktop/src/mobile/devkit/devkitPro/devkitARM/bin/../lib/gcc/arm-eabi/4.5.0/../../../../arm-eabi/lib/thumb/libg.a(lib_a-getenv_r.o)
 .data          0x0000000002014d48        0x4 /home/halcyon/Desktop/src/mobile/devkit/devkitPro/devkitARM/bin/../lib/gcc/arm-eabi/4.5.0/../../../../arm-eabi/lib/thumb/libg.a(lib_a-environ.o)
                0x0000000002014d48                environ
 .data          0x0000000002014d4c        0x0 /home/halcyon/Desktop/src/mobile/devkit/devkitPro/devkitARM/bin/../lib/gcc/arm-eabi/4.5.0/../../../../arm-eabi/lib/thumb/libg.a(lib_a-envlock.o)
 .data          0x0000000002014d4c       0x44 /home/halcyon/Desktop/src/mobile/devkit/devkitPro/devkitARM/bin/../lib/gcc/arm-eabi/4.5.0/../../../../arm-eabi/lib/thumb/libsysbase.a(iosupport.o)
                0x0000000002014d50                devoptab_list
 .data          0x0000000002014d90        0x0 /home/halcyon/Desktop/src/mobile/devkit/devkitPro/devkitARM/bin/../lib/gcc/arm-eabi/4.5.0/../../../../arm-eabi/lib/thumb/libsysbase.a(close.o)
 .data          0x0000000002014d90        0x0 /home/halcyon/Desktop/src/mobile/devkit/devkitPro/devkitARM/bin/../lib/gcc/arm-eabi/4.5.0/../../../../arm-eabi/lib/thumb/libsysbase.a(fstat.o)
 .data          0x0000000002014d90        0x0 /home/halcyon/Desktop/src/mobile/devkit/devkitPro/devkitARM/bin/../lib/gcc/arm-eabi/4.5.0/../../../../arm-eabi/lib/thumb/libsysbase.a(isatty.o)
 .data          0x0000000002014d90        0x0 /home/halcyon/Desktop/src/mobile/devkit/devkitPro/devkitARM/bin/../lib/gcc/arm-eabi/4.5.0/../../../../arm-eabi/lib/thumb/libsysbase.a(lseek.o)
 .data          0x0000000002014d90        0x0 /home/halcyon/Desktop/src/mobile/devkit/devkitPro/devkitARM/bin/../lib/gcc/arm-eabi/4.5.0/../../../../arm-eabi/lib/thumb/libsysbase.a(read.o)
 .data          0x0000000002014d90        0x0 /home/halcyon/Desktop/src/mobile/devkit/devkitPro/devkitARM/bin/../lib/gcc/arm-eabi/4.5.0/../../../../arm-eabi/lib/thumb/libsysbase.a(sbrk.o)
 .data          0x0000000002014d90        0x0 /home/halcyon/Desktop/src/mobile/devkit/devkitPro/devkitARM/bin/../lib/gcc/arm-eabi/4.5.0/../../../../arm-eabi/lib/thumb/libsysbase.a(times.o)
 .data          0x0000000002014d90        0x0 /home/halcyon/Desktop/src/mobile/devkit/devkitPro/devkitARM/bin/../lib/gcc/arm-eabi/4.5.0/../../../../arm-eabi/lib/thumb/libsysbase.a(write.o)
 .data          0x0000000002014d90        0x0 /home/halcyon/Desktop/src/mobile/devkit/devkitPro/devkitARM/bin/../lib/gcc/arm-eabi/4.5.0/../../../../arm-eabi/lib/thumb/libsysbase.a(malloc_vars.o)
 .data          0x0000000002014d90        0x0 /home/halcyon/Desktop/src/mobile/devkit/devkitPro/devkitARM/bin/../lib/gcc/arm-eabi/4.5.0/../../../../arm-eabi/lib/thumb/libsysbase.a(build_argv.o)
 .data          0x0000000002014d90        0x0 /home/halcyon/Desktop/src/mobile/devkit/devkitPro/devkitARM/bin/../lib/gcc/arm-eabi/4.5.0/../../../../arm-eabi/lib/thumb/libsysbase.a(syscall_support.o)
 .data          0x0000000002014d90        0x0 /home/halcyon/Desktop/src/mobile/devkit/devkitPro/devkitARM/bin/../lib/gcc/arm-eabi/4.5.0/../../../../arm-eabi/lib/thumb/libsysbase.a(handle_manager.o)
 .data          0x0000000002014d90        0x0 /home/halcyon/Desktop/src/mobile/devkit/devkitPro/devkitARM/bin/../lib/gcc/arm-eabi/4.5.0/thumb/crtend.o
 .data          0x0000000002014d90        0x0 /home/halcyon/Desktop/src/mobile/devkit/devkitPro/devkitARM/bin/../lib/gcc/arm-eabi/4.5.0/thumb/crtn.o
 *(.data.*)
 *(.gnu.linkonce.d*)
                0x0000000002014d90                . = ALIGN (0x4)
                0x0000000002014d90                __data_end = ABSOLUTE (.)
                0x0000000002014d90                __dtcm_lma = .
                0x0000000002014d90                __bss_vma = .

.dtcm           0x000000000b000000        0x0 load address 0x0000000002014d90
 *(.dtcm)
 *(.dtcm.*)
                0x000000000b000000                . = ALIGN (0x4)
                0x000000000b000000                __dtcm_end = ABSOLUTE (.)
                0x0000000002014d90                __itcm_lma = (__dtcm_lma + SIZEOF (.dtcm))

.itcm           0x0000000001000100      0x194 load address 0x0000000002014d90
 *(.itcm)
 .itcm          0x0000000001000100       0xc8 /home/halcyon/Desktop/src/mobile/devkit/devkitPro/libnds/lib/libnds9.a(interrupts.o)
                0x0000000001000100                irqTable
 .itcm          0x00000000010001c8       0xcc /home/halcyon/Desktop/src/mobile/devkit/devkitPro/libnds/lib/libnds9.a(interruptDispatcher.o)
                0x00000000010001c8                IntrMain
 *itcm.*(.text)
                0x0000000001000294                . = ALIGN (0x4)
                0x0000000001000294                __itcm_end = ABSOLUTE (.)
                0x0000000002014f24                __vectors_lma = (__itcm_lma + SIZEOF (.itcm))

.vectors        0x0000000001000000        0x0 load address 0x0000000002014f24
 *(.vectors)
 *vectors.*(.text)
                0x0000000001000000                . = ALIGN (0x4)
                0x0000000001000000                __vectors_end = ABSOLUTE (.)

.sbss           0x000000000b000000        0x0
                0x000000000b000000                __sbss_start = ABSOLUTE (.)
                0x000000000b000000                __sbss_start__ = ABSOLUTE (.)
 *(.sbss)
                0x000000000b000000                . = ALIGN (0x4)
                0x000000000b000000                __sbss_end = ABSOLUTE (.)

.bss            0x0000000002014d90    0x12970
                0x0000000002014d90                __bss_start = ABSOLUTE (.)
                0x0000000002014d90                __bss_start__ = ABSOLUTE (.)
 *(.dynbss)
 *(.gnu.linkonce.b*)
 *(.bss*)
 .bss           0x0000000002014d90        0x0 /home/halcyon/Desktop/src/mobile/devkit/devkitPro/devkitARM/bin/../lib/gcc/arm-eabi/4.5.0/../../../../arm-eabi/lib/thumb/ds_arm9_crt0.o
 .bss           0x0000000002014d90        0x0 /home/halcyon/Desktop/src/mobile/devkit/devkitPro/devkitARM/bin/../lib/gcc/arm-eabi/4.5.0/thumb/crti.o
 .bss           0x0000000002014d90       0x1c /home/halcyon/Desktop/src/mobile/devkit/devkitPro/devkitARM/bin/../lib/gcc/arm-eabi/4.5.0/thumb/crtbegin.o
 .bss           0x0000000002014dac        0x0 autoconnect.o
 .bss           0x0000000002014dac        0x0 /home/halcyon/Desktop/src/mobile/devkit/devkitPro/libnds/lib/libdswifi9.a(sgIP_DNS.o)
 .bss           0x0000000002014dac        0x0 /home/halcyon/Desktop/src/mobile/devkit/devkitPro/libnds/lib/libdswifi9.a(sgIP_Hub.o)
 .bss           0x0000000002014dac        0x0 /home/halcyon/Desktop/src/mobile/devkit/devkitPro/libnds/lib/libdswifi9.a(sgIP_memblock.o)
 .bss           0x0000000002014dac        0x0 /home/halcyon/Desktop/src/mobile/devkit/devkitPro/libnds/lib/libdswifi9.a(sgIP_sockets.o)
 .bss           0x0000000002014dac       0x10 /home/halcyon/Desktop/src/mobile/devkit/devkitPro/libnds/lib/libdswifi9.a(wifi_arm9.o)
                0x0000000002014dac                WifiData
                0x0000000002014db0                synchandler
                0x0000000002014db4                packethandler
                0x0000000002014db8                wifi_connect_state
 .bss           0x0000000002014dbc        0x0 /home/halcyon/Desktop/src/mobile/devkit/devkitPro/libnds/lib/libdswifi9.a(spinlock.o)
 .bss           0x0000000002014dbc        0x0 /home/halcyon/Desktop/src/mobile/devkit/devkitPro/libnds/lib/libdswifi9.a(sgIP.o)
 .bss           0x0000000002014dbc        0x0 /home/halcyon/Desktop/src/mobile/devkit/devkitPro/libnds/lib/libdswifi9.a(sgIP_ARP.o)
 .bss           0x0000000002014dbc        0x0 /home/halcyon/Desktop/src/mobile/devkit/devkitPro/libnds/lib/libdswifi9.a(sgIP_DHCP.o)
 .bss           0x0000000002014dbc        0x0 /home/halcyon/Desktop/src/mobile/devkit/devkitPro/libnds/lib/libdswifi9.a(sgIP_IP.o)
 .bss           0x0000000002014dbc        0x0 /home/halcyon/Desktop/src/mobile/devkit/devkitPro/libnds/lib/libdswifi9.a(sgIP_TCP.o)
 .bss           0x0000000002014dbc        0x0 /home/halcyon/Desktop/src/mobile/devkit/devkitPro/libnds/lib/libdswifi9.a(sgIP_UDP.o)
 .bss           0x0000000002014dbc        0x0 /home/halcyon/Desktop/src/mobile/devkit/devkitPro/libnds/lib/libdswifi9.a(sgIP_ICMP.o)
 .bss           0x0000000002014dbc        0x0 /home/halcyon/Desktop/src/mobile/devkit/devkitPro/libnds/lib/libnds9.a(console.o)
 .bss           0x0000000002014dbc        0x0 /home/halcyon/Desktop/src/mobile/devkit/devkitPro/libnds/lib/libnds9.a(initSystem.o)
 .bss           0x0000000002014dbc        0x8 /home/halcyon/Desktop/src/mobile/devkit/devkitPro/libnds/lib/libnds9.a(fifosystem.o)
                0x0000000002014dc0                processing
 .bss           0x0000000002014dc4        0x0 /home/halcyon/Desktop/src/mobile/devkit/devkitPro/libnds/lib/libnds9.a(interrupts.o)
 .bss           0x0000000002014dc4        0x0 /home/halcyon/Desktop/src/mobile/devkit/devkitPro/libnds/lib/libnds9.a(libnds_exit.o)
 .bss           0x0000000002014dc4        0x0 /home/halcyon/Desktop/src/mobile/devkit/devkitPro/libnds/lib/libnds9.a(dcache.o)
 .bss           0x0000000002014dc4        0x0 /home/halcyon/Desktop/src/mobile/devkit/devkitPro/libnds/lib/libnds9.a(mpu_setup.o)
 .bss           0x0000000002014dc4        0x0 /home/halcyon/Desktop/src/mobile/devkit/devkitPro/libnds/lib/libnds9.a(biosCalls.o)
 .bss           0x0000000002014dc4        0x0 /home/halcyon/Desktop/src/mobile/devkit/devkitPro/libnds/lib/libnds9.a(debugprint.o)
 .bss           0x0000000002014dc4        0x0 /home/halcyon/Desktop/src/mobile/devkit/devkitPro/libnds/lib/libnds9.a(interruptDispatcher.o)
 .bss           0x0000000002014dc4        0x0 /home/halcyon/Desktop/src/mobile/devkit/devkitPro/libnds/lib/libnds9.a(swiSoftReset.o)
 .bss           0x0000000002014dc4        0x0 /home/halcyon/Desktop/src/mobile/devkit/devkitPro/libnds/lib/libnds9.a(default_font.bin.o)
 .bss           0x0000000002014dc4        0x0 /home/halcyon/Desktop/src/mobile/devkit/devkitPro/libnds/lib/libnds9.a(background.o)
 .bss           0x0000000002014dc4        0x0 /home/halcyon/Desktop/src/mobile/devkit/devkitPro/libnds/lib/libnds9.a(system.o)
 .bss           0x0000000002014dc4        0x0 /home/halcyon/Desktop/src/mobile/devkit/devkitPro/libnds/lib/libnds9.a(trig.o)
 .bss           0x0000000002014dc4        0x0 /home/halcyon/Desktop/src/mobile/devkit/devkitPro/devkitARM/bin/../lib/gcc/arm-eabi/4.5.0/thumb/libgcc.a(_udivsi3.o)
 .bss           0x0000000002014dc4        0x0 /home/halcyon/Desktop/src/mobile/devkit/devkitPro/devkitARM/bin/../lib/gcc/arm-eabi/4.5.0/thumb/libgcc.a(_divsi3.o)
 .bss           0x0000000002014dc4        0x0 /home/halcyon/Desktop/src/mobile/devkit/devkitPro/devkitARM/bin/../lib/gcc/arm-eabi/4.5.0/thumb/libgcc.a(_dvmd_tls.o)
 .bss           0x0000000002014dc4        0x0 /home/halcyon/Desktop/src/mobile/devkit/devkitPro/devkitARM/bin/../lib/gcc/arm-eabi/4.5.0/../../../../arm-eabi/lib/thumb/libg.a(lib_a-bsearch.o)
 .bss           0x0000000002014dc4        0x0 /home/halcyon/Desktop/src/mobile/devkit/devkitPro/devkitARM/bin/../lib/gcc/arm-eabi/4.5.0/../../../../arm-eabi/lib/thumb/libg.a(lib_a-errno.o)
 .bss           0x0000000002014dc4        0x0 /home/halcyon/Desktop/src/mobile/devkit/devkitPro/devkitARM/bin/../lib/gcc/arm-eabi/4.5.0/../../../../arm-eabi/lib/thumb/libg.a(lib_a-impure.o)
 .bss           0x0000000002014dc4        0x0 /home/halcyon/Desktop/src/mobile/devkit/devkitPro/devkitARM/bin/../lib/gcc/arm-eabi/4.5.0/../../../../arm-eabi/lib/thumb/libg.a(lib_a-init.o)
 .bss           0x0000000002014dc4        0x0 /home/halcyon/Desktop/src/mobile/devkit/devkitPro/devkitARM/bin/../lib/gcc/arm-eabi/4.5.0/../../../../arm-eabi/lib/thumb/libg.a(lib_a-iprintf.o)
 .bss           0x0000000002014dc4        0x0 /home/halcyon/Desktop/src/mobile/devkit/devkitPro/devkitARM/bin/../lib/gcc/arm-eabi/4.5.0/../../../../arm-eabi/lib/thumb/libg.a(lib_a-malloc.o)
 .bss           0x0000000002014dc4       0x34 /home/halcyon/Desktop/src/mobile/devkit/devkitPro/devkitARM/bin/../lib/gcc/arm-eabi/4.5.0/../../../../arm-eabi/lib/thumb/libg.a(lib_a-mallocr.o)
                0x0000000002014dc4                __malloc_top_pad
                0x0000000002014dc8                __malloc_current_mallinfo
                0x0000000002014df0                __malloc_max_sbrked_mem
                0x0000000002014df4                __malloc_max_total_mem
 .bss           0x0000000002014df8        0x0 /home/halcyon/Desktop/src/mobile/devkit/devkitPro/devkitARM/bin/../lib/gcc/arm-eabi/4.5.0/../../../../arm-eabi/lib/thumb/libg.a(lib_a-memcpy.o)
 .bss           0x0000000002014df8        0x0 /home/halcyon/Desktop/src/mobile/devkit/devkitPro/devkitARM/bin/../lib/gcc/arm-eabi/4.5.0/../../../../arm-eabi/lib/thumb/libg.a(lib_a-memset.o)
 .bss           0x0000000002014df8        0x0 /home/halcyon/Desktop/src/mobile/devkit/devkitPro/devkitARM/bin/../lib/gcc/arm-eabi/4.5.0/../../../../arm-eabi/lib/thumb/libg.a(lib_a-mlock.o)
 .bss           0x0000000002014df8        0x0 /home/halcyon/Desktop/src/mobile/devkit/devkitPro/devkitARM/bin/../lib/gcc/arm-eabi/4.5.0/../../../../arm-eabi/lib/thumb/libg.a(lib_a-setvbuf.o)
 .bss           0x0000000002014df8        0x0 /home/halcyon/Desktop/src/mobile/devkit/devkitPro/devkitARM/bin/../lib/gcc/arm-eabi/4.5.0/../../../../arm-eabi/lib/thumb/libg.a(lib_a-siscanf.o)
 .bss           0x0000000002014df8        0x0 /home/halcyon/Desktop/src/mobile/devkit/devkitPro/devkitARM/bin/../lib/gcc/arm-eabi/4.5.0/../../../../arm-eabi/lib/thumb/libg.a(lib_a-stdio.o)
 .bss           0x0000000002014df8        0x0 /home/halcyon/Desktop/src/mobile/devkit/devkitPro/devkitARM/bin/../lib/gcc/arm-eabi/4.5.0/../../../../arm-eabi/lib/thumb/libg.a(lib_a-strlen.o)
 .bss           0x0000000002014df8        0x0 /home/halcyon/Desktop/src/mobile/devkit/devkitPro/devkitARM/bin/../lib/gcc/arm-eabi/4.5.0/../../../../arm-eabi/lib/thumb/libg.a(lib_a-strncpy.o)
 .bss           0x0000000002014df8        0x0 /home/halcyon/Desktop/src/mobile/devkit/devkitPro/devkitARM/bin/../lib/gcc/arm-eabi/4.5.0/../../../../arm-eabi/lib/thumb/libg.a(lib_a-svfiscanf.o)
 .bss           0x0000000002014df8        0x0 /home/halcyon/Desktop/src/mobile/devkit/devkitPro/devkitARM/bin/../lib/gcc/arm-eabi/4.5.0/../../../../arm-eabi/lib/thumb/libg.a(lib_a-ungetc.o)
 .bss           0x0000000002014df8        0x0 /home/halcyon/Desktop/src/mobile/devkit/devkitPro/devkitARM/bin/../lib/gcc/arm-eabi/4.5.0/../../../../arm-eabi/lib/thumb/libg.a(lib_a-vfiprintf.o)
 .bss           0x0000000002014df8        0x0 /home/halcyon/Desktop/src/mobile/devkit/devkitPro/devkitARM/bin/../lib/gcc/arm-eabi/4.5.0/../../../../arm-eabi/lib/thumb/libg.a(lib_a-wcrtomb.o)
 .bss           0x0000000002014df8        0x0 /home/halcyon/Desktop/src/mobile/devkit/devkitPro/devkitARM/bin/../lib/gcc/arm-eabi/4.5.0/../../../../arm-eabi/lib/thumb/libg.a(lib_a-wcsrtombs.o)
 .bss           0x0000000002014df8        0x0 /home/halcyon/Desktop/src/mobile/devkit/devkitPro/devkitARM/bin/../lib/gcc/arm-eabi/4.5.0/../../../../arm-eabi/lib/thumb/libg.a(lib_a-wctomb_r.o)
 .bss           0x0000000002014df8        0x0 /home/halcyon/Desktop/src/mobile/devkit/devkitPro/devkitARM/bin/../lib/gcc/arm-eabi/4.5.0/../../../../arm-eabi/lib/thumb/libg.a(lib_a-wsetup.o)
 .bss           0x0000000002014df8        0x0 /home/halcyon/Desktop/src/mobile/devkit/devkitPro/devkitARM/bin/../lib/gcc/arm-eabi/4.5.0/../../../../arm-eabi/lib/thumb/libg.a(lib_a-ctype_.o)
 .bss           0x0000000002014df8        0x0 /home/halcyon/Desktop/src/mobile/devkit/devkitPro/devkitARM/bin/../lib/gcc/arm-eabi/4.5.0/../../../../arm-eabi/lib/thumb/libg.a(lib_a-fflush.o)
 .bss           0x0000000002014df8        0x0 /home/halcyon/Desktop/src/mobile/devkit/devkitPro/devkitARM/bin/../lib/gcc/arm-eabi/4.5.0/../../../../arm-eabi/lib/thumb/libg.a(lib_a-findfp.o)
 .bss           0x0000000002014df8        0x0 /home/halcyon/Desktop/src/mobile/devkit/devkitPro/devkitARM/bin/../lib/gcc/arm-eabi/4.5.0/../../../../arm-eabi/lib/thumb/libg.a(lib_a-fputwc.o)
 .bss           0x0000000002014df8        0x0 /home/halcyon/Desktop/src/mobile/devkit/devkitPro/devkitARM/bin/../lib/gcc/arm-eabi/4.5.0/../../../../arm-eabi/lib/thumb/libg.a(lib_a-freer.o)
 .bss           0x0000000002014df8        0x0 /home/halcyon/Desktop/src/mobile/devkit/devkitPro/devkitARM/bin/../lib/gcc/arm-eabi/4.5.0/../../../../arm-eabi/lib/thumb/libg.a(lib_a-fvwrite.o)
 .bss           0x0000000002014df8        0x0 /home/halcyon/Desktop/src/mobile/devkit/devkitPro/devkitARM/bin/../lib/gcc/arm-eabi/4.5.0/../../../../arm-eabi/lib/thumb/libg.a(lib_a-fwalk.o)
 .bss           0x0000000002014df8        0x0 /home/halcyon/Desktop/src/mobile/devkit/devkitPro/devkitARM/bin/../lib/gcc/arm-eabi/4.5.0/../../../../arm-eabi/lib/thumb/libg.a(lib_a-iswspace.o)
 .bss           0x0000000002014df8        0x0 /home/halcyon/Desktop/src/mobile/devkit/devkitPro/devkitARM/bin/../lib/gcc/arm-eabi/4.5.0/../../../../arm-eabi/lib/thumb/libg.a(lib_a-jp2uc.o)
 .bss           0x0000000002014df8      0x2b8 /home/halcyon/Desktop/src/mobile/devkit/devkitPro/devkitARM/bin/../lib/gcc/arm-eabi/4.5.0/../../../../arm-eabi/lib/thumb/libg.a(lib_a-locale.o)
                0x00000000020150a4                __nlocale_changed
                0x00000000020150a8                __mlocale_changed
                0x00000000020150ac                _PathLocale
 .bss           0x00000000020150b0        0x0 /home/halcyon/Desktop/src/mobile/devkit/devkitPro/devkitARM/bin/../lib/gcc/arm-eabi/4.5.0/../../../../arm-eabi/lib/thumb/libg.a(lib_a-makebuf.o)
 .bss           0x00000000020150b0        0x0 /home/halcyon/Desktop/src/mobile/devkit/devkitPro/devkitARM/bin/../lib/gcc/arm-eabi/4.5.0/../../../../arm-eabi/lib/thumb/libg.a(lib_a-mbrtowc.o)
 .bss           0x00000000020150b0        0x0 /home/halcyon/Desktop/src/mobile/devkit/devkitPro/devkitARM/bin/../lib/gcc/arm-eabi/4.5.0/../../../../arm-eabi/lib/thumb/libg.a(lib_a-mbtowc_r.o)
 .bss           0x00000000020150b0        0x0 /home/halcyon/Desktop/src/mobile/devkit/devkitPro/devkitARM/bin/../lib/gcc/arm-eabi/4.5.0/../../../../arm-eabi/lib/thumb/libg.a(lib_a-memchr.o)
 .bss           0x00000000020150b0        0x0 /home/halcyon/Desktop/src/mobile/devkit/devkitPro/devkitARM/bin/../lib/gcc/arm-eabi/4.5.0/../../../../arm-eabi/lib/thumb/libg.a(lib_a-memmove.o)
 .bss           0x00000000020150b0        0x0 /home/halcyon/Desktop/src/mobile/devkit/devkitPro/devkitARM/bin/../lib/gcc/arm-eabi/4.5.0/../../../../arm-eabi/lib/thumb/libg.a(lib_a-reallocr.o)
 .bss           0x00000000020150b0        0x0 /home/halcyon/Desktop/src/mobile/devkit/devkitPro/devkitARM/bin/../lib/gcc/arm-eabi/4.5.0/../../../../arm-eabi/lib/thumb/libg.a(lib_a-sccl.o)
 .bss           0x00000000020150b0        0x0 /home/halcyon/Desktop/src/mobile/devkit/devkitPro/devkitARM/bin/../lib/gcc/arm-eabi/4.5.0/../../../../arm-eabi/lib/thumb/libg.a(lib_a-strcasecmp.o)
 .bss           0x00000000020150b0        0x0 /home/halcyon/Desktop/src/mobile/devkit/devkitPro/devkitARM/bin/../lib/gcc/arm-eabi/4.5.0/../../../../arm-eabi/lib/thumb/libg.a(lib_a-strcat.o)
 .bss           0x00000000020150b0        0x0 /home/halcyon/Desktop/src/mobile/devkit/devkitPro/devkitARM/bin/../lib/gcc/arm-eabi/4.5.0/../../../../arm-eabi/lib/thumb/libg.a(lib_a-strchr.o)
 .bss           0x00000000020150b0        0x0 /home/halcyon/Desktop/src/mobile/devkit/devkitPro/devkitARM/bin/../lib/gcc/arm-eabi/4.5.0/../../../../arm-eabi/lib/thumb/libg.a(lib_a-strcmp.o)
 .bss           0x00000000020150b0        0x0 /home/halcyon/Desktop/src/mobile/devkit/devkitPro/devkitARM/bin/../lib/gcc/arm-eabi/4.5.0/../../../../arm-eabi/lib/thumb/libg.a(lib_a-strcpy.o)
 .bss           0x00000000020150b0        0x0 /home/halcyon/Desktop/src/mobile/devkit/devkitPro/devkitARM/bin/../lib/gcc/arm-eabi/4.5.0/../../../../arm-eabi/lib/thumb/libg.a(lib_a-strlcpy.o)
 .bss           0x00000000020150b0        0x0 /home/halcyon/Desktop/src/mobile/devkit/devkitPro/devkitARM/bin/../lib/gcc/arm-eabi/4.5.0/../../../../arm-eabi/lib/thumb/libg.a(lib_a-strncasecmp.o)
 .bss           0x00000000020150b0        0x0 /home/halcyon/Desktop/src/mobile/devkit/devkitPro/devkitARM/bin/../lib/gcc/arm-eabi/4.5.0/../../../../arm-eabi/lib/thumb/libg.a(lib_a-strncmp.o)
 .bss           0x00000000020150b0        0x0 /home/halcyon/Desktop/src/mobile/devkit/devkitPro/devkitARM/bin/../lib/gcc/arm-eabi/4.5.0/../../../../arm-eabi/lib/thumb/libg.a(lib_a-strtol.o)
 .bss           0x00000000020150b0        0x0 /home/halcyon/Desktop/src/mobile/devkit/devkitPro/devkitARM/bin/../lib/gcc/arm-eabi/4.5.0/../../../../arm-eabi/lib/thumb/libg.a(lib_a-strtoul.o)
 .bss           0x00000000020150b0        0x0 /home/halcyon/Desktop/src/mobile/devkit/devkitPro/devkitARM/bin/../lib/gcc/arm-eabi/4.5.0/../../../../arm-eabi/lib/thumb/libg.a(lib_a-wbuf.o)
 .bss           0x00000000020150b0        0x0 /home/halcyon/Desktop/src/mobile/devkit/devkitPro/devkitARM/bin/../lib/gcc/arm-eabi/4.5.0/../../../../arm-eabi/lib/thumb/libg.a(lib_a-wcsnrtombs.o)
 .bss           0x00000000020150b0        0x0 /home/halcyon/Desktop/src/mobile/devkit/devkitPro/devkitARM/bin/../lib/gcc/arm-eabi/4.5.0/../../../../arm-eabi/lib/thumb/libg.a(lib_a-fclose.o)
 .bss           0x00000000020150b0        0x0 /home/halcyon/Desktop/src/mobile/devkit/devkitPro/devkitARM/bin/../lib/gcc/arm-eabi/4.5.0/../../../../arm-eabi/lib/thumb/libg.a(lib_a-getenv_r.o)
 .bss           0x00000000020150b0        0x4 /home/halcyon/Desktop/src/mobile/devkit/devkitPro/devkitARM/bin/../lib/gcc/arm-eabi/4.5.0/../../../../arm-eabi/lib/thumb/libg.a(lib_a-environ.o)
 .bss           0x00000000020150b4        0x0 /home/halcyon/Desktop/src/mobile/devkit/devkitPro/devkitARM/bin/../lib/gcc/arm-eabi/4.5.0/../../../../arm-eabi/lib/thumb/libg.a(lib_a-envlock.o)
 .bss           0x00000000020150b4        0x0 /home/halcyon/Desktop/src/mobile/devkit/devkitPro/devkitARM/bin/../lib/gcc/arm-eabi/4.5.0/../../../../arm-eabi/lib/thumb/libsysbase.a(iosupport.o)
 .bss           0x00000000020150b4        0x0 /home/halcyon/Desktop/src/mobile/devkit/devkitPro/devkitARM/bin/../lib/gcc/arm-eabi/4.5.0/../../../../arm-eabi/lib/thumb/libsysbase.a(close.o)
 .bss           0x00000000020150b4        0x0 /home/halcyon/Desktop/src/mobile/devkit/devkitPro/devkitARM/bin/../lib/gcc/arm-eabi/4.5.0/../../../../arm-eabi/lib/thumb/libsysbase.a(fstat.o)
 .bss           0x00000000020150b4        0x0 /home/halcyon/Desktop/src/mobile/devkit/devkitPro/devkitARM/bin/../lib/gcc/arm-eabi/4.5.0/../../../../arm-eabi/lib/thumb/libsysbase.a(isatty.o)
 .bss           0x00000000020150b4        0x0 /home/halcyon/Desktop/src/mobile/devkit/devkitPro/devkitARM/bin/../lib/gcc/arm-eabi/4.5.0/../../../../arm-eabi/lib/thumb/libsysbase.a(lseek.o)
 .bss           0x00000000020150b4        0x0 /home/halcyon/Desktop/src/mobile/devkit/devkitPro/devkitARM/bin/../lib/gcc/arm-eabi/4.5.0/../../../../arm-eabi/lib/thumb/libsysbase.a(read.o)
 .bss           0x00000000020150b4        0x4 /home/halcyon/Desktop/src/mobile/devkit/devkitPro/devkitARM/bin/../lib/gcc/arm-eabi/4.5.0/../../../../arm-eabi/lib/thumb/libsysbase.a(sbrk.o)
 .bss           0x00000000020150b8        0x0 /home/halcyon/Desktop/src/mobile/devkit/devkitPro/devkitARM/bin/../lib/gcc/arm-eabi/4.5.0/../../../../arm-eabi/lib/thumb/libsysbase.a(times.o)
 .bss           0x00000000020150b8        0x0 /home/halcyon/Desktop/src/mobile/devkit/devkitPro/devkitARM/bin/../lib/gcc/arm-eabi/4.5.0/../../../../arm-eabi/lib/thumb/libsysbase.a(write.o)
 .bss           0x00000000020150b8        0x8 /home/halcyon/Desktop/src/mobile/devkit/devkitPro/devkitARM/bin/../lib/gcc/arm-eabi/4.5.0/../../../../arm-eabi/lib/thumb/libsysbase.a(malloc_vars.o)
                0x00000000020150b8                fake_heap_end
                0x00000000020150bc                fake_heap_start
 .bss           0x00000000020150c0        0x0 /home/halcyon/Desktop/src/mobile/devkit/devkitPro/devkitARM/bin/../lib/gcc/arm-eabi/4.5.0/../../../../arm-eabi/lib/thumb/libsysbase.a(build_argv.o)